Archive member included to satisfy reference by file (symbol)

/home/opt/arm-toolchains/gcc-arm-none-eabi-7-2018-q2-update/bin/../lib/gcc/arm-none-eabi/7.3.1/../../../../arm-none-eabi/lib/thumb/v6-m/libstdc++_nano.a(del_op.o)
                              ./lbutils/FrameBuffer.o (symbol from plugin) (operator delete(void*))
/home/opt/arm-toolchains/gcc-arm-none-eabi-7-2018-q2-update/bin/../lib/gcc/arm-none-eabi/7.3.1/../../../../arm-none-eabi/lib/thumb/v6-m/libg_nano.a(lib_a-errno.o)
                              ./system/src/newlib/_sbrk.o (symbol from plugin) (__errno)
/home/opt/arm-toolchains/gcc-arm-none-eabi-7-2018-q2-update/bin/../lib/gcc/arm-none-eabi/7.3.1/../../../../arm-none-eabi/lib/thumb/v6-m/libg_nano.a(lib_a-impure.o)
                              /home/opt/arm-toolchains/gcc-arm-none-eabi-7-2018-q2-update/bin/../lib/gcc/arm-none-eabi/7.3.1/../../../../arm-none-eabi/lib/thumb/v6-m/libg_nano.a(lib_a-errno.o) (_impure_ptr)
/home/opt/arm-toolchains/gcc-arm-none-eabi-7-2018-q2-update/bin/../lib/gcc/arm-none-eabi/7.3.1/../../../../arm-none-eabi/lib/thumb/v6-m/libg_nano.a(lib_a-malloc.o)
                              /home/opt/arm-toolchains/gcc-arm-none-eabi-7-2018-q2-update/bin/../lib/gcc/arm-none-eabi/7.3.1/../../../../arm-none-eabi/lib/thumb/v6-m/libstdc++_nano.a(del_op.o) (free)
/home/opt/arm-toolchains/gcc-arm-none-eabi-7-2018-q2-update/bin/../lib/gcc/arm-none-eabi/7.3.1/../../../../arm-none-eabi/lib/thumb/v6-m/libg_nano.a(lib_a-nano-freer.o)
                              /home/opt/arm-toolchains/gcc-arm-none-eabi-7-2018-q2-update/bin/../lib/gcc/arm-none-eabi/7.3.1/../../../../arm-none-eabi/lib/thumb/v6-m/libg_nano.a(lib_a-malloc.o) (_free_r)
/home/opt/arm-toolchains/gcc-arm-none-eabi-7-2018-q2-update/bin/../lib/gcc/arm-none-eabi/7.3.1/../../../../arm-none-eabi/lib/thumb/v6-m/libg_nano.a(lib_a-nano-mallocr.o)
                              /home/opt/arm-toolchains/gcc-arm-none-eabi-7-2018-q2-update/bin/../lib/gcc/arm-none-eabi/7.3.1/../../../../arm-none-eabi/lib/thumb/v6-m/libg_nano.a(lib_a-malloc.o) (_malloc_r)
/home/opt/arm-toolchains/gcc-arm-none-eabi-7-2018-q2-update/bin/../lib/gcc/arm-none-eabi/7.3.1/../../../../arm-none-eabi/lib/thumb/v6-m/libg_nano.a(lib_a-sbrkr.o)
                              /home/opt/arm-toolchains/gcc-arm-none-eabi-7-2018-q2-update/bin/../lib/gcc/arm-none-eabi/7.3.1/../../../../arm-none-eabi/lib/thumb/v6-m/libg_nano.a(lib_a-nano-mallocr.o) (_sbrk_r)
/home/opt/arm-toolchains/gcc-arm-none-eabi-7-2018-q2-update/bin/../lib/gcc/arm-none-eabi/7.3.1/../../../../arm-none-eabi/lib/thumb/v6-m/libg_nano.a(lib_a-mlock.o)
                              /home/opt/arm-toolchains/gcc-arm-none-eabi-7-2018-q2-update/bin/../lib/gcc/arm-none-eabi/7.3.1/../../../../arm-none-eabi/lib/thumb/v6-m/libg_nano.a(lib_a-nano-freer.o) (__malloc_lock)
/home/opt/arm-toolchains/gcc-arm-none-eabi-7-2018-q2-update/bin/../lib/gcc/arm-none-eabi/7.3.1/thumb/v6-m/libgcc.a(_udivsi3.o)
                              /tmp/cchcheV2.ltrans0.ltrans.o (__aeabi_uidiv)
/home/opt/arm-toolchains/gcc-arm-none-eabi-7-2018-q2-update/bin/../lib/gcc/arm-none-eabi/7.3.1/thumb/v6-m/libgcc.a(_divsi3.o)
                              /tmp/cchcheV2.ltrans0.ltrans.o (__aeabi_idiv)
/home/opt/arm-toolchains/gcc-arm-none-eabi-7-2018-q2-update/bin/../lib/gcc/arm-none-eabi/7.3.1/thumb/v6-m/libgcc.a(_dvmd_tls.o)
                              /home/opt/arm-toolchains/gcc-arm-none-eabi-7-2018-q2-update/bin/../lib/gcc/arm-none-eabi/7.3.1/thumb/v6-m/libgcc.a(_udivsi3.o) (__aeabi_idiv0)

Allocating common symbols
Common symbol       size              file

errno               0x4               /tmp/cchcheV2.ltrans0.ltrans.o

Discarded input sections

 .text          0x0000000000000000        0x0 /tmp/cchcheV2.ltrans0.ltrans.o
 .data          0x0000000000000000        0x0 /tmp/cchcheV2.ltrans0.ltrans.o
 .bss           0x0000000000000000        0x0 /tmp/cchcheV2.ltrans0.ltrans.o
 .text._ZN9__gnu_cxx27__verbose_terminate_handlerEv
                0x0000000000000000       0x14 /tmp/cchcheV2.ltrans0.ltrans.o
 .text.__cxa_pure_virtual
                0x0000000000000000       0x14 /tmp/cchcheV2.ltrans0.ltrans.o
 .rodata._ZZN9__gnu_cxx27__verbose_terminate_handlerEvE8__func__
                0x0000000000000000       0x1c /tmp/cchcheV2.ltrans0.ltrans.o
 .rodata._ZZ18__cxa_pure_virtualE8__func__
                0x0000000000000000       0x13 /tmp/cchcheV2.ltrans0.ltrans.o
 .rodata.abort.str1.4
                0x0000000000000000       0x14 /tmp/cchcheV2.ltrans0.ltrans.o
 .text.abort    0x0000000000000000       0x14 /tmp/cchcheV2.ltrans0.ltrans.o
 .bss.current_heap_end.3961
                0x0000000000000000        0x4 /tmp/cchcheV2.ltrans0.ltrans.o
 .text._sbrk    0x0000000000000000       0x68 /tmp/cchcheV2.ltrans0.ltrans.o
 .bss.__dso_handle
                0x0000000000000000        0x4 /tmp/cchcheV2.ltrans0.ltrans.o
 .text.raise    0x0000000000000000       0x1e /tmp/cchcheV2.ltrans0.ltrans.o
 .text.kill     0x0000000000000000       0x20 /tmp/cchcheV2.ltrans0.ltrans.o
 .rodata.__assert_func.str1.4
                0x0000000000000000       0x43 /tmp/cchcheV2.ltrans0.ltrans.o
 .text.__assert_func
                0x0000000000000000       0x1c /tmp/cchcheV2.ltrans0.ltrans.o
 .rodata.assert_failed.str1.4
                0x0000000000000000       0x2b /tmp/cchcheV2.ltrans0.ltrans.o
 .text.assert_failed
                0x0000000000000000       0x18 /tmp/cchcheV2.ltrans0.ltrans.o
 .text.NVIC_SystemReset
                0x0000000000000000       0x20 /tmp/cchcheV2.ltrans0.ltrans.o
 .text.__reset_hardware
                0x0000000000000000        0x8 /tmp/cchcheV2.ltrans0.ltrans.o
 .text.AsciiBcdToValue
                0x0000000000000000       0x70 /tmp/cchcheV2.ltrans0.ltrans.o
 .text.AsciiBcd2toByte
                0x0000000000000000       0x70 /tmp/cchcheV2.ltrans0.ltrans.o
 .text._ZN4Fifo7isEmptyEv
                0x0000000000000000       0x20 /tmp/cchcheV2.ltrans0.ltrans.o
 .text._ZN4Fifo10isNotEmptyEv
                0x0000000000000000       0x22 /tmp/cchcheV2.ltrans0.ltrans.o
 .text._ZN4FifoC2EPhm
                0x0000000000000000       0x2e /tmp/cchcheV2.ltrans0.ltrans.o
 .text._ZN4Fifo3putEh
                0x0000000000000000       0x6e /tmp/cchcheV2.ltrans0.ltrans.o
 .text._ZN4Fifo3getEv
                0x0000000000000000       0x5a /tmp/cchcheV2.ltrans0.ltrans.o
 .text._ZN4Fifo18getByteAs2HexAsciiEv
                0x0000000000000000       0x6c /tmp/cchcheV2.ltrans0.ltrans.o
 .text._ZN4Fifo20get2BytesAs4HexAsciiEv
                0x0000000000000000       0x60 /tmp/cchcheV2.ltrans0.ltrans.o
 .text._ZN4Fifo9getUInt16Ev
                0x0000000000000000       0x64 /tmp/cchcheV2.ltrans0.ltrans.o
 .text._ZN4Fifo9getUInt32EPb
                0x0000000000000000       0x5c /tmp/cchcheV2.ltrans0.ltrans.o
 .text._ZN4Fifo18putByteAs2AsciiBCDEh
                0x0000000000000000       0xce /tmp/cchcheV2.ltrans0.ltrans.o
 .text._ZN4Fifo20put2BytesAs4AsciiBCDEt
                0x0000000000000000       0x3a /tmp/cchcheV2.ltrans0.ltrans.o
 .text._ZN4Fifo6putAllEPS_
                0x0000000000000000       0x64 /tmp/cchcheV2.ltrans0.ltrans.o
 .text._ZN4Fifo9putStringEPKc
                0x0000000000000000       0x58 /tmp/cchcheV2.ltrans0.ltrans.o
 .text._ZN4Fifo9putStringEPKcm
                0x0000000000000000       0x70 /tmp/cchcheV2.ltrans0.ltrans.o
 .text._ZN4Fifo9putUint16Et
                0x0000000000000000       0x5e /tmp/cchcheV2.ltrans0.ltrans.o
 .text._ZN4Fifo9putUint32Em
                0x0000000000000000       0x56 /tmp/cchcheV2.ltrans0.ltrans.o
 .text._ZN4Fifo9get_countEv
                0x0000000000000000       0x38 /tmp/cchcheV2.ltrans0.ltrans.o
 .text._ZN4Fifo6isFullEv
                0x0000000000000000       0x4c /tmp/cchcheV2.ltrans0.ltrans.o
 .text._ZN4Fifo5cloneEPS_
                0x0000000000000000       0x7e /tmp/cchcheV2.ltrans0.ltrans.o
 .text._ZN11FrameBufferD2Ev
                0x0000000000000000       0x1c /tmp/cchcheV2.ltrans0.ltrans.o
 .text._ZN11FrameBufferD0Ev
                0x0000000000000000       0x22 /tmp/cchcheV2.ltrans0.ltrans.o
 .rodata._ZTV11FrameBuffer
                0x0000000000000000       0x10 /tmp/cchcheV2.ltrans0.ltrans.o
 .text._ZN9QuickTaskC2ENS_6QTTypeEPFvvEm
                0x0000000000000000       0x94 /tmp/cchcheV2.ltrans0.ltrans.o
 .text.my_itoa  0x0000000000000000      0x14e /tmp/cchcheV2.ltrans0.ltrans.o
 .text.my_htoa  0x0000000000000000       0x82 /tmp/cchcheV2.ltrans0.ltrans.o
 .text.my_btoa  0x0000000000000000       0x5e /tmp/cchcheV2.ltrans0.ltrans.o
 .text.itoaWithPattern
                0x0000000000000000       0xd2 /tmp/cchcheV2.ltrans0.ltrans.o
 .text.power10  0x0000000000000000       0x38 /tmp/cchcheV2.ltrans0.ltrans.o
 .text.my_strcpy
                0x0000000000000000       0x5c /tmp/cchcheV2.ltrans0.ltrans.o
 .text.numberWithPattern
                0x0000000000000000       0x2e /tmp/cchcheV2.ltrans0.ltrans.o
 COMMON         0x0000000000000000        0x4 /tmp/cchcheV2.ltrans0.ltrans.o
 .text          0x0000000000000000        0x0 /home/opt/arm-toolchains/gcc-arm-none-eabi-7-2018-q2-update/bin/../lib/gcc/arm-none-eabi/7.3.1/../../../../arm-none-eabi/lib/thumb/v6-m/libstdc++_nano.a(del_op.o)
 .data          0x0000000000000000        0x0 /home/opt/arm-toolchains/gcc-arm-none-eabi-7-2018-q2-update/bin/../lib/gcc/arm-none-eabi/7.3.1/../../../../arm-none-eabi/lib/thumb/v6-m/libstdc++_nano.a(del_op.o)
 .bss           0x0000000000000000        0x0 /home/opt/arm-toolchains/gcc-arm-none-eabi-7-2018-q2-update/bin/../lib/gcc/arm-none-eabi/7.3.1/../../../../arm-none-eabi/lib/thumb/v6-m/libstdc++_nano.a(del_op.o)
 .text._ZdlPv   0x0000000000000000        0x8 /home/opt/arm-toolchains/gcc-arm-none-eabi-7-2018-q2-update/bin/../lib/gcc/arm-none-eabi/7.3.1/../../../../arm-none-eabi/lib/thumb/v6-m/libstdc++_nano.a(del_op.o)
 .debug_frame   0x0000000000000000       0x28 /home/opt/arm-toolchains/gcc-arm-none-eabi-7-2018-q2-update/bin/../lib/gcc/arm-none-eabi/7.3.1/../../../../arm-none-eabi/lib/thumb/v6-m/libstdc++_nano.a(del_op.o)
 .ARM.attributes
                0x0000000000000000       0x2c /home/opt/arm-toolchains/gcc-arm-none-eabi-7-2018-q2-update/bin/../lib/gcc/arm-none-eabi/7.3.1/../../../../arm-none-eabi/lib/thumb/v6-m/libstdc++_nano.a(del_op.o)
 .text          0x0000000000000000        0x0 /home/opt/arm-toolchains/gcc-arm-none-eabi-7-2018-q2-update/bin/../lib/gcc/arm-none-eabi/7.3.1/../../../../arm-none-eabi/lib/thumb/v6-m/libg_nano.a(lib_a-errno.o)
 .data          0x0000000000000000        0x0 /home/opt/arm-toolchains/gcc-arm-none-eabi-7-2018-q2-update/bin/../lib/gcc/arm-none-eabi/7.3.1/../../../../arm-none-eabi/lib/thumb/v6-m/libg_nano.a(lib_a-errno.o)
 .bss           0x0000000000000000        0x0 /home/opt/arm-toolchains/gcc-arm-none-eabi-7-2018-q2-update/bin/../lib/gcc/arm-none-eabi/7.3.1/../../../../arm-none-eabi/lib/thumb/v6-m/libg_nano.a(lib_a-errno.o)
 .text.__errno  0x0000000000000000        0xc /home/opt/arm-toolchains/gcc-arm-none-eabi-7-2018-q2-update/bin/../lib/gcc/arm-none-eabi/7.3.1/../../../../arm-none-eabi/lib/thumb/v6-m/libg_nano.a(lib_a-errno.o)
 .debug_frame   0x0000000000000000       0x20 /home/opt/arm-toolchains/gcc-arm-none-eabi-7-2018-q2-update/bin/../lib/gcc/arm-none-eabi/7.3.1/../../../../arm-none-eabi/lib/thumb/v6-m/libg_nano.a(lib_a-errno.o)
 .ARM.attributes
                0x0000000000000000       0x2c /home/opt/arm-toolchains/gcc-arm-none-eabi-7-2018-q2-update/bin/../lib/gcc/arm-none-eabi/7.3.1/../../../../arm-none-eabi/lib/thumb/v6-m/libg_nano.a(lib_a-errno.o)
 .text          0x0000000000000000        0x0 /home/opt/arm-toolchains/gcc-arm-none-eabi-7-2018-q2-update/bin/../lib/gcc/arm-none-eabi/7.3.1/../../../../arm-none-eabi/lib/thumb/v6-m/libg_nano.a(lib_a-impure.o)
 .data          0x0000000000000000        0x0 /home/opt/arm-toolchains/gcc-arm-none-eabi-7-2018-q2-update/bin/../lib/gcc/arm-none-eabi/7.3.1/../../../../arm-none-eabi/lib/thumb/v6-m/libg_nano.a(lib_a-impure.o)
 .bss           0x0000000000000000        0x0 /home/opt/arm-toolchains/gcc-arm-none-eabi-7-2018-q2-update/bin/../lib/gcc/arm-none-eabi/7.3.1/../../../../arm-none-eabi/lib/thumb/v6-m/libg_nano.a(lib_a-impure.o)
 .data._impure_ptr
                0x0000000000000000        0x4 /home/opt/arm-toolchains/gcc-arm-none-eabi-7-2018-q2-update/bin/../lib/gcc/arm-none-eabi/7.3.1/../../../../arm-none-eabi/lib/thumb/v6-m/libg_nano.a(lib_a-impure.o)
 .data.impure_data
                0x0000000000000000       0x60 /home/opt/arm-toolchains/gcc-arm-none-eabi-7-2018-q2-update/bin/../lib/gcc/arm-none-eabi/7.3.1/../../../../arm-none-eabi/lib/thumb/v6-m/libg_nano.a(lib_a-impure.o)
 .rodata._global_impure_ptr
                0x0000000000000000        0x4 /home/opt/arm-toolchains/gcc-arm-none-eabi-7-2018-q2-update/bin/../lib/gcc/arm-none-eabi/7.3.1/../../../../arm-none-eabi/lib/thumb/v6-m/libg_nano.a(lib_a-impure.o)
 .ARM.attributes
                0x0000000000000000       0x2c /home/opt/arm-toolchains/gcc-arm-none-eabi-7-2018-q2-update/bin/../lib/gcc/arm-none-eabi/7.3.1/../../../../arm-none-eabi/lib/thumb/v6-m/libg_nano.a(lib_a-impure.o)
 .text          0x0000000000000000        0x0 /home/opt/arm-toolchains/gcc-arm-none-eabi-7-2018-q2-update/bin/../lib/gcc/arm-none-eabi/7.3.1/../../../../arm-none-eabi/lib/thumb/v6-m/libg_nano.a(lib_a-malloc.o)
 .data          0x0000000000000000        0x0 /home/opt/arm-toolchains/gcc-arm-none-eabi-7-2018-q2-update/bin/../lib/gcc/arm-none-eabi/7.3.1/../../../../arm-none-eabi/lib/thumb/v6-m/libg_nano.a(lib_a-malloc.o)
 .bss           0x0000000000000000        0x0 /home/opt/arm-toolchains/gcc-arm-none-eabi-7-2018-q2-update/bin/../lib/gcc/arm-none-eabi/7.3.1/../../../../arm-none-eabi/lib/thumb/v6-m/libg_nano.a(lib_a-malloc.o)
 .text.malloc   0x0000000000000000       0x14 /home/opt/arm-toolchains/gcc-arm-none-eabi-7-2018-q2-update/bin/../lib/gcc/arm-none-eabi/7.3.1/../../../../arm-none-eabi/lib/thumb/v6-m/libg_nano.a(lib_a-malloc.o)
 .text.free     0x0000000000000000       0x14 /home/opt/arm-toolchains/gcc-arm-none-eabi-7-2018-q2-update/bin/../lib/gcc/arm-none-eabi/7.3.1/../../../../arm-none-eabi/lib/thumb/v6-m/libg_nano.a(lib_a-malloc.o)
 .debug_frame   0x0000000000000000       0x40 /home/opt/arm-toolchains/gcc-arm-none-eabi-7-2018-q2-update/bin/../lib/gcc/arm-none-eabi/7.3.1/../../../../arm-none-eabi/lib/thumb/v6-m/libg_nano.a(lib_a-malloc.o)
 .ARM.attributes
                0x0000000000000000       0x2c /home/opt/arm-toolchains/gcc-arm-none-eabi-7-2018-q2-update/bin/../lib/gcc/arm-none-eabi/7.3.1/../../../../arm-none-eabi/lib/thumb/v6-m/libg_nano.a(lib_a-malloc.o)
 .text          0x0000000000000000        0x0 /home/opt/arm-toolchains/gcc-arm-none-eabi-7-2018-q2-update/bin/../lib/gcc/arm-none-eabi/7.3.1/../../../../arm-none-eabi/lib/thumb/v6-m/libg_nano.a(lib_a-nano-freer.o)
 .data          0x0000000000000000        0x0 /home/opt/arm-toolchains/gcc-arm-none-eabi-7-2018-q2-update/bin/../lib/gcc/arm-none-eabi/7.3.1/../../../../arm-none-eabi/lib/thumb/v6-m/libg_nano.a(lib_a-nano-freer.o)
 .bss           0x0000000000000000        0x0 /home/opt/arm-toolchains/gcc-arm-none-eabi-7-2018-q2-update/bin/../lib/gcc/arm-none-eabi/7.3.1/../../../../arm-none-eabi/lib/thumb/v6-m/libg_nano.a(lib_a-nano-freer.o)
 .text._free_r  0x0000000000000000       0x94 /home/opt/arm-toolchains/gcc-arm-none-eabi-7-2018-q2-update/bin/../lib/gcc/arm-none-eabi/7.3.1/../../../../arm-none-eabi/lib/thumb/v6-m/libg_nano.a(lib_a-nano-freer.o)
 .debug_frame   0x0000000000000000       0x2c /home/opt/arm-toolchains/gcc-arm-none-eabi-7-2018-q2-update/bin/../lib/gcc/arm-none-eabi/7.3.1/../../../../arm-none-eabi/lib/thumb/v6-m/libg_nano.a(lib_a-nano-freer.o)
 .ARM.attributes
                0x0000000000000000       0x2c /home/opt/arm-toolchains/gcc-arm-none-eabi-7-2018-q2-update/bin/../lib/gcc/arm-none-eabi/7.3.1/../../../../arm-none-eabi/lib/thumb/v6-m/libg_nano.a(lib_a-nano-freer.o)
 .text          0x0000000000000000        0x0 /home/opt/arm-toolchains/gcc-arm-none-eabi-7-2018-q2-update/bin/../lib/gcc/arm-none-eabi/7.3.1/../../../../arm-none-eabi/lib/thumb/v6-m/libg_nano.a(lib_a-nano-mallocr.o)
 .data          0x0000000000000000        0x0 /home/opt/arm-toolchains/gcc-arm-none-eabi-7-2018-q2-update/bin/../lib/gcc/arm-none-eabi/7.3.1/../../../../arm-none-eabi/lib/thumb/v6-m/libg_nano.a(lib_a-nano-mallocr.o)
 .bss           0x0000000000000000        0x0 /home/opt/arm-toolchains/gcc-arm-none-eabi-7-2018-q2-update/bin/../lib/gcc/arm-none-eabi/7.3.1/../../../../arm-none-eabi/lib/thumb/v6-m/libg_nano.a(lib_a-nano-mallocr.o)
 .text._malloc_r
                0x0000000000000000       0xbc /home/opt/arm-toolchains/gcc-arm-none-eabi-7-2018-q2-update/bin/../lib/gcc/arm-none-eabi/7.3.1/../../../../arm-none-eabi/lib/thumb/v6-m/libg_nano.a(lib_a-nano-mallocr.o)
 .bss.__malloc_free_list
                0x0000000000000000        0x4 /home/opt/arm-toolchains/gcc-arm-none-eabi-7-2018-q2-update/bin/../lib/gcc/arm-none-eabi/7.3.1/../../../../arm-none-eabi/lib/thumb/v6-m/libg_nano.a(lib_a-nano-mallocr.o)
 .bss.__malloc_sbrk_start
                0x0000000000000000        0x4 /home/opt/arm-toolchains/gcc-arm-none-eabi-7-2018-q2-update/bin/../lib/gcc/arm-none-eabi/7.3.1/../../../../arm-none-eabi/lib/thumb/v6-m/libg_nano.a(lib_a-nano-mallocr.o)
 .debug_frame   0x0000000000000000       0x2c /home/opt/arm-toolchains/gcc-arm-none-eabi-7-2018-q2-update/bin/../lib/gcc/arm-none-eabi/7.3.1/../../../../arm-none-eabi/lib/thumb/v6-m/libg_nano.a(lib_a-nano-mallocr.o)
 .ARM.attributes
                0x0000000000000000       0x2c /home/opt/arm-toolchains/gcc-arm-none-eabi-7-2018-q2-update/bin/../lib/gcc/arm-none-eabi/7.3.1/../../../../arm-none-eabi/lib/thumb/v6-m/libg_nano.a(lib_a-nano-mallocr.o)
 .text          0x0000000000000000        0x0 /home/opt/arm-toolchains/gcc-arm-none-eabi-7-2018-q2-update/bin/../lib/gcc/arm-none-eabi/7.3.1/../../../../arm-none-eabi/lib/thumb/v6-m/libg_nano.a(lib_a-sbrkr.o)
 .data          0x0000000000000000        0x0 /home/opt/arm-toolchains/gcc-arm-none-eabi-7-2018-q2-update/bin/../lib/gcc/arm-none-eabi/7.3.1/../../../../arm-none-eabi/lib/thumb/v6-m/libg_nano.a(lib_a-sbrkr.o)
 .bss           0x0000000000000000        0x0 /home/opt/arm-toolchains/gcc-arm-none-eabi-7-2018-q2-update/bin/../lib/gcc/arm-none-eabi/7.3.1/../../../../arm-none-eabi/lib/thumb/v6-m/libg_nano.a(lib_a-sbrkr.o)
 .text._sbrk_r  0x0000000000000000       0x24 /home/opt/arm-toolchains/gcc-arm-none-eabi-7-2018-q2-update/bin/../lib/gcc/arm-none-eabi/7.3.1/../../../../arm-none-eabi/lib/thumb/v6-m/libg_nano.a(lib_a-sbrkr.o)
 .debug_frame   0x0000000000000000       0x2c /home/opt/arm-toolchains/gcc-arm-none-eabi-7-2018-q2-update/bin/../lib/gcc/arm-none-eabi/7.3.1/../../../../arm-none-eabi/lib/thumb/v6-m/libg_nano.a(lib_a-sbrkr.o)
 .ARM.attributes
                0x0000000000000000       0x2c /home/opt/arm-toolchains/gcc-arm-none-eabi-7-2018-q2-update/bin/../lib/gcc/arm-none-eabi/7.3.1/../../../../arm-none-eabi/lib/thumb/v6-m/libg_nano.a(lib_a-sbrkr.o)
 .text          0x0000000000000000        0x0 /home/opt/arm-toolchains/gcc-arm-none-eabi-7-2018-q2-update/bin/../lib/gcc/arm-none-eabi/7.3.1/../../../../arm-none-eabi/lib/thumb/v6-m/libg_nano.a(lib_a-mlock.o)
 .data          0x0000000000000000        0x0 /home/opt/arm-toolchains/gcc-arm-none-eabi-7-2018-q2-update/bin/../lib/gcc/arm-none-eabi/7.3.1/../../../../arm-none-eabi/lib/thumb/v6-m/libg_nano.a(lib_a-mlock.o)
 .bss           0x0000000000000000        0x0 /home/opt/arm-toolchains/gcc-arm-none-eabi-7-2018-q2-update/bin/../lib/gcc/arm-none-eabi/7.3.1/../../../../arm-none-eabi/lib/thumb/v6-m/libg_nano.a(lib_a-mlock.o)
 .text.__malloc_lock
                0x0000000000000000        0x2 /home/opt/arm-toolchains/gcc-arm-none-eabi-7-2018-q2-update/bin/../lib/gcc/arm-none-eabi/7.3.1/../../../../arm-none-eabi/lib/thumb/v6-m/libg_nano.a(lib_a-mlock.o)
 .text.__malloc_unlock
                0x0000000000000000        0x2 /home/opt/arm-toolchains/gcc-arm-none-eabi-7-2018-q2-update/bin/../lib/gcc/arm-none-eabi/7.3.1/../../../../arm-none-eabi/lib/thumb/v6-m/libg_nano.a(lib_a-mlock.o)
 .debug_frame   0x0000000000000000       0x30 /home/opt/arm-toolchains/gcc-arm-none-eabi-7-2018-q2-update/bin/../lib/gcc/arm-none-eabi/7.3.1/../../../../arm-none-eabi/lib/thumb/v6-m/libg_nano.a(lib_a-mlock.o)
 .ARM.attributes
                0x0000000000000000       0x2c /home/opt/arm-toolchains/gcc-arm-none-eabi-7-2018-q2-update/bin/../lib/gcc/arm-none-eabi/7.3.1/../../../../arm-none-eabi/lib/thumb/v6-m/libg_nano.a(lib_a-mlock.o)
 .data          0x0000000000000000        0x0 /home/opt/arm-toolchains/gcc-arm-none-eabi-7-2018-q2-update/bin/../lib/gcc/arm-none-eabi/7.3.1/thumb/v6-m/libgcc.a(_udivsi3.o)
 .bss           0x0000000000000000        0x0 /home/opt/arm-toolchains/gcc-arm-none-eabi-7-2018-q2-update/bin/../lib/gcc/arm-none-eabi/7.3.1/thumb/v6-m/libgcc.a(_udivsi3.o)
 .text          0x0000000000000000      0x1d4 /home/opt/arm-toolchains/gcc-arm-none-eabi-7-2018-q2-update/bin/../lib/gcc/arm-none-eabi/7.3.1/thumb/v6-m/libgcc.a(_divsi3.o)
 .data          0x0000000000000000        0x0 /home/opt/arm-toolchains/gcc-arm-none-eabi-7-2018-q2-update/bin/../lib/gcc/arm-none-eabi/7.3.1/thumb/v6-m/libgcc.a(_divsi3.o)
 .bss           0x0000000000000000        0x0 /home/opt/arm-toolchains/gcc-arm-none-eabi-7-2018-q2-update/bin/../lib/gcc/arm-none-eabi/7.3.1/thumb/v6-m/libgcc.a(_divsi3.o)
 .debug_frame   0x0000000000000000       0x20 /home/opt/arm-toolchains/gcc-arm-none-eabi-7-2018-q2-update/bin/../lib/gcc/arm-none-eabi/7.3.1/thumb/v6-m/libgcc.a(_divsi3.o)
 .ARM.attributes
                0x0000000000000000       0x1e /home/opt/arm-toolchains/gcc-arm-none-eabi-7-2018-q2-update/bin/../lib/gcc/arm-none-eabi/7.3.1/thumb/v6-m/libgcc.a(_divsi3.o)
 .data          0x0000000000000000        0x0 /home/opt/arm-toolchains/gcc-arm-none-eabi-7-2018-q2-update/bin/../lib/gcc/arm-none-eabi/7.3.1/thumb/v6-m/libgcc.a(_dvmd_tls.o)
 .bss           0x0000000000000000        0x0 /home/opt/arm-toolchains/gcc-arm-none-eabi-7-2018-q2-update/bin/../lib/gcc/arm-none-eabi/7.3.1/thumb/v6-m/libgcc.a(_dvmd_tls.o)

Memory Configuration

Name             Origin             Length             Attributes
RAM              0x0000000020000000 0x0000000000002000 xrw
CCMRAM           0x0000000000000000 0x0000000000000000 xrw
FLASH            0x0000000008000000 0x0000000000008000 xr
FLASHB1          0x0000000000000000 0x0000000000000000 xr
EXTMEMB0         0x0000000000000000 0x0000000000000000 xr
EXTMEMB1         0x0000000000000000 0x0000000000000000 xr
EXTMEMB2         0x0000000000000000 0x0000000000000000 xr
EXTMEMB3         0x0000000000000000 0x0000000000000000 xr
MEMORY_ARRAY     0x0000000000000000 0x0000000000000000 xrw
*default*        0x0000000000000000 0xffffffffffffffff

Linker script and memory map

LOAD /tmp/cchcheV2.ltrans0.ltrans.o
LOAD /home/opt/arm-toolchains/gcc-arm-none-eabi-7-2018-q2-update/bin/../lib/gcc/arm-none-eabi/7.3.1/../../../../arm-none-eabi/lib/thumb/v6-m/libstdc++_nano.a
LOAD /home/opt/arm-toolchains/gcc-arm-none-eabi-7-2018-q2-update/bin/../lib/gcc/arm-none-eabi/7.3.1/../../../../arm-none-eabi/lib/thumb/v6-m/libm.a
START GROUP
LOAD /home/opt/arm-toolchains/gcc-arm-none-eabi-7-2018-q2-update/bin/../lib/gcc/arm-none-eabi/7.3.1/thumb/v6-m/libgcc.a
LOAD /home/opt/arm-toolchains/gcc-arm-none-eabi-7-2018-q2-update/bin/../lib/gcc/arm-none-eabi/7.3.1/../../../../arm-none-eabi/lib/thumb/v6-m/libg_nano.a
LOAD /home/opt/arm-toolchains/gcc-arm-none-eabi-7-2018-q2-update/bin/../lib/gcc/arm-none-eabi/7.3.1/../../../../arm-none-eabi/lib/thumb/v6-m/libc_nano.a
END GROUP
START GROUP
LOAD /home/opt/arm-toolchains/gcc-arm-none-eabi-7-2018-q2-update/bin/../lib/gcc/arm-none-eabi/7.3.1/thumb/v6-m/libgcc.a
LOAD /home/opt/arm-toolchains/gcc-arm-none-eabi-7-2018-q2-update/bin/../lib/gcc/arm-none-eabi/7.3.1/../../../../arm-none-eabi/lib/thumb/v6-m/libc_nano.a
END GROUP
                0x0000000020002000                __stack = (ORIGIN (RAM) + LENGTH (RAM))
                0x0000000020002000                _estack = __stack
                0x0000000000000400                __Main_Stack_Size = 0x400
                [!provide]                        PROVIDE (_Main_Stack_Size = __Main_Stack_Size)
                0x0000000020001c00                __Main_Stack_Limit = (__stack - __Main_Stack_Size)
                [!provide]                        PROVIDE (_Main_Stack_Limit = __Main_Stack_Limit)
                0x0000000000000100                _Minimum_Stack_Size = 0x100
                0x000000002000003c                PROVIDE (_Heap_Begin = _end_noinit)
                0x0000000020001c00                PROVIDE (_Heap_Limit = (__stack - __Main_Stack_Size))

.isr_vector     0x0000000008000000      0x294
 FILL mask 0xff
                0x0000000008000000                __vectors_start = ABSOLUTE (.)
                0x0000000008000000                __vectors_start__ = ABSOLUTE (.)
 *(.isr_vector)
 .isr_vector    0x0000000008000000       0xc4 /tmp/cchcheV2.ltrans0.ltrans.o
                0x0000000008000000                g_pfnVectors
 *(.cfmconfig)
 *(.after_vectors .after_vectors.*)
 .after_vectors
                0x00000000080000c4      0x1d0 /tmp/cchcheV2.ltrans0.ltrans.o
                0x00000000080000c4                _start
                0x0000000008000268                HardFault_Handler_C

.inits          0x0000000008000294       0x28
                0x0000000008000294                __data_regions_array_start = .
                0x0000000008000294        0x4 LONG 0x8000750 LOADADDR (.data)
                0x0000000008000298        0x4 LONG 0x20000000 ADDR (.data)
                0x000000000800029c        0x4 LONG 0x20000028 (ADDR (.data) + SIZEOF (.data))
                0x00000000080002a0        0x4 LONG 0x8000750 LOADADDR (.data_CCMRAM)
                0x00000000080002a4        0x4 LONG 0x0 ADDR (.data_CCMRAM)
                0x00000000080002a8        0x4 LONG 0x0 (ADDR (.data_CCMRAM) + SIZEOF (.data_CCMRAM))
                0x00000000080002ac                __data_regions_array_end = .
                0x00000000080002ac                __bss_regions_array_start = .
                0x00000000080002ac        0x4 LONG 0x20000028 ADDR (.bss)
                0x00000000080002b0        0x4 LONG 0x2000003c (ADDR (.bss) + SIZEOF (.bss))
                0x00000000080002b4        0x4 LONG 0x0 ADDR (.bss_CCMRAM)
                0x00000000080002b8        0x4 LONG 0x0 (ADDR (.bss_CCMRAM) + SIZEOF (.bss_CCMRAM))
                0x00000000080002bc                __bss_regions_array_end = .
 *(.init)
 *(.fini)
                0x00000000080002bc                . = ALIGN (0x4)
                0x00000000080002bc                PROVIDE (__preinit_array_start = .)
 *(.preinit_array_sysinit .preinit_array_sysinit.*)
 *(.preinit_array_platform .preinit_array_platform.*)
 *(.preinit_array .preinit_array.*)
                0x00000000080002bc                PROVIDE (__preinit_array_end = .)
                0x00000000080002bc                . = ALIGN (0x4)
                0x00000000080002bc                PROVIDE (__init_array_start = .)
 *(SORT_BY_NAME(.init_array.*))
 *(.init_array)
                0x00000000080002bc                PROVIDE (__init_array_end = .)
                0x00000000080002bc                . = ALIGN (0x4)
                0x00000000080002bc                PROVIDE (__fini_array_start = .)
 *(SORT_BY_NAME(.fini_array.*))
 *(.fini_array)
                0x00000000080002bc                PROVIDE (__fini_array_end = .)

.flashtext
 *(.flashtext .flashtext.*)

.text           0x00000000080002bc      0x494
 *(.text .text.*)
 .text._exit    0x00000000080002bc        0xa /tmp/cchcheV2.ltrans0.ltrans.o
 *fill*         0x00000000080002c6        0x2 
 .text.__initialize_args
                0x00000000080002c8       0x20 /tmp/cchcheV2.ltrans0.ltrans.o
 .text.__initialize_hardware_early
                0x00000000080002e8        0xc /tmp/cchcheV2.ltrans0.ltrans.o
 .text.__initialize_hardware
                0x00000000080002f4        0xc /tmp/cchcheV2.ltrans0.ltrans.o
 .text.SystemInit
                0x0000000008000300       0x8c /tmp/cchcheV2.ltrans0.ltrans.o
 .text.SystemCoreClockUpdate
                0x000000000800038c       0xdc /tmp/cchcheV2.ltrans0.ltrans.o
 .text.SetSysClock
                0x0000000008000468       0xdc /tmp/cchcheV2.ltrans0.ltrans.o
 .text.main     0x0000000008000544       0x10 /tmp/cchcheV2.ltrans0.ltrans.o
 .text._ZN9QuickTask4tickEm
                0x0000000008000554       0x6c /tmp/cchcheV2.ltrans0.ltrans.o
 .text._ZN9QuickTask4pollEv
                0x00000000080005c0       0x68 /tmp/cchcheV2.ltrans0.ltrans.o
 .text.SysTick_Handler
                0x0000000008000628        0xe /tmp/cchcheV2.ltrans0.ltrans.o
 *fill*         0x0000000008000636        0x2 
 .text          0x0000000008000638      0x114 /home/opt/arm-toolchains/gcc-arm-none-eabi-7-2018-q2-update/bin/../lib/gcc/arm-none-eabi/7.3.1/thumb/v6-m/libgcc.a(_udivsi3.o)
                0x0000000008000638                __udivsi3
                0x0000000008000638                __aeabi_uidiv
                0x0000000008000744                __aeabi_uidivmod
 .text          0x000000000800074c        0x4 /home/opt/arm-toolchains/gcc-arm-none-eabi-7-2018-q2-update/bin/../lib/gcc/arm-none-eabi/7.3.1/thumb/v6-m/libgcc.a(_dvmd_tls.o)
                0x000000000800074c                __aeabi_ldiv0
                0x000000000800074c                __aeabi_idiv0
 *(.rodata .rodata.* .constdata .constdata.*)
 *(vtable)
 *(.eh_frame*)
 *(.glue_7)
 .glue_7        0x0000000008000750        0x0 linker stubs
 *(.glue_7t)
 .glue_7t       0x0000000008000750        0x0 linker stubs

.vfp11_veneer   0x0000000008000750        0x0
 .vfp11_veneer  0x0000000008000750        0x0 linker stubs

.v4_bx          0x0000000008000750        0x0
 .v4_bx         0x0000000008000750        0x0 linker stubs

.iplt           0x0000000008000750        0x0
 .iplt          0x0000000008000750        0x0 /tmp/cchcheV2.ltrans0.ltrans.o

.rel.dyn        0x0000000008000750        0x0
 .rel.iplt      0x0000000008000750        0x0 /tmp/cchcheV2.ltrans0.ltrans.o

.ARM.extab
 *(.ARM.extab* .gnu.linkonce.armextab.*)
                0x0000000008000750                . = ALIGN (0x4)
                0x0000000008000750                __exidx_start = .

.ARM.exidx
 *(.ARM.exidx* .gnu.linkonce.armexidx.*)
                0x0000000008000750                __exidx_end = .
                0x0000000008000750                . = ALIGN (0x4)
                0x0000000008000750                _etext = .
                0x0000000008000750                __etext = .

.data_CCMRAM    0x0000000000000000        0x0 load address 0x0000000008000750
 FILL mask 0xff
 *(.data.CCMRAM .data.CCMRAM.*)
                0x0000000000000000                . = ALIGN (0x4)
                0x0000000008000750                _sidata = LOADADDR (.data)

.data           0x0000000020000000       0x28 load address 0x0000000008000750
 FILL mask 0xff
                0x0000000020000000                _sdata = .
                0x0000000020000000                __data_start__ = .
 *(.data_begin .data_begin.*)
 .data_begin    0x0000000020000000        0x4 /tmp/cchcheV2.ltrans0.ltrans.o
 *(.data .data.*)
 .data.argv.4310
                0x0000000020000004        0x8 /tmp/cchcheV2.ltrans0.ltrans.o
 .data.SystemCoreClock
                0x000000002000000c        0x4 /tmp/cchcheV2.ltrans0.ltrans.o
 .data.AHBPrescTable
                0x0000000020000010       0x10 /tmp/cchcheV2.ltrans0.ltrans.o
 .data._ZN9QuickTask6holdedE
                0x0000000020000020        0x1 /tmp/cchcheV2.ltrans0.ltrans.o
 *(.data_end .data_end.*)
 *fill*         0x0000000020000021        0x3 ff
 .data_end      0x0000000020000024        0x4 /tmp/cchcheV2.ltrans0.ltrans.o
                0x0000000020000028                . = ALIGN (0x4)
                0x0000000020000028                _edata = .
                0x0000000020000028                __data_end__ = .

.igot.plt       0x0000000020000028        0x0 load address 0x0000000008000778
 .igot.plt      0x0000000020000028        0x0 /tmp/cchcheV2.ltrans0.ltrans.o

.bss_CCMRAM     0x0000000000000000        0x0
 *(.bss.CCMRAM .bss.CCMRAM.*)

.bss            0x0000000020000028       0x14
                0x0000000020000028                __bss_start__ = .
                0x0000000020000028                _sbss = .
 *(.bss_begin .bss_begin.*)
 .bss_begin     0x0000000020000028        0x4 /tmp/cchcheV2.ltrans0.ltrans.o
 *(.bss .bss.*)
 .bss.name.4309
                0x000000002000002c        0x1 /tmp/cchcheV2.ltrans0.ltrans.o
 *fill*         0x000000002000002d        0x3 
 .bss.taskbase  0x0000000020000030        0x4 /tmp/cchcheV2.ltrans0.ltrans.o
 .bss._ZN9QuickTask12milisCounterE
                0x0000000020000034        0x4 /tmp/cchcheV2.ltrans0.ltrans.o
 *(COMMON)
 *(.bss_end .bss_end.*)
 .bss_end       0x0000000020000038        0x4 /tmp/cchcheV2.ltrans0.ltrans.o
                0x000000002000003c                . = ALIGN (0x4)
                0x000000002000003c                __bss_end__ = .
                0x000000002000003c                _ebss = .

.noinit_CCMRAM
 *(.noinit.CCMRAM .noinit.CCMRAM.*)

.noinit         0x000000002000003c        0x0
                0x000000002000003c                _noinit = .
 *(.noinit .noinit.*)
                0x000000002000003c                . = ALIGN (0x4)
                0x000000002000003c                _end_noinit = .
                [!provide]                        PROVIDE (end = _end_noinit)
                [!provide]                        PROVIDE (_end = _end_noinit)
                [!provide]                        PROVIDE (__end = _end_noinit)
                [!provide]                        PROVIDE (__end__ = _end_noinit)

._check_stack   0x000000002000003c      0x100
                0x000000002000013c                . = (. + _Minimum_Stack_Size)
 *fill*         0x000000002000003c      0x100 

.b1text
 *(.b1text)
 *(.b1rodata)
 *(.b1rodata.*)

.eb0text
 *(.eb0text)
 *(.eb0rodata)
 *(.eb0rodata.*)

.eb1text
 *(.eb1text)
 *(.eb1rodata)
 *(.eb1rodata.*)

.eb2text
 *(.eb2text)
 *(.eb2rodata)
 *(.eb2rodata.*)

.eb3text
 *(.eb3text)
 *(.eb3rodata)
 *(.eb3rodata.*)

.stab
 *(.stab)

.stabstr
 *(.stabstr)

.stab.excl
 *(.stab.excl)

.stab.exclstr
 *(.stab.exclstr)

.stab.index
 *(.stab.index)

.stab.indexstr
 *(.stab.indexstr)

.comment        0x0000000000000000       0x7f
 *(.comment)
 .comment       0x0000000000000000       0x7f /tmp/cchcheV2.ltrans0.ltrans.o
                                         0x80 (size before relaxing)

.ARM.attributes
                0x0000000000000000       0x31
 .ARM.attributes
                0x0000000000000000       0x2f /tmp/cchcheV2.ltrans0.ltrans.o
 .ARM.attributes
                0x000000000000002f       0x1e /home/opt/arm-toolchains/gcc-arm-none-eabi-7-2018-q2-update/bin/../lib/gcc/arm-none-eabi/7.3.1/thumb/v6-m/libgcc.a(_udivsi3.o)
 .ARM.attributes
                0x000000000000004d       0x1e /home/opt/arm-toolchains/gcc-arm-none-eabi-7-2018-q2-update/bin/../lib/gcc/arm-none-eabi/7.3.1/thumb/v6-m/libgcc.a(_dvmd_tls.o)

.debug
 *(.debug)

.line
 *(.line)

.debug_srcinfo
 *(.debug_srcinfo)

.debug_sfnames
 *(.debug_sfnames)

.debug_aranges  0x0000000000000000      0x1f8
 *(.debug_aranges)
 .debug_aranges
                0x0000000000000000      0x1f8 /tmp/cchcheV2.ltrans0.ltrans.o

.debug_pubnames
 *(.debug_pubnames)

.debug_info     0x0000000000000000     0x17d6
 *(.debug_info .gnu.linkonce.wi.*)
 .debug_info    0x0000000000000000     0x17d6 /tmp/cchcheV2.ltrans0.ltrans.o

.debug_abbrev   0x0000000000000000      0x4eb
 *(.debug_abbrev)
 .debug_abbrev  0x0000000000000000      0x4eb /tmp/cchcheV2.ltrans0.ltrans.o

.debug_line     0x0000000000000000      0x979
 *(.debug_line)
 .debug_line    0x0000000000000000      0x979 /tmp/cchcheV2.ltrans0.ltrans.o

.debug_frame    0x0000000000000000      0x788
 *(.debug_frame)
 .debug_frame   0x0000000000000000      0x768 /tmp/cchcheV2.ltrans0.ltrans.o
 .debug_frame   0x0000000000000768       0x20 /home/opt/arm-toolchains/gcc-arm-none-eabi-7-2018-q2-update/bin/../lib/gcc/arm-none-eabi/7.3.1/thumb/v6-m/libgcc.a(_udivsi3.o)

.debug_str      0x0000000000000000      0x9ab
 *(.debug_str)
 .debug_str     0x0000000000000000      0x9ab /tmp/cchcheV2.ltrans0.ltrans.o
                                        0x9f6 (size before relaxing)

.debug_loc
 *(.debug_loc)

.debug_macinfo
 *(.debug_macinfo)

.debug_weaknames
 *(.debug_weaknames)

.debug_funcnames
 *(.debug_funcnames)

.debug_typenames
 *(.debug_typenames)

.debug_varnames
 *(.debug_varnames)
OUTPUT(gilot2019.elf elf32-littlearm)

.debug_ranges   0x0000000000000000      0x1e8
 .debug_ranges  0x0000000000000000      0x1e8 /tmp/cchcheV2.ltrans0.ltrans.o
