Archive member included to satisfy reference by file (symbol)

/home/opt/arm-toolchains/gcc-arm-none-eabi-7-2018-q2-update/bin/../lib/gcc/arm-none-eabi/7.3.1/../../../../arm-none-eabi/lib/thumb/v6-m/libstdc++_nano.a(del_ops.o)
                              ./src/Praca.o (symbol from plugin) (operator delete(void*, unsigned int))
/home/opt/arm-toolchains/gcc-arm-none-eabi-7-2018-q2-update/bin/../lib/gcc/arm-none-eabi/7.3.1/../../../../arm-none-eabi/lib/thumb/v6-m/libstdc++_nano.a(del_op.o)
                              /home/opt/arm-toolchains/gcc-arm-none-eabi-7-2018-q2-update/bin/../lib/gcc/arm-none-eabi/7.3.1/../../../../arm-none-eabi/lib/thumb/v6-m/libstdc++_nano.a(del_ops.o) (operator delete(void*))
/home/opt/arm-toolchains/gcc-arm-none-eabi-7-2018-q2-update/bin/../lib/gcc/arm-none-eabi/7.3.1/../../../../arm-none-eabi/lib/thumb/v6-m/libg_nano.a(lib_a-errno.o)
                              ./system/src/newlib/_sbrk.o (symbol from plugin) (__errno)
/home/opt/arm-toolchains/gcc-arm-none-eabi-7-2018-q2-update/bin/../lib/gcc/arm-none-eabi/7.3.1/../../../../arm-none-eabi/lib/thumb/v6-m/libg_nano.a(lib_a-impure.o)
                              /home/opt/arm-toolchains/gcc-arm-none-eabi-7-2018-q2-update/bin/../lib/gcc/arm-none-eabi/7.3.1/../../../../arm-none-eabi/lib/thumb/v6-m/libg_nano.a(lib_a-errno.o) (_impure_ptr)
/home/opt/arm-toolchains/gcc-arm-none-eabi-7-2018-q2-update/bin/../lib/gcc/arm-none-eabi/7.3.1/../../../../arm-none-eabi/lib/thumb/v6-m/libg_nano.a(lib_a-isdigit.o)
                              ./src/Menu.o (symbol from plugin) (isdigit)
/home/opt/arm-toolchains/gcc-arm-none-eabi-7-2018-q2-update/bin/../lib/gcc/arm-none-eabi/7.3.1/../../../../arm-none-eabi/lib/thumb/v6-m/libg_nano.a(lib_a-locale.o)
                              /home/opt/arm-toolchains/gcc-arm-none-eabi-7-2018-q2-update/bin/../lib/gcc/arm-none-eabi/7.3.1/../../../../arm-none-eabi/lib/thumb/v6-m/libg_nano.a(lib_a-isdigit.o) (__locale_ctype_ptr)
/home/opt/arm-toolchains/gcc-arm-none-eabi-7-2018-q2-update/bin/../lib/gcc/arm-none-eabi/7.3.1/../../../../arm-none-eabi/lib/thumb/v6-m/libg_nano.a(lib_a-malloc.o)
                              /home/opt/arm-toolchains/gcc-arm-none-eabi-7-2018-q2-update/bin/../lib/gcc/arm-none-eabi/7.3.1/../../../../arm-none-eabi/lib/thumb/v6-m/libstdc++_nano.a(del_op.o) (free)
/home/opt/arm-toolchains/gcc-arm-none-eabi-7-2018-q2-update/bin/../lib/gcc/arm-none-eabi/7.3.1/../../../../arm-none-eabi/lib/thumb/v6-m/libg_nano.a(lib_a-mbtowc_r.o)
                              /home/opt/arm-toolchains/gcc-arm-none-eabi-7-2018-q2-update/bin/../lib/gcc/arm-none-eabi/7.3.1/../../../../arm-none-eabi/lib/thumb/v6-m/libg_nano.a(lib_a-locale.o) (__ascii_mbtowc)
/home/opt/arm-toolchains/gcc-arm-none-eabi-7-2018-q2-update/bin/../lib/gcc/arm-none-eabi/7.3.1/../../../../arm-none-eabi/lib/thumb/v6-m/libg_nano.a(lib_a-nano-freer.o)
                              /home/opt/arm-toolchains/gcc-arm-none-eabi-7-2018-q2-update/bin/../lib/gcc/arm-none-eabi/7.3.1/../../../../arm-none-eabi/lib/thumb/v6-m/libg_nano.a(lib_a-malloc.o) (_free_r)
/home/opt/arm-toolchains/gcc-arm-none-eabi-7-2018-q2-update/bin/../lib/gcc/arm-none-eabi/7.3.1/../../../../arm-none-eabi/lib/thumb/v6-m/libg_nano.a(lib_a-nano-mallocr.o)
                              /home/opt/arm-toolchains/gcc-arm-none-eabi-7-2018-q2-update/bin/../lib/gcc/arm-none-eabi/7.3.1/../../../../arm-none-eabi/lib/thumb/v6-m/libg_nano.a(lib_a-malloc.o) (_malloc_r)
/home/opt/arm-toolchains/gcc-arm-none-eabi-7-2018-q2-update/bin/../lib/gcc/arm-none-eabi/7.3.1/../../../../arm-none-eabi/lib/thumb/v6-m/libg_nano.a(lib_a-sbrkr.o)
                              /home/opt/arm-toolchains/gcc-arm-none-eabi-7-2018-q2-update/bin/../lib/gcc/arm-none-eabi/7.3.1/../../../../arm-none-eabi/lib/thumb/v6-m/libg_nano.a(lib_a-nano-mallocr.o) (_sbrk_r)
/home/opt/arm-toolchains/gcc-arm-none-eabi-7-2018-q2-update/bin/../lib/gcc/arm-none-eabi/7.3.1/../../../../arm-none-eabi/lib/thumb/v6-m/libg_nano.a(lib_a-strcmp.o)
                              /home/opt/arm-toolchains/gcc-arm-none-eabi-7-2018-q2-update/bin/../lib/gcc/arm-none-eabi/7.3.1/../../../../arm-none-eabi/lib/thumb/v6-m/libg_nano.a(lib_a-locale.o) (strcmp)
/home/opt/arm-toolchains/gcc-arm-none-eabi-7-2018-q2-update/bin/../lib/gcc/arm-none-eabi/7.3.1/../../../../arm-none-eabi/lib/thumb/v6-m/libg_nano.a(lib_a-strlen.o)
                              ./src/Menu.o (symbol from plugin) (strlen)
/home/opt/arm-toolchains/gcc-arm-none-eabi-7-2018-q2-update/bin/../lib/gcc/arm-none-eabi/7.3.1/../../../../arm-none-eabi/lib/thumb/v6-m/libg_nano.a(lib_a-wctomb_r.o)
                              /home/opt/arm-toolchains/gcc-arm-none-eabi-7-2018-q2-update/bin/../lib/gcc/arm-none-eabi/7.3.1/../../../../arm-none-eabi/lib/thumb/v6-m/libg_nano.a(lib_a-locale.o) (__ascii_wctomb)
/home/opt/arm-toolchains/gcc-arm-none-eabi-7-2018-q2-update/bin/../lib/gcc/arm-none-eabi/7.3.1/../../../../arm-none-eabi/lib/thumb/v6-m/libg_nano.a(lib_a-ctype_.o)
                              /home/opt/arm-toolchains/gcc-arm-none-eabi-7-2018-q2-update/bin/../lib/gcc/arm-none-eabi/7.3.1/../../../../arm-none-eabi/lib/thumb/v6-m/libg_nano.a(lib_a-locale.o) (_ctype_)
/home/opt/arm-toolchains/gcc-arm-none-eabi-7-2018-q2-update/bin/../lib/gcc/arm-none-eabi/7.3.1/../../../../arm-none-eabi/lib/thumb/v6-m/libg_nano.a(lib_a-mlock.o)
                              /home/opt/arm-toolchains/gcc-arm-none-eabi-7-2018-q2-update/bin/../lib/gcc/arm-none-eabi/7.3.1/../../../../arm-none-eabi/lib/thumb/v6-m/libg_nano.a(lib_a-nano-freer.o) (__malloc_lock)
/home/opt/arm-toolchains/gcc-arm-none-eabi-7-2018-q2-update/bin/../lib/gcc/arm-none-eabi/7.3.1/thumb/v6-m/libgcc.a(_udivsi3.o)
                              /tmp/ccbdOVUi.ltrans0.ltrans.o (__aeabi_uidiv)
/home/opt/arm-toolchains/gcc-arm-none-eabi-7-2018-q2-update/bin/../lib/gcc/arm-none-eabi/7.3.1/thumb/v6-m/libgcc.a(_divsi3.o)
                              /tmp/ccbdOVUi.ltrans0.ltrans.o (__aeabi_idiv)
/home/opt/arm-toolchains/gcc-arm-none-eabi-7-2018-q2-update/bin/../lib/gcc/arm-none-eabi/7.3.1/thumb/v6-m/libgcc.a(_dvmd_tls.o)
                              /home/opt/arm-toolchains/gcc-arm-none-eabi-7-2018-q2-update/bin/../lib/gcc/arm-none-eabi/7.3.1/thumb/v6-m/libgcc.a(_udivsi3.o) (__aeabi_idiv0)
/home/opt/arm-toolchains/gcc-arm-none-eabi-7-2018-q2-update/bin/../lib/gcc/arm-none-eabi/7.3.1/../../../../arm-none-eabi/lib/thumb/v6-m/libg_nano.a(lib_a-memset.o)
                              /tmp/ccbdOVUi.ltrans0.ltrans.o (memset)

Allocating common symbols
Common symbol       size              file

errno               0x4               /tmp/ccbdOVUi.ltrans0.ltrans.o

Discarded input sections

 .text          0x0000000000000000        0x0 /tmp/ccbdOVUi.ltrans0.ltrans.o
 .data          0x0000000000000000        0x0 /tmp/ccbdOVUi.ltrans0.ltrans.o
 .bss           0x0000000000000000        0x0 /tmp/ccbdOVUi.ltrans0.ltrans.o
 .text._ZN9__gnu_cxx27__verbose_terminate_handlerEv
                0x0000000000000000       0x14 /tmp/ccbdOVUi.ltrans0.ltrans.o
 .rodata._ZZN9__gnu_cxx27__verbose_terminate_handlerEvE8__func__
                0x0000000000000000       0x1c /tmp/ccbdOVUi.ltrans0.ltrans.o
 .bss.current_heap_end.3961
                0x0000000000000000        0x4 /tmp/ccbdOVUi.ltrans0.ltrans.o
 .text._sbrk    0x0000000000000000       0x68 /tmp/ccbdOVUi.ltrans0.ltrans.o
 .bss.__dso_handle
                0x0000000000000000        0x4 /tmp/ccbdOVUi.ltrans0.ltrans.o
 .text.raise    0x0000000000000000       0x1e /tmp/ccbdOVUi.ltrans0.ltrans.o
 .text.kill     0x0000000000000000       0x20 /tmp/ccbdOVUi.ltrans0.ltrans.o
 .rodata.__assert_func.str1.4
                0x0000000000000000       0x43 /tmp/ccbdOVUi.ltrans0.ltrans.o
 .text.__assert_func
                0x0000000000000000       0x1c /tmp/ccbdOVUi.ltrans0.ltrans.o
 .rodata.assert_failed.str1.4
                0x0000000000000000       0x2b /tmp/ccbdOVUi.ltrans0.ltrans.o
 .text.assert_failed
                0x0000000000000000       0x18 /tmp/ccbdOVUi.ltrans0.ltrans.o
 .text.NVIC_SystemReset
                0x0000000000000000       0x20 /tmp/ccbdOVUi.ltrans0.ltrans.o
 .text.__reset_hardware
                0x0000000000000000        0x8 /tmp/ccbdOVUi.ltrans0.ltrans.o
 .text._ZN8Hardware11WDOG_ReloadEv
                0x0000000000000000        0x8 /tmp/ccbdOVUi.ltrans0.ltrans.o
 .text._Z11NMI_Handlerv
                0x0000000000000000        0x6 /tmp/ccbdOVUi.ltrans0.ltrans.o
 .text._Z17HardFault_Handlerv
                0x0000000000000000        0x6 /tmp/ccbdOVUi.ltrans0.ltrans.o
 .text._Z11SVC_Handlerv
                0x0000000000000000        0x6 /tmp/ccbdOVUi.ltrans0.ltrans.o
 .text._Z14PendSV_Handlerv
                0x0000000000000000        0x6 /tmp/ccbdOVUi.ltrans0.ltrans.o
 .rodata._ZL15SOTWARE_VERSION.lto_priv.19
                0x0000000000000000        0x2 /tmp/ccbdOVUi.ltrans0.ltrans.o
 .rodata._ZL14OVC_SILENCE_MS.lto_priv.14
                0x0000000000000000        0x4 /tmp/ccbdOVUi.ltrans0.ltrans.o
 .rodata._ZL22MAX_OPOZN_ZAMK_POZ_sek.lto_priv.9
                0x0000000000000000        0x2 /tmp/ccbdOVUi.ltrans0.ltrans.o
 .rodata._ZL13MAX_OVC_LEVEL.lto_priv.4
                0x0000000000000000        0x2 /tmp/ccbdOVUi.ltrans0.ltrans.o
 .text._ZN7Krokowy2goEm
                0x0000000000000000       0x50 /tmp/ccbdOVUi.ltrans0.ltrans.o
 .text._ZN7Krokowy4stopEv
                0x0000000000000000       0x28 /tmp/ccbdOVUi.ltrans0.ltrans.o
 .text._ZN6VEprom8readWordENS_9VirtAdresE
                0x0000000000000000       0x34 /tmp/ccbdOVUi.ltrans0.ltrans.o
 .text._ZN8Keyboard6getKeyEv
                0x0000000000000000       0x1a /tmp/ccbdOVUi.ltrans0.ltrans.o
 .text._ZN11FrameBuffer10cursorLeftEv
                0x0000000000000000       0x36 /tmp/ccbdOVUi.ltrans0.ltrans.o
 .text._ZN11FrameBuffer10cursorLeftEm
                0x0000000000000000       0x2a /tmp/ccbdOVUi.ltrans0.ltrans.o
 .text._ZN11FrameBuffer10cursorModeENS_10CursorModeE
                0x0000000000000000       0x1c /tmp/ccbdOVUi.ltrans0.ltrans.o
 .text._ZN11FrameBuffer15editWithPatternEPKcm
                0x0000000000000000       0x20 /tmp/ccbdOVUi.ltrans0.ltrans.o
 .text._ZN11FrameBuffer23printNumbersWithPatternEPKcm
                0x0000000000000000       0x56 /tmp/ccbdOVUi.ltrans0.ltrans.o
 .rodata._ZL15SOTWARE_VERSION.lto_priv.20
                0x0000000000000000        0x2 /tmp/ccbdOVUi.ltrans0.ltrans.o
 .rodata._ZL14OVC_SILENCE_MS.lto_priv.15
                0x0000000000000000        0x4 /tmp/ccbdOVUi.ltrans0.ltrans.o
 .rodata._ZL22MAX_OPOZN_ZAMK_POZ_sek.lto_priv.10
                0x0000000000000000        0x2 /tmp/ccbdOVUi.ltrans0.ltrans.o
 .rodata._ZL13MAX_OVC_LEVEL.lto_priv.5
                0x0000000000000000        0x2 /tmp/ccbdOVUi.ltrans0.ltrans.o
 .text.getProgMainVersion
                0x0000000000000000        0xc /tmp/ccbdOVUi.ltrans0.ltrans.o
 .text.getProgSubVersion
                0x0000000000000000        0xc /tmp/ccbdOVUi.ltrans0.ltrans.o
 .text._ZNK7Krokowy13getLengthToGoEv
                0x0000000000000000       0x14 /tmp/ccbdOVUi.ltrans0.ltrans.o
 .text._ZNK5Praca12getCountToGoEv
                0x0000000000000000       0x14 /tmp/ccbdOVUi.ltrans0.ltrans.o
 .text._ZN5Praca9setLengthEm
                0x0000000000000000       0x16 /tmp/ccbdOVUi.ltrans0.ltrans.o
 .text._ZN5Praca11setQuantityEm
                0x0000000000000000       0x16 /tmp/ccbdOVUi.ltrans0.ltrans.o
 .text._ZN4Menu9goToEkranENS_5EKRANE
                0x0000000000000000       0x4c /tmp/ccbdOVUi.ltrans0.ltrans.o
 .text._ZN4Menu4pollEv
                0x0000000000000000       0xf4 /tmp/ccbdOVUi.ltrans0.ltrans.o
 .rodata._ZN4Menu4pollEv
                0x0000000000000000       0x20 /tmp/ccbdOVUi.ltrans0.ltrans.o
 .text._ZN4Menu12printPatternEPKcm
                0x0000000000000000       0xae /tmp/ccbdOVUi.ltrans0.ltrans.o
 .rodata._ZN4Menu9showEkranEv.str1.4
                0x0000000000000000       0xf9 /tmp/ccbdOVUi.ltrans0.ltrans.o
 .text._ZN4Menu9showEkranEv
                0x0000000000000000      0x214 /tmp/ccbdOVUi.ltrans0.ltrans.o
 .rodata._ZN4Menu9showEkranEv
                0x0000000000000000       0x20 /tmp/ccbdOVUi.ltrans0.ltrans.o
 .rodata._ZL15SOTWARE_VERSION.lto_priv.21
                0x0000000000000000        0x2 /tmp/ccbdOVUi.ltrans0.ltrans.o
 .rodata._ZL14OVC_SILENCE_MS.lto_priv.16
                0x0000000000000000        0x4 /tmp/ccbdOVUi.ltrans0.ltrans.o
 .rodata._ZL22MAX_OPOZN_ZAMK_POZ_sek.lto_priv.11
                0x0000000000000000        0x2 /tmp/ccbdOVUi.ltrans0.ltrans.o
 .rodata._ZL13MAX_OVC_LEVEL.lto_priv.6
                0x0000000000000000        0x2 /tmp/ccbdOVUi.ltrans0.ltrans.o
 .rodata._ZL15SOTWARE_VERSION.lto_priv.22
                0x0000000000000000        0x2 /tmp/ccbdOVUi.ltrans0.ltrans.o
 .rodata._ZL14OVC_SILENCE_MS.lto_priv.17
                0x0000000000000000        0x4 /tmp/ccbdOVUi.ltrans0.ltrans.o
 .rodata._ZL22MAX_OPOZN_ZAMK_POZ_sek.lto_priv.12
                0x0000000000000000        0x2 /tmp/ccbdOVUi.ltrans0.ltrans.o
 .rodata._ZL13MAX_OVC_LEVEL.lto_priv.7
                0x0000000000000000        0x2 /tmp/ccbdOVUi.ltrans0.ltrans.o
 .text.AsciiBcdToValue
                0x0000000000000000       0x70 /tmp/ccbdOVUi.ltrans0.ltrans.o
 .text.AsciiBcd2toByte
                0x0000000000000000       0x70 /tmp/ccbdOVUi.ltrans0.ltrans.o
 .text._ZN4Fifo18getByteAs2HexAsciiEv
                0x0000000000000000       0x6c /tmp/ccbdOVUi.ltrans0.ltrans.o
 .text._ZN4Fifo20get2BytesAs4HexAsciiEv
                0x0000000000000000       0x60 /tmp/ccbdOVUi.ltrans0.ltrans.o
 .text._ZN4Fifo9getUInt16Ev
                0x0000000000000000       0x64 /tmp/ccbdOVUi.ltrans0.ltrans.o
 .text._ZN4Fifo9getUInt32EPb
                0x0000000000000000       0x5c /tmp/ccbdOVUi.ltrans0.ltrans.o
 .text._ZN4Fifo18putByteAs2AsciiBCDEh
                0x0000000000000000       0xce /tmp/ccbdOVUi.ltrans0.ltrans.o
 .text._ZN4Fifo20put2BytesAs4AsciiBCDEt
                0x0000000000000000       0x3a /tmp/ccbdOVUi.ltrans0.ltrans.o
 .text._ZN4Fifo6putAllEPS_
                0x0000000000000000       0x64 /tmp/ccbdOVUi.ltrans0.ltrans.o
 .text._ZN4Fifo9putStringEPKc
                0x0000000000000000       0x58 /tmp/ccbdOVUi.ltrans0.ltrans.o
 .text._ZN4Fifo9putStringEPKcm
                0x0000000000000000       0x70 /tmp/ccbdOVUi.ltrans0.ltrans.o
 .text._ZN4Fifo9putUint16Et
                0x0000000000000000       0x5e /tmp/ccbdOVUi.ltrans0.ltrans.o
 .text._ZN4Fifo9putUint32Em
                0x0000000000000000       0x56 /tmp/ccbdOVUi.ltrans0.ltrans.o
 .text._ZN4Fifo9get_countEv
                0x0000000000000000       0x38 /tmp/ccbdOVUi.ltrans0.ltrans.o
 .text._ZN4Fifo6isFullEv
                0x0000000000000000       0x4c /tmp/ccbdOVUi.ltrans0.ltrans.o
 .text._ZN4Fifo5cloneEPS_
                0x0000000000000000       0x7e /tmp/ccbdOVUi.ltrans0.ltrans.o
 .text._ZN11FrameBufferD0Ev
                0x0000000000000000       0x24 /tmp/ccbdOVUi.ltrans0.ltrans.o
 .text._ZN6VEprom8readWordENS_9VirtAdresEPt
                0x0000000000000000       0x44 /tmp/ccbdOVUi.ltrans0.ltrans.o
 .text.my_itoa  0x0000000000000000      0x14e /tmp/ccbdOVUi.ltrans0.ltrans.o
 .text.my_htoa  0x0000000000000000       0x82 /tmp/ccbdOVUi.ltrans0.ltrans.o
 .text.my_btoa  0x0000000000000000       0x5e /tmp/ccbdOVUi.ltrans0.ltrans.o
 .text.itoaWithPattern
                0x0000000000000000       0xd2 /tmp/ccbdOVUi.ltrans0.ltrans.o
 .text.power10  0x0000000000000000       0x38 /tmp/ccbdOVUi.ltrans0.ltrans.o
 .text.my_strcpy
                0x0000000000000000       0x5c /tmp/ccbdOVUi.ltrans0.ltrans.o
 .text.numberWithPattern
                0x0000000000000000       0x2e /tmp/ccbdOVUi.ltrans0.ltrans.o
 .rodata._ZL15SOTWARE_VERSION.lto_priv.23
                0x0000000000000000        0x2 /tmp/ccbdOVUi.ltrans0.ltrans.o
 .rodata._ZL14OVC_SILENCE_MS.lto_priv.18
                0x0000000000000000        0x4 /tmp/ccbdOVUi.ltrans0.ltrans.o
 .rodata._ZL22MAX_OPOZN_ZAMK_POZ_sek.lto_priv.13
                0x0000000000000000        0x2 /tmp/ccbdOVUi.ltrans0.ltrans.o
 .rodata._ZL13MAX_OVC_LEVEL.lto_priv.8
                0x0000000000000000        0x2 /tmp/ccbdOVUi.ltrans0.ltrans.o
 .text._ZN9QuickTask22delayMsWithActiveTasksEm
                0x0000000000000000       0x34 /tmp/ccbdOVUi.ltrans0.ltrans.o
 .text._ZN8Hardware21delayMsWithBackgroundEm
                0x0000000000000000       0x16 /tmp/ccbdOVUi.ltrans0.ltrans.o
 .text._ZN7HD4478011getDataFifoEv
                0x0000000000000000       0x18 /tmp/ccbdOVUi.ltrans0.ltrans.o
 .text._ZN7HD447807delayMsEm
                0x0000000000000000       0x18 /tmp/ccbdOVUi.ltrans0.ltrans.o
 .text.FLASH_SetLatency
                0x0000000000000000       0x4c /tmp/ccbdOVUi.ltrans0.ltrans.o
 .text.FLASH_PrefetchBufferCmd
                0x0000000000000000       0x54 /tmp/ccbdOVUi.ltrans0.ltrans.o
 .text.FLASH_GetPrefetchBufferStatus
                0x0000000000000000       0x34 /tmp/ccbdOVUi.ltrans0.ltrans.o
 .text.FLASH_EraseAllPages
                0x0000000000000000       0x68 /tmp/ccbdOVUi.ltrans0.ltrans.o
 .text.FLASH_ProgramWord
                0x0000000000000000       0xd0 /tmp/ccbdOVUi.ltrans0.ltrans.o
 .text.FLASH_OB_Unlock
                0x0000000000000000       0x2c /tmp/ccbdOVUi.ltrans0.ltrans.o
 .text.FLASH_OB_Lock
                0x0000000000000000       0x1c /tmp/ccbdOVUi.ltrans0.ltrans.o
 .text.FLASH_OB_Launch
                0x0000000000000000       0x1c /tmp/ccbdOVUi.ltrans0.ltrans.o
 .text.FLASH_OB_Erase
                0x0000000000000000       0xdc /tmp/ccbdOVUi.ltrans0.ltrans.o
 .text.FLASH_OB_EnableWRP
                0x0000000000000000      0x100 /tmp/ccbdOVUi.ltrans0.ltrans.o
 .text.FLASH_OB_RDPConfig
                0x0000000000000000       0xf8 /tmp/ccbdOVUi.ltrans0.ltrans.o
 .text.FLASH_OB_UserConfig
                0x0000000000000000      0x100 /tmp/ccbdOVUi.ltrans0.ltrans.o
 .text.FLASH_OB_BOOTConfig
                0x0000000000000000       0xa4 /tmp/ccbdOVUi.ltrans0.ltrans.o
 .text.FLASH_OB_BOOT0Config
                0x0000000000000000       0xa4 /tmp/ccbdOVUi.ltrans0.ltrans.o
 .text.FLASH_OB_BOOT0SWConfig
                0x0000000000000000       0xa4 /tmp/ccbdOVUi.ltrans0.ltrans.o
 .text.FLASH_OB_VDDAConfig
                0x0000000000000000       0xa4 /tmp/ccbdOVUi.ltrans0.ltrans.o
 .text.FLASH_OB_SRAMParityConfig
                0x0000000000000000       0xa4 /tmp/ccbdOVUi.ltrans0.ltrans.o
 .text.FLASH_OB_WriteUser
                0x0000000000000000       0x80 /tmp/ccbdOVUi.ltrans0.ltrans.o
 .text.FLASH_OB_ProgramData
                0x0000000000000000       0xa4 /tmp/ccbdOVUi.ltrans0.ltrans.o
 .text.FLASH_OB_GetUser
                0x0000000000000000       0x18 /tmp/ccbdOVUi.ltrans0.ltrans.o
 .text.FLASH_OB_GetWRP
                0x0000000000000000       0x14 /tmp/ccbdOVUi.ltrans0.ltrans.o
 .text.FLASH_OB_GetRDP
                0x0000000000000000       0x38 /tmp/ccbdOVUi.ltrans0.ltrans.o
 .text.FLASH_ITConfig
                0x0000000000000000       0x78 /tmp/ccbdOVUi.ltrans0.ltrans.o
 .text.FLASH_GetFlagStatus
                0x0000000000000000       0x64 /tmp/ccbdOVUi.ltrans0.ltrans.o
 .text.FLASH_ClearFlag
                0x0000000000000000       0x34 /tmp/ccbdOVUi.ltrans0.ltrans.o
 COMMON         0x0000000000000000        0x4 /tmp/ccbdOVUi.ltrans0.ltrans.o
 .text          0x0000000000000000        0x0 /home/opt/arm-toolchains/gcc-arm-none-eabi-7-2018-q2-update/bin/../lib/gcc/arm-none-eabi/7.3.1/../../../../arm-none-eabi/lib/thumb/v6-m/libstdc++_nano.a(del_ops.o)
 .data          0x0000000000000000        0x0 /home/opt/arm-toolchains/gcc-arm-none-eabi-7-2018-q2-update/bin/../lib/gcc/arm-none-eabi/7.3.1/../../../../arm-none-eabi/lib/thumb/v6-m/libstdc++_nano.a(del_ops.o)
 .bss           0x0000000000000000        0x0 /home/opt/arm-toolchains/gcc-arm-none-eabi-7-2018-q2-update/bin/../lib/gcc/arm-none-eabi/7.3.1/../../../../arm-none-eabi/lib/thumb/v6-m/libstdc++_nano.a(del_ops.o)
 .text          0x0000000000000000        0x0 /home/opt/arm-toolchains/gcc-arm-none-eabi-7-2018-q2-update/bin/../lib/gcc/arm-none-eabi/7.3.1/../../../../arm-none-eabi/lib/thumb/v6-m/libstdc++_nano.a(del_op.o)
 .data          0x0000000000000000        0x0 /home/opt/arm-toolchains/gcc-arm-none-eabi-7-2018-q2-update/bin/../lib/gcc/arm-none-eabi/7.3.1/../../../../arm-none-eabi/lib/thumb/v6-m/libstdc++_nano.a(del_op.o)
 .bss           0x0000000000000000        0x0 /home/opt/arm-toolchains/gcc-arm-none-eabi-7-2018-q2-update/bin/../lib/gcc/arm-none-eabi/7.3.1/../../../../arm-none-eabi/lib/thumb/v6-m/libstdc++_nano.a(del_op.o)
 .text          0x0000000000000000        0x0 /home/opt/arm-toolchains/gcc-arm-none-eabi-7-2018-q2-update/bin/../lib/gcc/arm-none-eabi/7.3.1/../../../../arm-none-eabi/lib/thumb/v6-m/libg_nano.a(lib_a-errno.o)
 .data          0x0000000000000000        0x0 /home/opt/arm-toolchains/gcc-arm-none-eabi-7-2018-q2-update/bin/../lib/gcc/arm-none-eabi/7.3.1/../../../../arm-none-eabi/lib/thumb/v6-m/libg_nano.a(lib_a-errno.o)
 .bss           0x0000000000000000        0x0 /home/opt/arm-toolchains/gcc-arm-none-eabi-7-2018-q2-update/bin/../lib/gcc/arm-none-eabi/7.3.1/../../../../arm-none-eabi/lib/thumb/v6-m/libg_nano.a(lib_a-errno.o)
 .text.__errno  0x0000000000000000        0xc /home/opt/arm-toolchains/gcc-arm-none-eabi-7-2018-q2-update/bin/../lib/gcc/arm-none-eabi/7.3.1/../../../../arm-none-eabi/lib/thumb/v6-m/libg_nano.a(lib_a-errno.o)
 .debug_frame   0x0000000000000000       0x20 /home/opt/arm-toolchains/gcc-arm-none-eabi-7-2018-q2-update/bin/../lib/gcc/arm-none-eabi/7.3.1/../../../../arm-none-eabi/lib/thumb/v6-m/libg_nano.a(lib_a-errno.o)
 .ARM.attributes
                0x0000000000000000       0x2c /home/opt/arm-toolchains/gcc-arm-none-eabi-7-2018-q2-update/bin/../lib/gcc/arm-none-eabi/7.3.1/../../../../arm-none-eabi/lib/thumb/v6-m/libg_nano.a(lib_a-errno.o)
 .text          0x0000000000000000        0x0 /home/opt/arm-toolchains/gcc-arm-none-eabi-7-2018-q2-update/bin/../lib/gcc/arm-none-eabi/7.3.1/../../../../arm-none-eabi/lib/thumb/v6-m/libg_nano.a(lib_a-impure.o)
 .data          0x0000000000000000        0x0 /home/opt/arm-toolchains/gcc-arm-none-eabi-7-2018-q2-update/bin/../lib/gcc/arm-none-eabi/7.3.1/../../../../arm-none-eabi/lib/thumb/v6-m/libg_nano.a(lib_a-impure.o)
 .bss           0x0000000000000000        0x0 /home/opt/arm-toolchains/gcc-arm-none-eabi-7-2018-q2-update/bin/../lib/gcc/arm-none-eabi/7.3.1/../../../../arm-none-eabi/lib/thumb/v6-m/libg_nano.a(lib_a-impure.o)
 .rodata._global_impure_ptr
                0x0000000000000000        0x4 /home/opt/arm-toolchains/gcc-arm-none-eabi-7-2018-q2-update/bin/../lib/gcc/arm-none-eabi/7.3.1/../../../../arm-none-eabi/lib/thumb/v6-m/libg_nano.a(lib_a-impure.o)
 .text          0x0000000000000000        0x0 /home/opt/arm-toolchains/gcc-arm-none-eabi-7-2018-q2-update/bin/../lib/gcc/arm-none-eabi/7.3.1/../../../../arm-none-eabi/lib/thumb/v6-m/libg_nano.a(lib_a-isdigit.o)
 .data          0x0000000000000000        0x0 /home/opt/arm-toolchains/gcc-arm-none-eabi-7-2018-q2-update/bin/../lib/gcc/arm-none-eabi/7.3.1/../../../../arm-none-eabi/lib/thumb/v6-m/libg_nano.a(lib_a-isdigit.o)
 .bss           0x0000000000000000        0x0 /home/opt/arm-toolchains/gcc-arm-none-eabi-7-2018-q2-update/bin/../lib/gcc/arm-none-eabi/7.3.1/../../../../arm-none-eabi/lib/thumb/v6-m/libg_nano.a(lib_a-isdigit.o)
 .text.isdigit  0x0000000000000000       0x12 /home/opt/arm-toolchains/gcc-arm-none-eabi-7-2018-q2-update/bin/../lib/gcc/arm-none-eabi/7.3.1/../../../../arm-none-eabi/lib/thumb/v6-m/libg_nano.a(lib_a-isdigit.o)
 .debug_frame   0x0000000000000000       0x28 /home/opt/arm-toolchains/gcc-arm-none-eabi-7-2018-q2-update/bin/../lib/gcc/arm-none-eabi/7.3.1/../../../../arm-none-eabi/lib/thumb/v6-m/libg_nano.a(lib_a-isdigit.o)
 .ARM.attributes
                0x0000000000000000       0x2c /home/opt/arm-toolchains/gcc-arm-none-eabi-7-2018-q2-update/bin/../lib/gcc/arm-none-eabi/7.3.1/../../../../arm-none-eabi/lib/thumb/v6-m/libg_nano.a(lib_a-isdigit.o)
 .text          0x0000000000000000        0x0 /home/opt/arm-toolchains/gcc-arm-none-eabi-7-2018-q2-update/bin/../lib/gcc/arm-none-eabi/7.3.1/../../../../arm-none-eabi/lib/thumb/v6-m/libg_nano.a(lib_a-locale.o)
 .data          0x0000000000000000        0x0 /home/opt/arm-toolchains/gcc-arm-none-eabi-7-2018-q2-update/bin/../lib/gcc/arm-none-eabi/7.3.1/../../../../arm-none-eabi/lib/thumb/v6-m/libg_nano.a(lib_a-locale.o)
 .bss           0x0000000000000000        0x0 /home/opt/arm-toolchains/gcc-arm-none-eabi-7-2018-q2-update/bin/../lib/gcc/arm-none-eabi/7.3.1/../../../../arm-none-eabi/lib/thumb/v6-m/libg_nano.a(lib_a-locale.o)
 .text._setlocale_r
                0x0000000000000000       0x40 /home/opt/arm-toolchains/gcc-arm-none-eabi-7-2018-q2-update/bin/../lib/gcc/arm-none-eabi/7.3.1/../../../../arm-none-eabi/lib/thumb/v6-m/libg_nano.a(lib_a-locale.o)
 .text.__locale_mb_cur_max
                0x0000000000000000       0x1c /home/opt/arm-toolchains/gcc-arm-none-eabi-7-2018-q2-update/bin/../lib/gcc/arm-none-eabi/7.3.1/../../../../arm-none-eabi/lib/thumb/v6-m/libg_nano.a(lib_a-locale.o)
 .text.__locale_ctype_ptr_l
                0x0000000000000000        0x6 /home/opt/arm-toolchains/gcc-arm-none-eabi-7-2018-q2-update/bin/../lib/gcc/arm-none-eabi/7.3.1/../../../../arm-none-eabi/lib/thumb/v6-m/libg_nano.a(lib_a-locale.o)
 .text.__locale_ctype_ptr
                0x0000000000000000       0x1c /home/opt/arm-toolchains/gcc-arm-none-eabi-7-2018-q2-update/bin/../lib/gcc/arm-none-eabi/7.3.1/../../../../arm-none-eabi/lib/thumb/v6-m/libg_nano.a(lib_a-locale.o)
 .text.setlocale
                0x0000000000000000       0x14 /home/opt/arm-toolchains/gcc-arm-none-eabi-7-2018-q2-update/bin/../lib/gcc/arm-none-eabi/7.3.1/../../../../arm-none-eabi/lib/thumb/v6-m/libg_nano.a(lib_a-locale.o)
 .bss._PathLocale
                0x0000000000000000        0x4 /home/opt/arm-toolchains/gcc-arm-none-eabi-7-2018-q2-update/bin/../lib/gcc/arm-none-eabi/7.3.1/../../../../arm-none-eabi/lib/thumb/v6-m/libg_nano.a(lib_a-locale.o)
 .data.__global_locale
                0x0000000000000000      0x16c /home/opt/arm-toolchains/gcc-arm-none-eabi-7-2018-q2-update/bin/../lib/gcc/arm-none-eabi/7.3.1/../../../../arm-none-eabi/lib/thumb/v6-m/libg_nano.a(lib_a-locale.o)
 .rodata._setlocale_r.str1.1
                0x0000000000000000        0x9 /home/opt/arm-toolchains/gcc-arm-none-eabi-7-2018-q2-update/bin/../lib/gcc/arm-none-eabi/7.3.1/../../../../arm-none-eabi/lib/thumb/v6-m/libg_nano.a(lib_a-locale.o)
 .rodata.str1.1
                0x0000000000000000        0x2 /home/opt/arm-toolchains/gcc-arm-none-eabi-7-2018-q2-update/bin/../lib/gcc/arm-none-eabi/7.3.1/../../../../arm-none-eabi/lib/thumb/v6-m/libg_nano.a(lib_a-locale.o)
 .debug_frame   0x0000000000000000       0x74 /home/opt/arm-toolchains/gcc-arm-none-eabi-7-2018-q2-update/bin/../lib/gcc/arm-none-eabi/7.3.1/../../../../arm-none-eabi/lib/thumb/v6-m/libg_nano.a(lib_a-locale.o)
 .ARM.attributes
                0x0000000000000000       0x2c /home/opt/arm-toolchains/gcc-arm-none-eabi-7-2018-q2-update/bin/../lib/gcc/arm-none-eabi/7.3.1/../../../../arm-none-eabi/lib/thumb/v6-m/libg_nano.a(lib_a-locale.o)
 .text          0x0000000000000000        0x0 /home/opt/arm-toolchains/gcc-arm-none-eabi-7-2018-q2-update/bin/../lib/gcc/arm-none-eabi/7.3.1/../../../../arm-none-eabi/lib/thumb/v6-m/libg_nano.a(lib_a-malloc.o)
 .data          0x0000000000000000        0x0 /home/opt/arm-toolchains/gcc-arm-none-eabi-7-2018-q2-update/bin/../lib/gcc/arm-none-eabi/7.3.1/../../../../arm-none-eabi/lib/thumb/v6-m/libg_nano.a(lib_a-malloc.o)
 .bss           0x0000000000000000        0x0 /home/opt/arm-toolchains/gcc-arm-none-eabi-7-2018-q2-update/bin/../lib/gcc/arm-none-eabi/7.3.1/../../../../arm-none-eabi/lib/thumb/v6-m/libg_nano.a(lib_a-malloc.o)
 .text.malloc   0x0000000000000000       0x14 /home/opt/arm-toolchains/gcc-arm-none-eabi-7-2018-q2-update/bin/../lib/gcc/arm-none-eabi/7.3.1/../../../../arm-none-eabi/lib/thumb/v6-m/libg_nano.a(lib_a-malloc.o)
 .text          0x0000000000000000        0x0 /home/opt/arm-toolchains/gcc-arm-none-eabi-7-2018-q2-update/bin/../lib/gcc/arm-none-eabi/7.3.1/../../../../arm-none-eabi/lib/thumb/v6-m/libg_nano.a(lib_a-mbtowc_r.o)
 .data          0x0000000000000000        0x0 /home/opt/arm-toolchains/gcc-arm-none-eabi-7-2018-q2-update/bin/../lib/gcc/arm-none-eabi/7.3.1/../../../../arm-none-eabi/lib/thumb/v6-m/libg_nano.a(lib_a-mbtowc_r.o)
 .bss           0x0000000000000000        0x0 /home/opt/arm-toolchains/gcc-arm-none-eabi-7-2018-q2-update/bin/../lib/gcc/arm-none-eabi/7.3.1/../../../../arm-none-eabi/lib/thumb/v6-m/libg_nano.a(lib_a-mbtowc_r.o)
 .text._mbtowc_r
                0x0000000000000000       0x24 /home/opt/arm-toolchains/gcc-arm-none-eabi-7-2018-q2-update/bin/../lib/gcc/arm-none-eabi/7.3.1/../../../../arm-none-eabi/lib/thumb/v6-m/libg_nano.a(lib_a-mbtowc_r.o)
 .text.__ascii_mbtowc
                0x0000000000000000       0x24 /home/opt/arm-toolchains/gcc-arm-none-eabi-7-2018-q2-update/bin/../lib/gcc/arm-none-eabi/7.3.1/../../../../arm-none-eabi/lib/thumb/v6-m/libg_nano.a(lib_a-mbtowc_r.o)
 .debug_frame   0x0000000000000000       0x44 /home/opt/arm-toolchains/gcc-arm-none-eabi-7-2018-q2-update/bin/../lib/gcc/arm-none-eabi/7.3.1/../../../../arm-none-eabi/lib/thumb/v6-m/libg_nano.a(lib_a-mbtowc_r.o)
 .ARM.attributes
                0x0000000000000000       0x2c /home/opt/arm-toolchains/gcc-arm-none-eabi-7-2018-q2-update/bin/../lib/gcc/arm-none-eabi/7.3.1/../../../../arm-none-eabi/lib/thumb/v6-m/libg_nano.a(lib_a-mbtowc_r.o)
 .text          0x0000000000000000        0x0 /home/opt/arm-toolchains/gcc-arm-none-eabi-7-2018-q2-update/bin/../lib/gcc/arm-none-eabi/7.3.1/../../../../arm-none-eabi/lib/thumb/v6-m/libg_nano.a(lib_a-nano-freer.o)
 .data          0x0000000000000000        0x0 /home/opt/arm-toolchains/gcc-arm-none-eabi-7-2018-q2-update/bin/../lib/gcc/arm-none-eabi/7.3.1/../../../../arm-none-eabi/lib/thumb/v6-m/libg_nano.a(lib_a-nano-freer.o)
 .bss           0x0000000000000000        0x0 /home/opt/arm-toolchains/gcc-arm-none-eabi-7-2018-q2-update/bin/../lib/gcc/arm-none-eabi/7.3.1/../../../../arm-none-eabi/lib/thumb/v6-m/libg_nano.a(lib_a-nano-freer.o)
 .text          0x0000000000000000        0x0 /home/opt/arm-toolchains/gcc-arm-none-eabi-7-2018-q2-update/bin/../lib/gcc/arm-none-eabi/7.3.1/../../../../arm-none-eabi/lib/thumb/v6-m/libg_nano.a(lib_a-nano-mallocr.o)
 .data          0x0000000000000000        0x0 /home/opt/arm-toolchains/gcc-arm-none-eabi-7-2018-q2-update/bin/../lib/gcc/arm-none-eabi/7.3.1/../../../../arm-none-eabi/lib/thumb/v6-m/libg_nano.a(lib_a-nano-mallocr.o)
 .bss           0x0000000000000000        0x0 /home/opt/arm-toolchains/gcc-arm-none-eabi-7-2018-q2-update/bin/../lib/gcc/arm-none-eabi/7.3.1/../../../../arm-none-eabi/lib/thumb/v6-m/libg_nano.a(lib_a-nano-mallocr.o)
 .text._malloc_r
                0x0000000000000000       0xbc /home/opt/arm-toolchains/gcc-arm-none-eabi-7-2018-q2-update/bin/../lib/gcc/arm-none-eabi/7.3.1/../../../../arm-none-eabi/lib/thumb/v6-m/libg_nano.a(lib_a-nano-mallocr.o)
 .bss.__malloc_sbrk_start
                0x0000000000000000        0x4 /home/opt/arm-toolchains/gcc-arm-none-eabi-7-2018-q2-update/bin/../lib/gcc/arm-none-eabi/7.3.1/../../../../arm-none-eabi/lib/thumb/v6-m/libg_nano.a(lib_a-nano-mallocr.o)
 .text          0x0000000000000000        0x0 /home/opt/arm-toolchains/gcc-arm-none-eabi-7-2018-q2-update/bin/../lib/gcc/arm-none-eabi/7.3.1/../../../../arm-none-eabi/lib/thumb/v6-m/libg_nano.a(lib_a-sbrkr.o)
 .data          0x0000000000000000        0x0 /home/opt/arm-toolchains/gcc-arm-none-eabi-7-2018-q2-update/bin/../lib/gcc/arm-none-eabi/7.3.1/../../../../arm-none-eabi/lib/thumb/v6-m/libg_nano.a(lib_a-sbrkr.o)
 .bss           0x0000000000000000        0x0 /home/opt/arm-toolchains/gcc-arm-none-eabi-7-2018-q2-update/bin/../lib/gcc/arm-none-eabi/7.3.1/../../../../arm-none-eabi/lib/thumb/v6-m/libg_nano.a(lib_a-sbrkr.o)
 .text._sbrk_r  0x0000000000000000       0x24 /home/opt/arm-toolchains/gcc-arm-none-eabi-7-2018-q2-update/bin/../lib/gcc/arm-none-eabi/7.3.1/../../../../arm-none-eabi/lib/thumb/v6-m/libg_nano.a(lib_a-sbrkr.o)
 .debug_frame   0x0000000000000000       0x2c /home/opt/arm-toolchains/gcc-arm-none-eabi-7-2018-q2-update/bin/../lib/gcc/arm-none-eabi/7.3.1/../../../../arm-none-eabi/lib/thumb/v6-m/libg_nano.a(lib_a-sbrkr.o)
 .ARM.attributes
                0x0000000000000000       0x2c /home/opt/arm-toolchains/gcc-arm-none-eabi-7-2018-q2-update/bin/../lib/gcc/arm-none-eabi/7.3.1/../../../../arm-none-eabi/lib/thumb/v6-m/libg_nano.a(lib_a-sbrkr.o)
 .text          0x0000000000000000       0x14 /home/opt/arm-toolchains/gcc-arm-none-eabi-7-2018-q2-update/bin/../lib/gcc/arm-none-eabi/7.3.1/../../../../arm-none-eabi/lib/thumb/v6-m/libg_nano.a(lib_a-strcmp.o)
 .data          0x0000000000000000        0x0 /home/opt/arm-toolchains/gcc-arm-none-eabi-7-2018-q2-update/bin/../lib/gcc/arm-none-eabi/7.3.1/../../../../arm-none-eabi/lib/thumb/v6-m/libg_nano.a(lib_a-strcmp.o)
 .bss           0x0000000000000000        0x0 /home/opt/arm-toolchains/gcc-arm-none-eabi-7-2018-q2-update/bin/../lib/gcc/arm-none-eabi/7.3.1/../../../../arm-none-eabi/lib/thumb/v6-m/libg_nano.a(lib_a-strcmp.o)
 .debug_frame   0x0000000000000000       0x20 /home/opt/arm-toolchains/gcc-arm-none-eabi-7-2018-q2-update/bin/../lib/gcc/arm-none-eabi/7.3.1/../../../../arm-none-eabi/lib/thumb/v6-m/libg_nano.a(lib_a-strcmp.o)
 .ARM.attributes
                0x0000000000000000       0x1c /home/opt/arm-toolchains/gcc-arm-none-eabi-7-2018-q2-update/bin/../lib/gcc/arm-none-eabi/7.3.1/../../../../arm-none-eabi/lib/thumb/v6-m/libg_nano.a(lib_a-strcmp.o)
 .text          0x0000000000000000        0xe /home/opt/arm-toolchains/gcc-arm-none-eabi-7-2018-q2-update/bin/../lib/gcc/arm-none-eabi/7.3.1/../../../../arm-none-eabi/lib/thumb/v6-m/libg_nano.a(lib_a-strlen.o)
 .data          0x0000000000000000        0x0 /home/opt/arm-toolchains/gcc-arm-none-eabi-7-2018-q2-update/bin/../lib/gcc/arm-none-eabi/7.3.1/../../../../arm-none-eabi/lib/thumb/v6-m/libg_nano.a(lib_a-strlen.o)
 .bss           0x0000000000000000        0x0 /home/opt/arm-toolchains/gcc-arm-none-eabi-7-2018-q2-update/bin/../lib/gcc/arm-none-eabi/7.3.1/../../../../arm-none-eabi/lib/thumb/v6-m/libg_nano.a(lib_a-strlen.o)
 .ARM.attributes
                0x0000000000000000       0x1c /home/opt/arm-toolchains/gcc-arm-none-eabi-7-2018-q2-update/bin/../lib/gcc/arm-none-eabi/7.3.1/../../../../arm-none-eabi/lib/thumb/v6-m/libg_nano.a(lib_a-strlen.o)
 .text          0x0000000000000000        0x0 /home/opt/arm-toolchains/gcc-arm-none-eabi-7-2018-q2-update/bin/../lib/gcc/arm-none-eabi/7.3.1/../../../../arm-none-eabi/lib/thumb/v6-m/libg_nano.a(lib_a-wctomb_r.o)
 .data          0x0000000000000000        0x0 /home/opt/arm-toolchains/gcc-arm-none-eabi-7-2018-q2-update/bin/../lib/gcc/arm-none-eabi/7.3.1/../../../../arm-none-eabi/lib/thumb/v6-m/libg_nano.a(lib_a-wctomb_r.o)
 .bss           0x0000000000000000        0x0 /home/opt/arm-toolchains/gcc-arm-none-eabi-7-2018-q2-update/bin/../lib/gcc/arm-none-eabi/7.3.1/../../../../arm-none-eabi/lib/thumb/v6-m/libg_nano.a(lib_a-wctomb_r.o)
 .text._wctomb_r
                0x0000000000000000       0x20 /home/opt/arm-toolchains/gcc-arm-none-eabi-7-2018-q2-update/bin/../lib/gcc/arm-none-eabi/7.3.1/../../../../arm-none-eabi/lib/thumb/v6-m/libg_nano.a(lib_a-wctomb_r.o)
 .text.__ascii_wctomb
                0x0000000000000000       0x18 /home/opt/arm-toolchains/gcc-arm-none-eabi-7-2018-q2-update/bin/../lib/gcc/arm-none-eabi/7.3.1/../../../../arm-none-eabi/lib/thumb/v6-m/libg_nano.a(lib_a-wctomb_r.o)
 .debug_frame   0x0000000000000000       0x38 /home/opt/arm-toolchains/gcc-arm-none-eabi-7-2018-q2-update/bin/../lib/gcc/arm-none-eabi/7.3.1/../../../../arm-none-eabi/lib/thumb/v6-m/libg_nano.a(lib_a-wctomb_r.o)
 .ARM.attributes
                0x0000000000000000       0x2c /home/opt/arm-toolchains/gcc-arm-none-eabi-7-2018-q2-update/bin/../lib/gcc/arm-none-eabi/7.3.1/../../../../arm-none-eabi/lib/thumb/v6-m/libg_nano.a(lib_a-wctomb_r.o)
 .text          0x0000000000000000        0x0 /home/opt/arm-toolchains/gcc-arm-none-eabi-7-2018-q2-update/bin/../lib/gcc/arm-none-eabi/7.3.1/../../../../arm-none-eabi/lib/thumb/v6-m/libg_nano.a(lib_a-ctype_.o)
 .data          0x0000000000000000        0x0 /home/opt/arm-toolchains/gcc-arm-none-eabi-7-2018-q2-update/bin/../lib/gcc/arm-none-eabi/7.3.1/../../../../arm-none-eabi/lib/thumb/v6-m/libg_nano.a(lib_a-ctype_.o)
 .bss           0x0000000000000000        0x0 /home/opt/arm-toolchains/gcc-arm-none-eabi-7-2018-q2-update/bin/../lib/gcc/arm-none-eabi/7.3.1/../../../../arm-none-eabi/lib/thumb/v6-m/libg_nano.a(lib_a-ctype_.o)
 .rodata._ctype_
                0x0000000000000000      0x101 /home/opt/arm-toolchains/gcc-arm-none-eabi-7-2018-q2-update/bin/../lib/gcc/arm-none-eabi/7.3.1/../../../../arm-none-eabi/lib/thumb/v6-m/libg_nano.a(lib_a-ctype_.o)
 .ARM.attributes
                0x0000000000000000       0x2c /home/opt/arm-toolchains/gcc-arm-none-eabi-7-2018-q2-update/bin/../lib/gcc/arm-none-eabi/7.3.1/../../../../arm-none-eabi/lib/thumb/v6-m/libg_nano.a(lib_a-ctype_.o)
 .text          0x0000000000000000        0x0 /home/opt/arm-toolchains/gcc-arm-none-eabi-7-2018-q2-update/bin/../lib/gcc/arm-none-eabi/7.3.1/../../../../arm-none-eabi/lib/thumb/v6-m/libg_nano.a(lib_a-mlock.o)
 .data          0x0000000000000000        0x0 /home/opt/arm-toolchains/gcc-arm-none-eabi-7-2018-q2-update/bin/../lib/gcc/arm-none-eabi/7.3.1/../../../../arm-none-eabi/lib/thumb/v6-m/libg_nano.a(lib_a-mlock.o)
 .bss           0x0000000000000000        0x0 /home/opt/arm-toolchains/gcc-arm-none-eabi-7-2018-q2-update/bin/../lib/gcc/arm-none-eabi/7.3.1/../../../../arm-none-eabi/lib/thumb/v6-m/libg_nano.a(lib_a-mlock.o)
 .data          0x0000000000000000        0x0 /home/opt/arm-toolchains/gcc-arm-none-eabi-7-2018-q2-update/bin/../lib/gcc/arm-none-eabi/7.3.1/thumb/v6-m/libgcc.a(_udivsi3.o)
 .bss           0x0000000000000000        0x0 /home/opt/arm-toolchains/gcc-arm-none-eabi-7-2018-q2-update/bin/../lib/gcc/arm-none-eabi/7.3.1/thumb/v6-m/libgcc.a(_udivsi3.o)
 .text          0x0000000000000000      0x1d4 /home/opt/arm-toolchains/gcc-arm-none-eabi-7-2018-q2-update/bin/../lib/gcc/arm-none-eabi/7.3.1/thumb/v6-m/libgcc.a(_divsi3.o)
 .data          0x0000000000000000        0x0 /home/opt/arm-toolchains/gcc-arm-none-eabi-7-2018-q2-update/bin/../lib/gcc/arm-none-eabi/7.3.1/thumb/v6-m/libgcc.a(_divsi3.o)
 .bss           0x0000000000000000        0x0 /home/opt/arm-toolchains/gcc-arm-none-eabi-7-2018-q2-update/bin/../lib/gcc/arm-none-eabi/7.3.1/thumb/v6-m/libgcc.a(_divsi3.o)
 .debug_frame   0x0000000000000000       0x20 /home/opt/arm-toolchains/gcc-arm-none-eabi-7-2018-q2-update/bin/../lib/gcc/arm-none-eabi/7.3.1/thumb/v6-m/libgcc.a(_divsi3.o)
 .ARM.attributes
                0x0000000000000000       0x1e /home/opt/arm-toolchains/gcc-arm-none-eabi-7-2018-q2-update/bin/../lib/gcc/arm-none-eabi/7.3.1/thumb/v6-m/libgcc.a(_divsi3.o)
 .data          0x0000000000000000        0x0 /home/opt/arm-toolchains/gcc-arm-none-eabi-7-2018-q2-update/bin/../lib/gcc/arm-none-eabi/7.3.1/thumb/v6-m/libgcc.a(_dvmd_tls.o)
 .bss           0x0000000000000000        0x0 /home/opt/arm-toolchains/gcc-arm-none-eabi-7-2018-q2-update/bin/../lib/gcc/arm-none-eabi/7.3.1/thumb/v6-m/libgcc.a(_dvmd_tls.o)
 .text          0x0000000000000000        0x0 /home/opt/arm-toolchains/gcc-arm-none-eabi-7-2018-q2-update/bin/../lib/gcc/arm-none-eabi/7.3.1/../../../../arm-none-eabi/lib/thumb/v6-m/libg_nano.a(lib_a-memset.o)
 .data          0x0000000000000000        0x0 /home/opt/arm-toolchains/gcc-arm-none-eabi-7-2018-q2-update/bin/../lib/gcc/arm-none-eabi/7.3.1/../../../../arm-none-eabi/lib/thumb/v6-m/libg_nano.a(lib_a-memset.o)
 .bss           0x0000000000000000        0x0 /home/opt/arm-toolchains/gcc-arm-none-eabi-7-2018-q2-update/bin/../lib/gcc/arm-none-eabi/7.3.1/../../../../arm-none-eabi/lib/thumb/v6-m/libg_nano.a(lib_a-memset.o)

Memory Configuration

Name             Origin             Length             Attributes
RAM              0x0000000020000000 0x0000000000002000 xrw
CCMRAM           0x0000000000000000 0x0000000000000000 xrw
FLASH            0x0000000008000000 0x0000000000008000 xr
FLASHB1          0x0000000000000000 0x0000000000000000 xr
EXTMEMB0         0x0000000000000000 0x0000000000000000 xr
EXTMEMB1         0x0000000000000000 0x0000000000000000 xr
EXTMEMB2         0x0000000000000000 0x0000000000000000 xr
EXTMEMB3         0x0000000000000000 0x0000000000000000 xr
MEMORY_ARRAY     0x0000000000000000 0x0000000000000000 xrw
*default*        0x0000000000000000 0xffffffffffffffff

Linker script and memory map

LOAD /tmp/ccbdOVUi.ltrans0.ltrans.o
LOAD /home/opt/arm-toolchains/gcc-arm-none-eabi-7-2018-q2-update/bin/../lib/gcc/arm-none-eabi/7.3.1/../../../../arm-none-eabi/lib/thumb/v6-m/libstdc++_nano.a
LOAD /home/opt/arm-toolchains/gcc-arm-none-eabi-7-2018-q2-update/bin/../lib/gcc/arm-none-eabi/7.3.1/../../../../arm-none-eabi/lib/thumb/v6-m/libm.a
START GROUP
LOAD /home/opt/arm-toolchains/gcc-arm-none-eabi-7-2018-q2-update/bin/../lib/gcc/arm-none-eabi/7.3.1/thumb/v6-m/libgcc.a
LOAD /home/opt/arm-toolchains/gcc-arm-none-eabi-7-2018-q2-update/bin/../lib/gcc/arm-none-eabi/7.3.1/../../../../arm-none-eabi/lib/thumb/v6-m/libg_nano.a
LOAD /home/opt/arm-toolchains/gcc-arm-none-eabi-7-2018-q2-update/bin/../lib/gcc/arm-none-eabi/7.3.1/../../../../arm-none-eabi/lib/thumb/v6-m/libc_nano.a
END GROUP
START GROUP
LOAD /home/opt/arm-toolchains/gcc-arm-none-eabi-7-2018-q2-update/bin/../lib/gcc/arm-none-eabi/7.3.1/thumb/v6-m/libgcc.a
LOAD /home/opt/arm-toolchains/gcc-arm-none-eabi-7-2018-q2-update/bin/../lib/gcc/arm-none-eabi/7.3.1/../../../../arm-none-eabi/lib/thumb/v6-m/libc_nano.a
END GROUP
                0x0000000020002000                __stack = (ORIGIN (RAM) + LENGTH (RAM))
                0x0000000020002000                _estack = __stack
                0x0000000000000400                __Main_Stack_Size = 0x400
                [!provide]                        PROVIDE (_Main_Stack_Size = __Main_Stack_Size)
                0x0000000020001c00                __Main_Stack_Limit = (__stack - __Main_Stack_Size)
                [!provide]                        PROVIDE (_Main_Stack_Limit = __Main_Stack_Limit)
                0x0000000000000100                _Minimum_Stack_Size = 0x100
                0x0000000020000330                PROVIDE (_Heap_Begin = _end_noinit)
                0x0000000020001c00                PROVIDE (_Heap_Limit = (__stack - __Main_Stack_Size))

.isr_vector     0x0000000008000000      0x294
 FILL mask 0xff
                0x0000000008000000                __vectors_start = ABSOLUTE (.)
                0x0000000008000000                __vectors_start__ = ABSOLUTE (.)
 *(.isr_vector)
 .isr_vector    0x0000000008000000       0xc4 /tmp/ccbdOVUi.ltrans0.ltrans.o
                0x0000000008000000                g_pfnVectors
 *(.cfmconfig)
 *(.after_vectors .after_vectors.*)
 .after_vectors
                0x00000000080000c4      0x1d0 /tmp/ccbdOVUi.ltrans0.ltrans.o
                0x00000000080000c4                _start
                0x0000000008000268                HardFault_Handler_C

.inits          0x0000000008000294       0x40
                0x0000000008000294                __data_regions_array_start = .
                0x0000000008000294        0x4 LONG 0x8003518 LOADADDR (.data)
                0x0000000008000298        0x4 LONG 0x20000000 ADDR (.data)
                0x000000000800029c        0x4 LONG 0x20000098 (ADDR (.data) + SIZEOF (.data))
                0x00000000080002a0        0x4 LONG 0x8003518 LOADADDR (.data_CCMRAM)
                0x00000000080002a4        0x4 LONG 0x0 ADDR (.data_CCMRAM)
                0x00000000080002a8        0x4 LONG 0x0 (ADDR (.data_CCMRAM) + SIZEOF (.data_CCMRAM))
                0x00000000080002ac                __data_regions_array_end = .
                0x00000000080002ac                __bss_regions_array_start = .
                0x00000000080002ac        0x4 LONG 0x20000098 ADDR (.bss)
                0x00000000080002b0        0x4 LONG 0x20000330 (ADDR (.bss) + SIZEOF (.bss))
                0x00000000080002b4        0x4 LONG 0x0 ADDR (.bss_CCMRAM)
                0x00000000080002b8        0x4 LONG 0x0 (ADDR (.bss_CCMRAM) + SIZEOF (.bss_CCMRAM))
                0x00000000080002bc                __bss_regions_array_end = .
 *(.init)
 *(.fini)
                0x00000000080002bc                . = ALIGN (0x4)
                0x00000000080002bc                PROVIDE (__preinit_array_start = .)
 *(.preinit_array_sysinit .preinit_array_sysinit.*)
 *(.preinit_array_platform .preinit_array_platform.*)
 *(.preinit_array .preinit_array.*)
                0x00000000080002bc                PROVIDE (__preinit_array_end = .)
                0x00000000080002bc                . = ALIGN (0x4)
                0x00000000080002bc                PROVIDE (__init_array_start = .)
 *(SORT_BY_NAME(.init_array.*))
 *(.init_array)
 .init_array    0x00000000080002bc       0x10 /tmp/ccbdOVUi.ltrans0.ltrans.o
                0x00000000080002cc                PROVIDE (__init_array_end = .)
                0x00000000080002cc                . = ALIGN (0x4)
                0x00000000080002cc                PROVIDE (__fini_array_start = .)
 *(SORT_BY_NAME(.fini_array.*))
 *(.fini_array)
 .fini_array    0x00000000080002cc        0x8 /tmp/ccbdOVUi.ltrans0.ltrans.o
                0x00000000080002d4                PROVIDE (__fini_array_end = .)

.flashtext
 *(.flashtext .flashtext.*)

.text           0x00000000080002d4     0x3244
 *(.text .text.*)
 .text.__cxa_pure_virtual
                0x00000000080002d4       0x14 /tmp/ccbdOVUi.ltrans0.ltrans.o
 .text._exit    0x00000000080002e8        0xa /tmp/ccbdOVUi.ltrans0.ltrans.o
 *fill*         0x00000000080002f2        0x2 
 .text.abort    0x00000000080002f4       0x14 /tmp/ccbdOVUi.ltrans0.ltrans.o
 .text.__initialize_args
                0x0000000008000308       0x20 /tmp/ccbdOVUi.ltrans0.ltrans.o
 .text.__initialize_hardware_early
                0x0000000008000328        0xc /tmp/ccbdOVUi.ltrans0.ltrans.o
 .text.__initialize_hardware
                0x0000000008000334        0xc /tmp/ccbdOVUi.ltrans0.ltrans.o
 .text.SystemInit
                0x0000000008000340       0x8c /tmp/ccbdOVUi.ltrans0.ltrans.o
 .text.SystemCoreClockUpdate
                0x00000000080003cc       0xdc /tmp/ccbdOVUi.ltrans0.ltrans.o
 .text.SetSysClock
                0x00000000080004a8       0xdc /tmp/ccbdOVUi.ltrans0.ltrans.o
 .text.NVIC_SetPriority
                0x0000000008000584       0xe8 /tmp/ccbdOVUi.ltrans0.ltrans.o
 .text.SysTick_Config
                0x000000000800066c       0x48 /tmp/ccbdOVUi.ltrans0.ltrans.o
 .text._ZN8Hardware13errorDispatchENS_9ErrorCodeE
                0x00000000080006b4       0x22 /tmp/ccbdOVUi.ltrans0.ltrans.o
 *fill*         0x00000000080006d6        0x2 
 .text._ZL13flash_latencym
                0x00000000080006d8       0x34 /tmp/ccbdOVUi.ltrans0.ltrans.o
 .text._ZL12pll_start_lbmm
                0x000000000800070c       0xb0 /tmp/ccbdOVUi.ltrans0.ltrans.o
 .text._ZL7rccInitv
                0x00000000080007bc       0x2c /tmp/ccbdOVUi.ltrans0.ltrans.o
 .text._ZN8Hardware9NVIC_initEv
                0x00000000080007e8        0x8 /tmp/ccbdOVUi.ltrans0.ltrans.o
 .text._ZN8Hardware4initEv
                0x00000000080007f0       0x54 /tmp/ccbdOVUi.ltrans0.ltrans.o
 .text._ZN8Hardware9WDOG_InitEv
                0x0000000008000844        0x8 /tmp/ccbdOVUi.ltrans0.ltrans.o
 .text._ZN4Gpio7setMODEEP12GPIO_TypeDefhNS_8GpioModeE
                0x000000000800084c       0x4e /tmp/ccbdOVUi.ltrans0.ltrans.o
 .text._ZN4Gpio8setSpeedEP12GPIO_TypeDefhNS_9GpioSpeedE
                0x000000000800089a       0x50 /tmp/ccbdOVUi.ltrans0.ltrans.o
 .text._ZN4Gpio11setPullUpDnEP12GPIO_TypeDefhNS_8GpioPuPdE
                0x00000000080008ea       0x4e /tmp/ccbdOVUi.ltrans0.ltrans.o
 .text._ZN4Gpio8setOTypeEP12GPIO_TypeDefhNS_9GpioOTypeE
                0x0000000008000938       0x56 /tmp/ccbdOVUi.ltrans0.ltrans.o
 .text._ZN4Gpio7getModeEP12GPIO_TypeDefh
                0x000000000800098e       0x30 /tmp/ccbdOVUi.ltrans0.ltrans.o
 .text._ZN4Gpio7getPullEP12GPIO_TypeDefh
                0x00000000080009be       0x30 /tmp/ccbdOVUi.ltrans0.ltrans.o
 .text._ZN4Gpio8getSpeedEP12GPIO_TypeDefh
                0x00000000080009ee       0x30 /tmp/ccbdOVUi.ltrans0.ltrans.o
 .text._ZN4Gpio8getOTypeEP12GPIO_TypeDefh
                0x0000000008000a1e       0x32 /tmp/ccbdOVUi.ltrans0.ltrans.o
 .text._ZN4Gpio11setOutputUpEP12GPIO_TypeDefh
                0x0000000008000a50       0x24 /tmp/ccbdOVUi.ltrans0.ltrans.o
 .text._ZN4Gpio13setOutputDownEP12GPIO_TypeDefh
                0x0000000008000a74       0x26 /tmp/ccbdOVUi.ltrans0.ltrans.o
 .text._ZN4Gpio9setOutputEP12GPIO_TypeDefhb
                0x0000000008000a9a       0x44 /tmp/ccbdOVUi.ltrans0.ltrans.o
 .text._ZN4Gpio9getOutputEP12GPIO_TypeDefh
                0x0000000008000ade       0x30 /tmp/ccbdOVUi.ltrans0.ltrans.o
 .text._ZN4Gpio14setupFromCloneEP12GPIO_TypeDefhS1_h
                0x0000000008000b0e       0x9c /tmp/ccbdOVUi.ltrans0.ltrans.o
 .text._ZN4Gpio7setMODEENS_8GpioModeE
                0x0000000008000baa       0x26 /tmp/ccbdOVUi.ltrans0.ltrans.o
 .text._ZN4Gpio8setSpeedENS_9GpioSpeedE
                0x0000000008000bd0       0x26 /tmp/ccbdOVUi.ltrans0.ltrans.o
 .text._ZN4Gpio11setPullUpDnENS_8GpioPuPdE
                0x0000000008000bf6       0x26 /tmp/ccbdOVUi.ltrans0.ltrans.o
 .text._ZN4Gpio8setOTypeENS_9GpioOTypeE
                0x0000000008000c1c       0x26 /tmp/ccbdOVUi.ltrans0.ltrans.o
 .text._ZN4Gpio11setOutputUpEv
                0x0000000008000c42       0x1e /tmp/ccbdOVUi.ltrans0.ltrans.o
 .text._ZN4Gpio13setOutputDownEv
                0x0000000008000c60       0x1e /tmp/ccbdOVUi.ltrans0.ltrans.o
 .text._ZN4Gpio9setOutputENS_5LevelE
                0x0000000008000c7e       0x2e /tmp/ccbdOVUi.ltrans0.ltrans.o
 .text._ZN4Gpio9getOutputEv
                0x0000000008000cac       0x2a /tmp/ccbdOVUi.ltrans0.ltrans.o
 .text._ZN4Gpio5setupENS_8GpioModeENS_9GpioOTypeENS_8GpioPuPdENS_9GpioSpeedE
                0x0000000008000cd6       0x60 /tmp/ccbdOVUi.ltrans0.ltrans.o
 .text._ZN4Gpio14setupFromCloneEPS_
                0x0000000008000d36       0x24 /tmp/ccbdOVUi.ltrans0.ltrans.o
 .text._ZN7Krokowy6enableEb
                0x0000000008000d5a       0x44 /tmp/ccbdOVUi.ltrans0.ltrans.o
 *fill*         0x0000000008000d9e        0x2 
 .text._ZN7Krokowy11getInstanceEv
                0x0000000008000da0       0x14 /tmp/ccbdOVUi.ltrans0.ltrans.o
 .text._Z16krokPollCallbackv
                0x0000000008000db4       0x14 /tmp/ccbdOVUi.ltrans0.ltrans.o
 .text._ZN7Krokowy4pollEv
                0x0000000008000dc8       0xea /tmp/ccbdOVUi.ltrans0.ltrans.o
 .text._ZN7Krokowy5setupEv
                0x0000000008000eb2       0xb2 /tmp/ccbdOVUi.ltrans0.ltrans.o
 .text._ZN7Krokowy11setStepModeENS_8StepModeE
                0x0000000008000f64       0x8e /tmp/ccbdOVUi.ltrans0.ltrans.o
 *fill*         0x0000000008000ff2        0x2 
 .text._Z41__static_initialization_and_destruction_0ii.lto_priv.0
                0x0000000008000ff4       0x38 /tmp/ccbdOVUi.ltrans0.ltrans.o
 .text._GLOBAL__sub_I__ZN7Krokowy11getInstanceEv
                0x000000000800102c       0x18 /tmp/ccbdOVUi.ltrans0.ltrans.o
 .text._ZN4Fifo7isEmptyEv
                0x0000000008001044       0x20 /tmp/ccbdOVUi.ltrans0.ltrans.o
 .text._ZN4Fifo10isNotEmptyEv
                0x0000000008001064       0x22 /tmp/ccbdOVUi.ltrans0.ltrans.o
 .text._ZN8Keyboard13getFromBufferEv
                0x0000000008001086       0x44 /tmp/ccbdOVUi.ltrans0.ltrans.o
 .text._ZN11FrameBuffer19checkCursorPositionEv
                0x00000000080010ca       0x44 /tmp/ccbdOVUi.ltrans0.ltrans.o
 .text._ZN11FrameBuffer11cursorRightEv
                0x000000000800110e       0x40 /tmp/ccbdOVUi.ltrans0.ltrans.o
 .text._ZN11FrameBuffer6gotoXYEmm
                0x000000000800114e       0x60 /tmp/ccbdOVUi.ltrans0.ltrans.o
 .text._ZN11FrameBuffer5printEc
                0x00000000080011ae       0x42 /tmp/ccbdOVUi.ltrans0.ltrans.o
 .text._ZN11FrameBuffer5printEPKc
                0x00000000080011f0       0x30 /tmp/ccbdOVUi.ltrans0.ltrans.o
 .text._ZN11FrameBuffer7printXYEmmPKc
                0x0000000008001220       0x2c /tmp/ccbdOVUi.ltrans0.ltrans.o
 .text._ZN11FrameBuffer11clearScreenEv
                0x000000000800124c       0x3e /tmp/ccbdOVUi.ltrans0.ltrans.o
 *fill*         0x000000000800128a        0x2 
 .text._ZN5Praca9isStartupEv
                0x000000000800128c       0x24 /tmp/ccbdOVUi.ltrans0.ltrans.o
 .text._ZN8Keyboard9keyToCharENS_3KeyE
                0x00000000080012b0       0x5c /tmp/ccbdOVUi.ltrans0.ltrans.o
 .text._ZN8Keyboard10getCharKeyEv
                0x000000000800130c       0x2c /tmp/ccbdOVUi.ltrans0.ltrans.o
 .text._ZN8Keyboard16getUnbufferedKeyEv
                0x0000000008001338       0x14 /tmp/ccbdOVUi.ltrans0.ltrans.o
 .text._ZN11FrameBuffer12setBackLightEb
                0x000000000800134c       0x1c /tmp/ccbdOVUi.ltrans0.ltrans.o
 .text._ZN5Praca11getInstanceEv
                0x0000000008001368       0x10 /tmp/ccbdOVUi.ltrans0.ltrans.o
 .text._Z9pollPracav
                0x0000000008001378       0x14 /tmp/ccbdOVUi.ltrans0.ltrans.o
 .text._ZN5PracaC2Ev
                0x000000000800138c       0x3c /tmp/ccbdOVUi.ltrans0.ltrans.o
 .text._ZN5PracaD2Ev
                0x00000000080013c8       0x1c /tmp/ccbdOVUi.ltrans0.ltrans.o
 .text._ZN5PracaD0Ev
                0x00000000080013e4       0x24 /tmp/ccbdOVUi.ltrans0.ltrans.o
 .text._ZN5Praca4pollEv
                0x0000000008001408       0xb0 /tmp/ccbdOVUi.ltrans0.ltrans.o
 .text._Z41__static_initialization_and_destruction_0ii.lto_priv.1
                0x00000000080014b8       0x58 /tmp/ccbdOVUi.ltrans0.ltrans.o
 .text._GLOBAL__sub_I_praca
                0x0000000008001510       0x18 /tmp/ccbdOVUi.ltrans0.ltrans.o
 .text._GLOBAL__sub_D_praca
                0x0000000008001528       0x18 /tmp/ccbdOVUi.ltrans0.ltrans.o
 .text._ZN9QuickTask4holdEb
                0x0000000008001540       0x20 /tmp/ccbdOVUi.ltrans0.ltrans.o
 .text._ZN4GpioC2EP12GPIO_TypeDefh
                0x0000000008001560       0x36 /tmp/ccbdOVUi.ltrans0.ltrans.o
 .text._ZN8Keyboard11addToBufferENS_3KeyE
                0x0000000008001596       0x2e /tmp/ccbdOVUi.ltrans0.ltrans.o
 .text._ZN8KeyboardC2EP4GpioS1_S1_S1_S1_S1_S1_
                0x00000000080015c4       0x8c /tmp/ccbdOVUi.ltrans0.ltrans.o
 .text._ZN8Keyboard5setupEv
                0x0000000008001650       0x82 /tmp/ccbdOVUi.ltrans0.ltrans.o
 .text._ZN8Keyboard4pollEv
                0x00000000080016d2       0x4c /tmp/ccbdOVUi.ltrans0.ltrans.o
 .text._ZN11FrameBuffer12forceRefreshEv
                0x000000000800171e       0x1c /tmp/ccbdOVUi.ltrans0.ltrans.o
 .text._ZN11FrameBuffer10homeScreenEv
                0x000000000800173a       0x2a /tmp/ccbdOVUi.ltrans0.ltrans.o
 .text._ZN6Pinout5setupEv
                0x0000000008001764       0x50 /tmp/ccbdOVUi.ltrans0.ltrans.o
 .text._ZN7KrokowyC2EP4GpioS1_S1_S1_S1_S1_
                0x00000000080017b4       0x54 /tmp/ccbdOVUi.ltrans0.ltrans.o
 .text._ZN5Praca5setupEv
                0x0000000008001808       0x12 /tmp/ccbdOVUi.ltrans0.ltrans.o
 *fill*         0x000000000800181a        0x2 
 .text._ZN6PinoutC2Ev
                0x000000000800181c      0x1c8 /tmp/ccbdOVUi.ltrans0.ltrans.o
 .text._Z8keysPollv
                0x00000000080019e4       0x18 /tmp/ccbdOVUi.ltrans0.ltrans.o
 .text.main     0x00000000080019fc       0xb8 /tmp/ccbdOVUi.ltrans0.ltrans.o
 .text._Z41__static_initialization_and_destruction_0ii.lto_priv.2
                0x0000000008001ab4      0x174 /tmp/ccbdOVUi.ltrans0.ltrans.o
 .text._GLOBAL__sub_I_pinout
                0x0000000008001c28       0x18 /tmp/ccbdOVUi.ltrans0.ltrans.o
 .text._ZN4FifoC2EPhm
                0x0000000008001c40       0x2e /tmp/ccbdOVUi.ltrans0.ltrans.o
 .text._ZN4Fifo3putEh
                0x0000000008001c6e       0x6e /tmp/ccbdOVUi.ltrans0.ltrans.o
 .text._ZN4Fifo3getEv
                0x0000000008001cdc       0x5a /tmp/ccbdOVUi.ltrans0.ltrans.o
 .text._ZN11FrameBuffer12refreshStartEv
                0x0000000008001d36       0x14 /tmp/ccbdOVUi.ltrans0.ltrans.o
 .text._ZN11FrameBuffer11refreshStopEv
                0x0000000008001d4a        0xe /tmp/ccbdOVUi.ltrans0.ltrans.o
 .text._ZN11FrameBuffer14setRefreshNeedEv
                0x0000000008001d58       0x14 /tmp/ccbdOVUi.ltrans0.ltrans.o
 .text._ZN11FrameBuffer15isRefreshNeededEv
                0x0000000008001d6c       0x16 /tmp/ccbdOVUi.ltrans0.ltrans.o
 .text._ZNK11FrameBuffer9getBufferEv
                0x0000000008001d82       0x14 /tmp/ccbdOVUi.ltrans0.ltrans.o
 *fill*         0x0000000008001d96        0x2 
 .text._ZN11FrameBufferD2Ev
                0x0000000008001d98       0x1c /tmp/ccbdOVUi.ltrans0.ltrans.o
 .text._ZN9QuickTask4tickEm
                0x0000000008001db4       0x6c /tmp/ccbdOVUi.ltrans0.ltrans.o
 .text._ZN9QuickTask4pollEv
                0x0000000008001e20       0x68 /tmp/ccbdOVUi.ltrans0.ltrans.o
 .text._ZN9QuickTaskC2ENS_6QTTypeEPFvvEm
                0x0000000008001e88       0x94 /tmp/ccbdOVUi.ltrans0.ltrans.o
 .text.SysTick_Handler
                0x0000000008001f1c        0xe /tmp/ccbdOVUi.ltrans0.ltrans.o
 .text._ZN6VEprom15isWritePossibleEv
                0x0000000008001f2a        0xc /tmp/ccbdOVUi.ltrans0.ltrans.o
 *fill*         0x0000000008001f36        0x2 
 .text._ZN6VEprom4initEv
                0x0000000008001f38       0xac /tmp/ccbdOVUi.ltrans0.ltrans.o
 .text._ZN6VEprom9writeWordENS_9VirtAdresEt
                0x0000000008001fe4       0xac /tmp/ccbdOVUi.ltrans0.ltrans.o
 .text._ZN4Gpio9setOutputEb
                0x0000000008002090       0x26 /tmp/ccbdOVUi.ltrans0.ltrans.o
 *fill*         0x00000000080020b6        0x2 
 .text._ZN11FrameBufferC2EmmPh
                0x00000000080020b8       0x64 /tmp/ccbdOVUi.ltrans0.ltrans.o
 .text._ZN17FrameBufferAccessC2EmmPh
                0x000000000800211c       0x30 /tmp/ccbdOVUi.ltrans0.ltrans.o
 .text._ZN17FrameBufferAccessD2Ev
                0x000000000800214c       0x24 /tmp/ccbdOVUi.ltrans0.ltrans.o
 .text._ZN17FrameBufferAccessD0Ev
                0x0000000008002170       0x24 /tmp/ccbdOVUi.ltrans0.ltrans.o
 .text._ZNK17FrameBufferAccess9getBufferEv
                0x0000000008002194       0x1a /tmp/ccbdOVUi.ltrans0.ltrans.o
 .text._ZN17FrameBufferAccess15isRefreshNeededEv
                0x00000000080021ae       0x1a /tmp/ccbdOVUi.ltrans0.ltrans.o
 .text._ZN17FrameBufferAccess11refreshStopEv
                0x00000000080021c8       0x16 /tmp/ccbdOVUi.ltrans0.ltrans.o
 .text._ZN17FrameBufferAccess12refreshStartEv
                0x00000000080021de       0x16 /tmp/ccbdOVUi.ltrans0.ltrans.o
 .text._ZN17FrameBufferAccess13isBackLightOnEv
                0x00000000080021f4       0x14 /tmp/ccbdOVUi.ltrans0.ltrans.o
 .text._ZN7HD4478015prepareDataByteEh
                0x0000000008002208       0x5e /tmp/ccbdOVUi.ltrans0.ltrans.o
 .text._ZN7HD4478021prepareCommandToWriteENS_10LcdCommandE
                0x0000000008002266       0x3a /tmp/ccbdOVUi.ltrans0.ltrans.o
 .text._ZN7HD4478018prepareCharToWriteEc
                0x00000000080022a0       0x3a /tmp/ccbdOVUi.ltrans0.ltrans.o
 .text._ZN7HD44780C2Ev
                0x00000000080022da       0x3c /tmp/ccbdOVUi.ltrans0.ltrans.o
 .text._ZN7HD4478012setBackLightEb
                0x0000000008002316       0x24 /tmp/ccbdOVUi.ltrans0.ltrans.o
 .text._ZN7HD4478013getDDRamAdresEhh
                0x000000000800233a       0x6a /tmp/ccbdOVUi.ltrans0.ltrans.o
 .text._ZN9QuickTask10getCounterEv
                0x00000000080023a4       0x14 /tmp/ccbdOVUi.ltrans0.ltrans.o
 .text._ZN9QuickTask23delayMsWithStoppedTasksEm
                0x00000000080023b8       0x2e /tmp/ccbdOVUi.ltrans0.ltrans.o
 .text._ZN8Hardware12delayMsDirtyEm
                0x00000000080023e6       0x16 /tmp/ccbdOVUi.ltrans0.ltrans.o
 .text._ZN7HD4478011getInstanceEv
                0x00000000080023fc       0x10 /tmp/ccbdOVUi.ltrans0.ltrans.o
 .text._Z12pollCallbackv
                0x000000000800240c       0x14 /tmp/ccbdOVUi.ltrans0.ltrans.o
 .text._ZN7HD4478014getFrameBufferEv
                0x0000000008002420       0x18 /tmp/ccbdOVUi.ltrans0.ltrans.o
 .text._ZN7HD4478012delayMsDirtyEm
                0x0000000008002438       0x18 /tmp/ccbdOVUi.ltrans0.ltrans.o
 .text._ZN7HD447805setupEP4GpioS1_S1_PNS_9GpioPack8ES1_
                0x0000000008002450       0x3e /tmp/ccbdOVUi.ltrans0.ltrans.o
 .text._ZN7HD447809localInitEv
                0x000000000800248e      0x124 /tmp/ccbdOVUi.ltrans0.ltrans.o
 .text._ZN7HD4478016sendCommandDirtyEhm
                0x00000000080025b2       0x58 /tmp/ccbdOVUi.ltrans0.ltrans.o
 *fill*         0x000000000800260a        0x2 
 .text._ZN7HD447804pollEv
                0x000000000800260c      0x10c /tmp/ccbdOVUi.ltrans0.ltrans.o
 .text._Z41__static_initialization_and_destruction_0ii.lto_priv.3
                0x0000000008002718       0x80 /tmp/ccbdOVUi.ltrans0.ltrans.o
 .text._GLOBAL__sub_I_instance
                0x0000000008002798       0x18 /tmp/ccbdOVUi.ltrans0.ltrans.o
 .text._GLOBAL__sub_D_instance
                0x00000000080027b0       0x18 /tmp/ccbdOVUi.ltrans0.ltrans.o
 .text.EE_Init  0x00000000080027c8      0x3d4 /tmp/ccbdOVUi.ltrans0.ltrans.o
 .text.EE_ReadVariable
                0x0000000008002b9c       0xc8 /tmp/ccbdOVUi.ltrans0.ltrans.o
 .text.EE_WriteVariable
                0x0000000008002c64       0x5e /tmp/ccbdOVUi.ltrans0.ltrans.o
 *fill*         0x0000000008002cc2        0x2 
 .text.EE_Format
                0x0000000008002cc4       0x68 /tmp/ccbdOVUi.ltrans0.ltrans.o
 .text.EE_FindValidPage
                0x0000000008002d2c       0xb0 /tmp/ccbdOVUi.ltrans0.ltrans.o
 .text.EE_VerifyPageFullWriteVariable
                0x0000000008002ddc       0xe0 /tmp/ccbdOVUi.ltrans0.ltrans.o
 .text.EE_PageTransfer
                0x0000000008002ebc      0x1c8 /tmp/ccbdOVUi.ltrans0.ltrans.o
 .text.FLASH_Unlock
                0x0000000008003084       0x2c /tmp/ccbdOVUi.ltrans0.ltrans.o
 .text.FLASH_Lock
                0x00000000080030b0       0x18 /tmp/ccbdOVUi.ltrans0.ltrans.o
 .text.FLASH_ErasePage
                0x00000000080030c8       0x78 /tmp/ccbdOVUi.ltrans0.ltrans.o
 .text.FLASH_ProgramHalfWord
                0x0000000008003140       0x74 /tmp/ccbdOVUi.ltrans0.ltrans.o
 .text.FLASH_GetStatus
                0x00000000080031b4       0x5c /tmp/ccbdOVUi.ltrans0.ltrans.o
 .text.FLASH_WaitForLastOperation
                0x0000000008003210       0x5a /tmp/ccbdOVUi.ltrans0.ltrans.o
 .text._ZdlPvj  0x000000000800326a        0x8 /home/opt/arm-toolchains/gcc-arm-none-eabi-7-2018-q2-update/bin/../lib/gcc/arm-none-eabi/7.3.1/../../../../arm-none-eabi/lib/thumb/v6-m/libstdc++_nano.a(del_ops.o)
                0x000000000800326a                operator delete(void*, unsigned int)
 .text._ZdlPv   0x0000000008003272        0x8 /home/opt/arm-toolchains/gcc-arm-none-eabi-7-2018-q2-update/bin/../lib/gcc/arm-none-eabi/7.3.1/../../../../arm-none-eabi/lib/thumb/v6-m/libstdc++_nano.a(del_op.o)
                0x0000000008003272                operator delete(void*)
 *fill*         0x000000000800327a        0x2 
 .text.free     0x000000000800327c       0x14 /home/opt/arm-toolchains/gcc-arm-none-eabi-7-2018-q2-update/bin/../lib/gcc/arm-none-eabi/7.3.1/../../../../arm-none-eabi/lib/thumb/v6-m/libg_nano.a(lib_a-malloc.o)
                0x000000000800327c                free
 .text._free_r  0x0000000008003290       0x94 /home/opt/arm-toolchains/gcc-arm-none-eabi-7-2018-q2-update/bin/../lib/gcc/arm-none-eabi/7.3.1/../../../../arm-none-eabi/lib/thumb/v6-m/libg_nano.a(lib_a-nano-freer.o)
                0x0000000008003290                _free_r
 .text.__malloc_lock
                0x0000000008003324        0x2 /home/opt/arm-toolchains/gcc-arm-none-eabi-7-2018-q2-update/bin/../lib/gcc/arm-none-eabi/7.3.1/../../../../arm-none-eabi/lib/thumb/v6-m/libg_nano.a(lib_a-mlock.o)
                0x0000000008003324                __malloc_lock
 .text.__malloc_unlock
                0x0000000008003326        0x2 /home/opt/arm-toolchains/gcc-arm-none-eabi-7-2018-q2-update/bin/../lib/gcc/arm-none-eabi/7.3.1/../../../../arm-none-eabi/lib/thumb/v6-m/libg_nano.a(lib_a-mlock.o)
                0x0000000008003326                __malloc_unlock
 .text          0x0000000008003328      0x114 /home/opt/arm-toolchains/gcc-arm-none-eabi-7-2018-q2-update/bin/../lib/gcc/arm-none-eabi/7.3.1/thumb/v6-m/libgcc.a(_udivsi3.o)
                0x0000000008003328                __udivsi3
                0x0000000008003328                __aeabi_uidiv
                0x0000000008003434                __aeabi_uidivmod
 .text          0x000000000800343c        0x4 /home/opt/arm-toolchains/gcc-arm-none-eabi-7-2018-q2-update/bin/../lib/gcc/arm-none-eabi/7.3.1/thumb/v6-m/libgcc.a(_dvmd_tls.o)
                0x000000000800343c                __aeabi_ldiv0
                0x000000000800343c                __aeabi_idiv0
 .text.memset   0x0000000008003440       0x10 /home/opt/arm-toolchains/gcc-arm-none-eabi-7-2018-q2-update/bin/../lib/gcc/arm-none-eabi/7.3.1/../../../../arm-none-eabi/lib/thumb/v6-m/libg_nano.a(lib_a-memset.o)
                0x0000000008003440                memset
 *(.rodata .rodata.* .constdata .constdata.*)
 .rodata._ZZ18__cxa_pure_virtualE8__func__
                0x0000000008003450       0x13 /tmp/ccbdOVUi.ltrans0.ltrans.o
 *fill*         0x0000000008003463        0x1 
 .rodata.abort.str1.4
                0x0000000008003464       0x14 /tmp/ccbdOVUi.ltrans0.ltrans.o
 .rodata._ZN8Keyboard9keyToCharENS_3KeyE
                0x0000000008003478       0x34 /tmp/ccbdOVUi.ltrans0.ltrans.o
 .rodata._ZTV5Praca
                0x00000000080034ac       0x10 /tmp/ccbdOVUi.ltrans0.ltrans.o
 .rodata.main.str1.4
                0x00000000080034bc        0xc /tmp/ccbdOVUi.ltrans0.ltrans.o
                                          0xb (size before relaxing)
 .rodata._ZTV11FrameBuffer
                0x00000000080034c8       0x28 /tmp/ccbdOVUi.ltrans0.ltrans.o
 .rodata._ZTV17FrameBufferAccess
                0x00000000080034f0       0x28 /tmp/ccbdOVUi.ltrans0.ltrans.o
 *(vtable)
 *(.eh_frame*)
 *(.glue_7)
 .glue_7        0x0000000008003518        0x0 linker stubs
 *(.glue_7t)
 .glue_7t       0x0000000008003518        0x0 linker stubs

.vfp11_veneer   0x0000000008003518        0x0
 .vfp11_veneer  0x0000000008003518        0x0 linker stubs

.v4_bx          0x0000000008003518        0x0
 .v4_bx         0x0000000008003518        0x0 linker stubs

.iplt           0x0000000008003518        0x0
 .iplt          0x0000000008003518        0x0 /home/opt/arm-toolchains/gcc-arm-none-eabi-7-2018-q2-update/bin/../lib/gcc/arm-none-eabi/7.3.1/../../../../arm-none-eabi/lib/thumb/v6-m/libstdc++_nano.a(del_ops.o)

.rel.dyn        0x0000000008003518        0x0
 .rel.iplt      0x0000000008003518        0x0 /home/opt/arm-toolchains/gcc-arm-none-eabi-7-2018-q2-update/bin/../lib/gcc/arm-none-eabi/7.3.1/../../../../arm-none-eabi/lib/thumb/v6-m/libstdc++_nano.a(del_ops.o)

.ARM.extab
 *(.ARM.extab* .gnu.linkonce.armextab.*)
                0x0000000008003518                . = ALIGN (0x4)
                0x0000000008003518                __exidx_start = .

.ARM.exidx
 *(.ARM.exidx* .gnu.linkonce.armexidx.*)
                0x0000000008003518                __exidx_end = .
                0x0000000008003518                . = ALIGN (0x4)
                0x0000000008003518                _etext = .
                0x0000000008003518                __etext = .

.data_CCMRAM    0x0000000000000000        0x0 load address 0x0000000008003518
 FILL mask 0xff
 *(.data.CCMRAM .data.CCMRAM.*)
                0x0000000000000000                . = ALIGN (0x4)
                0x0000000008003518                _sidata = LOADADDR (.data)

.data           0x0000000020000000       0x98 load address 0x0000000008003518
 FILL mask 0xff
                0x0000000020000000                _sdata = .
                0x0000000020000000                __data_start__ = .
 *(.data_begin .data_begin.*)
 .data_begin    0x0000000020000000        0x4 /tmp/ccbdOVUi.ltrans0.ltrans.o
 *(.data .data.*)
 .data.argv.4310
                0x0000000020000004        0x8 /tmp/ccbdOVUi.ltrans0.ltrans.o
 .data.SystemCoreClock
                0x000000002000000c        0x4 /tmp/ccbdOVUi.ltrans0.ltrans.o
 .data.AHBPrescTable
                0x0000000020000010       0x10 /tmp/ccbdOVUi.ltrans0.ltrans.o
 .data.pins     0x0000000020000020        0x4 /tmp/ccbdOVUi.ltrans0.ltrans.o
 .data.keys     0x0000000020000024        0x4 /tmp/ccbdOVUi.ltrans0.ltrans.o
 .data.krokowy  0x0000000020000028        0x4 /tmp/ccbdOVUi.ltrans0.ltrans.o
 .data._ZN9QuickTask6holdedE
                0x000000002000002c        0x1 /tmp/ccbdOVUi.ltrans0.ltrans.o
 *fill*         0x000000002000002d        0x3 ff
 .data._impure_ptr
                0x0000000020000030        0x4 /home/opt/arm-toolchains/gcc-arm-none-eabi-7-2018-q2-update/bin/../lib/gcc/arm-none-eabi/7.3.1/../../../../arm-none-eabi/lib/thumb/v6-m/libg_nano.a(lib_a-impure.o)
                0x0000000020000030                _impure_ptr
 .data.impure_data
                0x0000000020000034       0x60 /home/opt/arm-toolchains/gcc-arm-none-eabi-7-2018-q2-update/bin/../lib/gcc/arm-none-eabi/7.3.1/../../../../arm-none-eabi/lib/thumb/v6-m/libg_nano.a(lib_a-impure.o)
 *(.data_end .data_end.*)
 .data_end      0x0000000020000094        0x4 /tmp/ccbdOVUi.ltrans0.ltrans.o
                0x0000000020000098                . = ALIGN (0x4)
                0x0000000020000098                _edata = .
                0x0000000020000098                __data_end__ = .

.igot.plt       0x0000000020000098        0x0 load address 0x00000000080035b0
 .igot.plt      0x0000000020000098        0x0 /home/opt/arm-toolchains/gcc-arm-none-eabi-7-2018-q2-update/bin/../lib/gcc/arm-none-eabi/7.3.1/../../../../arm-none-eabi/lib/thumb/v6-m/libstdc++_nano.a(del_ops.o)

.bss_CCMRAM     0x0000000000000000        0x0
 *(.bss.CCMRAM .bss.CCMRAM.*)

.bss            0x0000000020000098      0x298
                0x0000000020000098                __bss_start__ = .
                0x0000000020000098                _sbss = .
 *(.bss_begin .bss_begin.*)
 .bss_begin     0x0000000020000098        0x4 /tmp/ccbdOVUi.ltrans0.ltrans.o
 *(.bss .bss.*)
 .bss.name.4309
                0x000000002000009c        0x1 /tmp/ccbdOVUi.ltrans0.ltrans.o
 *fill*         0x000000002000009d        0x3 
 .bss.krokowyTask
                0x00000000200000a0       0x14 /tmp/ccbdOVUi.ltrans0.ltrans.o
 .bss.praca     0x00000000200000b4       0x18 /tmp/ccbdOVUi.ltrans0.ltrans.o
 .bss.taskPraca
                0x00000000200000cc       0x14 /tmp/ccbdOVUi.ltrans0.ltrans.o
 .bss.pinout    0x00000000200000e0       0xd8 /tmp/ccbdOVUi.ltrans0.ltrans.o
 .bss.keyboard  0x00000000200001b8       0x34 /tmp/ccbdOVUi.ltrans0.ltrans.o
 .bss.hd44780   0x00000000200001ec        0x4 /tmp/ccbdOVUi.ltrans0.ltrans.o
 .bss.lcd       0x00000000200001f0        0x4 /tmp/ccbdOVUi.ltrans0.ltrans.o
 .bss.krok      0x00000000200001f4       0x28 /tmp/ccbdOVUi.ltrans0.ltrans.o
 .bss.gpioP8    0x000000002000021c       0x20 /tmp/ccbdOVUi.ltrans0.ltrans.o
 .bss.keybTask  0x000000002000023c       0x14 /tmp/ccbdOVUi.ltrans0.ltrans.o
 .bss.taskbase  0x0000000020000250        0x4 /tmp/ccbdOVUi.ltrans0.ltrans.o
 .bss._ZN9QuickTask12milisCounterE
                0x0000000020000254        0x4 /tmp/ccbdOVUi.ltrans0.ltrans.o
 .bss.VirtAddVarTab
                0x0000000020000258       0x14 /tmp/ccbdOVUi.ltrans0.ltrans.o
 .bss.Vars      0x000000002000026c       0x14 /tmp/ccbdOVUi.ltrans0.ltrans.o
 .bss.instance  0x0000000020000280       0x1c /tmp/ccbdOVUi.ltrans0.ltrans.o
 .bss.hd44780Task
                0x000000002000029c       0x14 /tmp/ccbdOVUi.ltrans0.ltrans.o
 .bss.dataTab1  0x00000000200002b0       0x21 /tmp/ccbdOVUi.ltrans0.ltrans.o
 *fill*         0x00000000200002d1        0x3 
 .bss.frame_bufferAccess
                0x00000000200002d4       0x1c /tmp/ccbdOVUi.ltrans0.ltrans.o
 .bss.dataTab2  0x00000000200002f0       0x21 /tmp/ccbdOVUi.ltrans0.ltrans.o
 *fill*         0x0000000020000311        0x3 
 .bss.dataFifo  0x0000000020000314       0x10 /tmp/ccbdOVUi.ltrans0.ltrans.o
 .bss.DataVar   0x0000000020000324        0x2 /tmp/ccbdOVUi.ltrans0.ltrans.o
 *fill*         0x0000000020000326        0x2 
 .bss.__malloc_free_list
                0x0000000020000328        0x4 /home/opt/arm-toolchains/gcc-arm-none-eabi-7-2018-q2-update/bin/../lib/gcc/arm-none-eabi/7.3.1/../../../../arm-none-eabi/lib/thumb/v6-m/libg_nano.a(lib_a-nano-mallocr.o)
                0x0000000020000328                __malloc_free_list
 *(COMMON)
 *(.bss_end .bss_end.*)
 .bss_end       0x000000002000032c        0x4 /tmp/ccbdOVUi.ltrans0.ltrans.o
                0x0000000020000330                . = ALIGN (0x4)
                0x0000000020000330                __bss_end__ = .
                0x0000000020000330                _ebss = .

.noinit_CCMRAM
 *(.noinit.CCMRAM .noinit.CCMRAM.*)

.noinit         0x0000000020000330        0x0
                0x0000000020000330                _noinit = .
 *(.noinit .noinit.*)
                0x0000000020000330                . = ALIGN (0x4)
                0x0000000020000330                _end_noinit = .
                [!provide]                        PROVIDE (end = _end_noinit)
                [!provide]                        PROVIDE (_end = _end_noinit)
                [!provide]                        PROVIDE (__end = _end_noinit)
                [!provide]                        PROVIDE (__end__ = _end_noinit)

._check_stack   0x0000000020000330      0x100
                0x0000000020000430                . = (. + _Minimum_Stack_Size)
 *fill*         0x0000000020000330      0x100 

.b1text
 *(.b1text)
 *(.b1rodata)
 *(.b1rodata.*)

.eb0text
 *(.eb0text)
 *(.eb0rodata)
 *(.eb0rodata.*)

.eb1text
 *(.eb1text)
 *(.eb1rodata)
 *(.eb1rodata.*)

.eb2text
 *(.eb2text)
 *(.eb2rodata)
 *(.eb2rodata.*)

.eb3text
 *(.eb3text)
 *(.eb3rodata)
 *(.eb3rodata.*)

.stab
 *(.stab)

.stabstr
 *(.stabstr)

.stab.excl
 *(.stab.excl)

.stab.exclstr
 *(.stab.exclstr)

.stab.index
 *(.stab.index)

.stab.indexstr
 *(.stab.indexstr)

.comment        0x0000000000000000       0x7f
 *(.comment)
 .comment       0x0000000000000000       0x7f /tmp/ccbdOVUi.ltrans0.ltrans.o
                                         0x80 (size before relaxing)

.ARM.attributes
                0x0000000000000000       0x2f
 .ARM.attributes
                0x0000000000000000       0x2f /tmp/ccbdOVUi.ltrans0.ltrans.o
 .ARM.attributes
                0x000000000000002f       0x2c /home/opt/arm-toolchains/gcc-arm-none-eabi-7-2018-q2-update/bin/../lib/gcc/arm-none-eabi/7.3.1/../../../../arm-none-eabi/lib/thumb/v6-m/libstdc++_nano.a(del_ops.o)
 .ARM.attributes
                0x000000000000005b       0x2c /home/opt/arm-toolchains/gcc-arm-none-eabi-7-2018-q2-update/bin/../lib/gcc/arm-none-eabi/7.3.1/../../../../arm-none-eabi/lib/thumb/v6-m/libstdc++_nano.a(del_op.o)
 .ARM.attributes
                0x0000000000000087       0x2c /home/opt/arm-toolchains/gcc-arm-none-eabi-7-2018-q2-update/bin/../lib/gcc/arm-none-eabi/7.3.1/../../../../arm-none-eabi/lib/thumb/v6-m/libg_nano.a(lib_a-impure.o)
 .ARM.attributes
                0x00000000000000b3       0x2c /home/opt/arm-toolchains/gcc-arm-none-eabi-7-2018-q2-update/bin/../lib/gcc/arm-none-eabi/7.3.1/../../../../arm-none-eabi/lib/thumb/v6-m/libg_nano.a(lib_a-malloc.o)
 .ARM.attributes
                0x00000000000000df       0x2c /home/opt/arm-toolchains/gcc-arm-none-eabi-7-2018-q2-update/bin/../lib/gcc/arm-none-eabi/7.3.1/../../../../arm-none-eabi/lib/thumb/v6-m/libg_nano.a(lib_a-nano-freer.o)
 .ARM.attributes
                0x000000000000010b       0x2c /home/opt/arm-toolchains/gcc-arm-none-eabi-7-2018-q2-update/bin/../lib/gcc/arm-none-eabi/7.3.1/../../../../arm-none-eabi/lib/thumb/v6-m/libg_nano.a(lib_a-nano-mallocr.o)
 .ARM.attributes
                0x0000000000000137       0x2c /home/opt/arm-toolchains/gcc-arm-none-eabi-7-2018-q2-update/bin/../lib/gcc/arm-none-eabi/7.3.1/../../../../arm-none-eabi/lib/thumb/v6-m/libg_nano.a(lib_a-mlock.o)
 .ARM.attributes
                0x0000000000000163       0x1e /home/opt/arm-toolchains/gcc-arm-none-eabi-7-2018-q2-update/bin/../lib/gcc/arm-none-eabi/7.3.1/thumb/v6-m/libgcc.a(_udivsi3.o)
 .ARM.attributes
                0x0000000000000181       0x1e /home/opt/arm-toolchains/gcc-arm-none-eabi-7-2018-q2-update/bin/../lib/gcc/arm-none-eabi/7.3.1/thumb/v6-m/libgcc.a(_dvmd_tls.o)
 .ARM.attributes
                0x000000000000019f       0x2c /home/opt/arm-toolchains/gcc-arm-none-eabi-7-2018-q2-update/bin/../lib/gcc/arm-none-eabi/7.3.1/../../../../arm-none-eabi/lib/thumb/v6-m/libg_nano.a(lib_a-memset.o)

.debug
 *(.debug)

.line
 *(.line)

.debug_srcinfo
 *(.debug_srcinfo)

.debug_sfnames
 *(.debug_sfnames)

.debug_aranges  0x0000000000000000      0x7a8
 *(.debug_aranges)
 .debug_aranges
                0x0000000000000000      0x7a8 /tmp/ccbdOVUi.ltrans0.ltrans.o

.debug_pubnames
 *(.debug_pubnames)

.debug_info     0x0000000000000000     0x6589
 *(.debug_info .gnu.linkonce.wi.*)
 .debug_info    0x0000000000000000     0x6589 /tmp/ccbdOVUi.ltrans0.ltrans.o

.debug_abbrev   0x0000000000000000      0x79d
 *(.debug_abbrev)
 .debug_abbrev  0x0000000000000000      0x79d /tmp/ccbdOVUi.ltrans0.ltrans.o

.debug_line     0x0000000000000000     0x1c6f
 *(.debug_line)
 .debug_line    0x0000000000000000     0x1c6f /tmp/ccbdOVUi.ltrans0.ltrans.o

.debug_frame    0x0000000000000000     0x1f60
 *(.debug_frame)
 .debug_frame   0x0000000000000000     0x1e08 /tmp/ccbdOVUi.ltrans0.ltrans.o
 .debug_frame   0x0000000000001e08       0x28 /home/opt/arm-toolchains/gcc-arm-none-eabi-7-2018-q2-update/bin/../lib/gcc/arm-none-eabi/7.3.1/../../../../arm-none-eabi/lib/thumb/v6-m/libstdc++_nano.a(del_ops.o)
 .debug_frame   0x0000000000001e30       0x28 /home/opt/arm-toolchains/gcc-arm-none-eabi-7-2018-q2-update/bin/../lib/gcc/arm-none-eabi/7.3.1/../../../../arm-none-eabi/lib/thumb/v6-m/libstdc++_nano.a(del_op.o)
 .debug_frame   0x0000000000001e58       0x40 /home/opt/arm-toolchains/gcc-arm-none-eabi-7-2018-q2-update/bin/../lib/gcc/arm-none-eabi/7.3.1/../../../../arm-none-eabi/lib/thumb/v6-m/libg_nano.a(lib_a-malloc.o)
 .debug_frame   0x0000000000001e98       0x2c /home/opt/arm-toolchains/gcc-arm-none-eabi-7-2018-q2-update/bin/../lib/gcc/arm-none-eabi/7.3.1/../../../../arm-none-eabi/lib/thumb/v6-m/libg_nano.a(lib_a-nano-freer.o)
 .debug_frame   0x0000000000001ec4       0x2c /home/opt/arm-toolchains/gcc-arm-none-eabi-7-2018-q2-update/bin/../lib/gcc/arm-none-eabi/7.3.1/../../../../arm-none-eabi/lib/thumb/v6-m/libg_nano.a(lib_a-nano-mallocr.o)
 .debug_frame   0x0000000000001ef0       0x30 /home/opt/arm-toolchains/gcc-arm-none-eabi-7-2018-q2-update/bin/../lib/gcc/arm-none-eabi/7.3.1/../../../../arm-none-eabi/lib/thumb/v6-m/libg_nano.a(lib_a-mlock.o)
 .debug_frame   0x0000000000001f20       0x20 /home/opt/arm-toolchains/gcc-arm-none-eabi-7-2018-q2-update/bin/../lib/gcc/arm-none-eabi/7.3.1/thumb/v6-m/libgcc.a(_udivsi3.o)
 .debug_frame   0x0000000000001f40       0x20 /home/opt/arm-toolchains/gcc-arm-none-eabi-7-2018-q2-update/bin/../lib/gcc/arm-none-eabi/7.3.1/../../../../arm-none-eabi/lib/thumb/v6-m/libg_nano.a(lib_a-memset.o)

.debug_str      0x0000000000000000     0x1ecc
 *(.debug_str)
 .debug_str     0x0000000000000000     0x1ecc /tmp/ccbdOVUi.ltrans0.ltrans.o
                                       0x2048 (size before relaxing)

.debug_loc
 *(.debug_loc)

.debug_macinfo
 *(.debug_macinfo)

.debug_weaknames
 *(.debug_weaknames)

.debug_funcnames
 *(.debug_funcnames)

.debug_typenames
 *(.debug_typenames)

.debug_varnames
 *(.debug_varnames)
OUTPUT(gilot2019.elf elf32-littlearm)

.debug_ranges   0x0000000000000000      0x798
 .debug_ranges  0x0000000000000000      0x798 /tmp/ccbdOVUi.ltrans0.ltrans.o
