Archive member included to satisfy reference by file (symbol)

/home/opt/arm-toolchains/gcc-arm-none-eabi-8-2019-q3-update/bin/../lib/gcc/arm-none-eabi/8.3.1/../../../../arm-none-eabi/lib/thumb/v6-m/nofp/libstdc++_nano.a(del_ops.o)
                              ./lbutils/FrameBuffer.o (symbol from plugin) (operator delete(void*, unsigned int))
/home/opt/arm-toolchains/gcc-arm-none-eabi-8-2019-q3-update/bin/../lib/gcc/arm-none-eabi/8.3.1/../../../../arm-none-eabi/lib/thumb/v6-m/nofp/libstdc++_nano.a(del_op.o)
                              /home/opt/arm-toolchains/gcc-arm-none-eabi-8-2019-q3-update/bin/../lib/gcc/arm-none-eabi/8.3.1/../../../../arm-none-eabi/lib/thumb/v6-m/nofp/libstdc++_nano.a(del_ops.o) (operator delete(void*))
/home/opt/arm-toolchains/gcc-arm-none-eabi-8-2019-q3-update/bin/../lib/gcc/arm-none-eabi/8.3.1/../../../../arm-none-eabi/lib/thumb/v6-m/nofp/libg_nano.a(lib_a-errno.o)
                              ./system/src/newlib/_sbrk.o (symbol from plugin) (__errno)
/home/opt/arm-toolchains/gcc-arm-none-eabi-8-2019-q3-update/bin/../lib/gcc/arm-none-eabi/8.3.1/../../../../arm-none-eabi/lib/thumb/v6-m/nofp/libg_nano.a(lib_a-impure.o)
                              /home/opt/arm-toolchains/gcc-arm-none-eabi-8-2019-q3-update/bin/../lib/gcc/arm-none-eabi/8.3.1/../../../../arm-none-eabi/lib/thumb/v6-m/nofp/libg_nano.a(lib_a-errno.o) (_impure_ptr)
/home/opt/arm-toolchains/gcc-arm-none-eabi-8-2019-q3-update/bin/../lib/gcc/arm-none-eabi/8.3.1/../../../../arm-none-eabi/lib/thumb/v6-m/nofp/libg_nano.a(lib_a-malloc.o)
                              /home/opt/arm-toolchains/gcc-arm-none-eabi-8-2019-q3-update/bin/../lib/gcc/arm-none-eabi/8.3.1/../../../../arm-none-eabi/lib/thumb/v6-m/nofp/libstdc++_nano.a(del_op.o) (free)
/home/opt/arm-toolchains/gcc-arm-none-eabi-8-2019-q3-update/bin/../lib/gcc/arm-none-eabi/8.3.1/../../../../arm-none-eabi/lib/thumb/v6-m/nofp/libg_nano.a(lib_a-nano-freer.o)
                              /home/opt/arm-toolchains/gcc-arm-none-eabi-8-2019-q3-update/bin/../lib/gcc/arm-none-eabi/8.3.1/../../../../arm-none-eabi/lib/thumb/v6-m/nofp/libg_nano.a(lib_a-malloc.o) (_free_r)
/home/opt/arm-toolchains/gcc-arm-none-eabi-8-2019-q3-update/bin/../lib/gcc/arm-none-eabi/8.3.1/../../../../arm-none-eabi/lib/thumb/v6-m/nofp/libg_nano.a(lib_a-nano-mallocr.o)
                              /home/opt/arm-toolchains/gcc-arm-none-eabi-8-2019-q3-update/bin/../lib/gcc/arm-none-eabi/8.3.1/../../../../arm-none-eabi/lib/thumb/v6-m/nofp/libg_nano.a(lib_a-malloc.o) (_malloc_r)
/home/opt/arm-toolchains/gcc-arm-none-eabi-8-2019-q3-update/bin/../lib/gcc/arm-none-eabi/8.3.1/../../../../arm-none-eabi/lib/thumb/v6-m/nofp/libg_nano.a(lib_a-sbrkr.o)
                              /home/opt/arm-toolchains/gcc-arm-none-eabi-8-2019-q3-update/bin/../lib/gcc/arm-none-eabi/8.3.1/../../../../arm-none-eabi/lib/thumb/v6-m/nofp/libg_nano.a(lib_a-nano-mallocr.o) (_sbrk_r)
/home/opt/arm-toolchains/gcc-arm-none-eabi-8-2019-q3-update/bin/../lib/gcc/arm-none-eabi/8.3.1/../../../../arm-none-eabi/lib/thumb/v6-m/nofp/libg_nano.a(lib_a-mlock.o)
                              /home/opt/arm-toolchains/gcc-arm-none-eabi-8-2019-q3-update/bin/../lib/gcc/arm-none-eabi/8.3.1/../../../../arm-none-eabi/lib/thumb/v6-m/nofp/libg_nano.a(lib_a-nano-freer.o) (__malloc_lock)
/home/opt/arm-toolchains/gcc-arm-none-eabi-8-2019-q3-update/bin/../lib/gcc/arm-none-eabi/8.3.1/../../../../arm-none-eabi/lib/thumb/v6-m/nofp/libg_nano.a(lib_a-lock.o)
                              /home/opt/arm-toolchains/gcc-arm-none-eabi-8-2019-q3-update/bin/../lib/gcc/arm-none-eabi/8.3.1/../../../../arm-none-eabi/lib/thumb/v6-m/nofp/libg_nano.a(lib_a-mlock.o) (__retarget_lock_acquire_recursive)
/home/opt/arm-toolchains/gcc-arm-none-eabi-8-2019-q3-update/bin/../lib/gcc/arm-none-eabi/8.3.1/thumb/v6-m/nofp/libgcc.a(_udivsi3.o)
                              /tmp/ccy43ulU.ltrans0.ltrans.o (__aeabi_uidiv)
/home/opt/arm-toolchains/gcc-arm-none-eabi-8-2019-q3-update/bin/../lib/gcc/arm-none-eabi/8.3.1/thumb/v6-m/nofp/libgcc.a(_divsi3.o)
                              /tmp/ccy43ulU.ltrans0.ltrans.o (__aeabi_idiv)
/home/opt/arm-toolchains/gcc-arm-none-eabi-8-2019-q3-update/bin/../lib/gcc/arm-none-eabi/8.3.1/thumb/v6-m/nofp/libgcc.a(_dvmd_tls.o)
                              /home/opt/arm-toolchains/gcc-arm-none-eabi-8-2019-q3-update/bin/../lib/gcc/arm-none-eabi/8.3.1/thumb/v6-m/nofp/libgcc.a(_udivsi3.o) (__aeabi_idiv0)
/home/opt/arm-toolchains/gcc-arm-none-eabi-8-2019-q3-update/bin/../lib/gcc/arm-none-eabi/8.3.1/../../../../arm-none-eabi/lib/thumb/v6-m/nofp/libg_nano.a(lib_a-memset.o)
                              /tmp/ccy43ulU.ltrans0.ltrans.o (memset)

Allocating common symbols
Common symbol       size              file

__lock___atexit_recursive_mutex
                    0x1               /home/opt/arm-toolchains/gcc-arm-none-eabi-8-2019-q3-update/bin/../lib/gcc/arm-none-eabi/8.3.1/../../../../arm-none-eabi/lib/thumb/v6-m/nofp/libg_nano.a(lib_a-lock.o)
__lock___arc4random_mutex
                    0x1               /home/opt/arm-toolchains/gcc-arm-none-eabi-8-2019-q3-update/bin/../lib/gcc/arm-none-eabi/8.3.1/../../../../arm-none-eabi/lib/thumb/v6-m/nofp/libg_nano.a(lib_a-lock.o)
errno               0x4               /tmp/ccy43ulU.ltrans0.ltrans.o
__lock___env_recursive_mutex
                    0x1               /home/opt/arm-toolchains/gcc-arm-none-eabi-8-2019-q3-update/bin/../lib/gcc/arm-none-eabi/8.3.1/../../../../arm-none-eabi/lib/thumb/v6-m/nofp/libg_nano.a(lib_a-lock.o)
__lock___sinit_recursive_mutex
                    0x1               /home/opt/arm-toolchains/gcc-arm-none-eabi-8-2019-q3-update/bin/../lib/gcc/arm-none-eabi/8.3.1/../../../../arm-none-eabi/lib/thumb/v6-m/nofp/libg_nano.a(lib_a-lock.o)
__lock___malloc_recursive_mutex
                    0x1               /home/opt/arm-toolchains/gcc-arm-none-eabi-8-2019-q3-update/bin/../lib/gcc/arm-none-eabi/8.3.1/../../../../arm-none-eabi/lib/thumb/v6-m/nofp/libg_nano.a(lib_a-lock.o)
__lock___at_quick_exit_mutex
                    0x1               /home/opt/arm-toolchains/gcc-arm-none-eabi-8-2019-q3-update/bin/../lib/gcc/arm-none-eabi/8.3.1/../../../../arm-none-eabi/lib/thumb/v6-m/nofp/libg_nano.a(lib_a-lock.o)
__lock___dd_hash_mutex
                    0x1               /home/opt/arm-toolchains/gcc-arm-none-eabi-8-2019-q3-update/bin/../lib/gcc/arm-none-eabi/8.3.1/../../../../arm-none-eabi/lib/thumb/v6-m/nofp/libg_nano.a(lib_a-lock.o)
__lock___tz_mutex   0x1               /home/opt/arm-toolchains/gcc-arm-none-eabi-8-2019-q3-update/bin/../lib/gcc/arm-none-eabi/8.3.1/../../../../arm-none-eabi/lib/thumb/v6-m/nofp/libg_nano.a(lib_a-lock.o)
__lock___sfp_recursive_mutex
                    0x1               /home/opt/arm-toolchains/gcc-arm-none-eabi-8-2019-q3-update/bin/../lib/gcc/arm-none-eabi/8.3.1/../../../../arm-none-eabi/lib/thumb/v6-m/nofp/libg_nano.a(lib_a-lock.o)

Discarded input sections

 .group         0x0000000000000000        0xc /tmp/cc0Zm0Dpdebugobj
 .group         0x0000000000000000        0xc /tmp/cc0Zm0Dpdebugobj
 .group         0x0000000000000000        0xc /tmp/cc0Zm0Dpdebugobj
 .group         0x0000000000000000        0xc /tmp/cc0Zm0Dpdebugobj
 .group         0x0000000000000000        0xc /tmp/cc0Zm0Dpdebugobj
 .group         0x0000000000000000        0xc /tmp/cc0Zm0Dpdebugobj
 .group         0x0000000000000000        0xc /tmp/cc0Zm0Dpdebugobj
 .group         0x0000000000000000        0xc /tmp/cc0Zm0Dpdebugobj
 .group         0x0000000000000000        0xc /tmp/cc0Zm0Dpdebugobj
 .group         0x0000000000000000        0xc /tmp/cc0Zm0Dpdebugobj
 .group         0x0000000000000000        0xc /tmp/cc0Zm0Dpdebugobj
 .group         0x0000000000000000        0xc /tmp/cc0Zm0Dpdebugobj
 .group         0x0000000000000000        0xc /tmp/cc0Zm0Dpdebugobj
 .group         0x0000000000000000        0xc /tmp/cc0Zm0Dpdebugobj
 .group         0x0000000000000000        0xc /tmp/cc0Zm0Dpdebugobj
 .group         0x0000000000000000        0xc /tmp/cc0Zm0Dpdebugobj
 .group         0x0000000000000000        0xc /tmp/cc0Zm0Dpdebugobj
 .group         0x0000000000000000        0xc /tmp/cc0Zm0Dpdebugobj
 .group         0x0000000000000000        0xc /tmp/cc0Zm0Dpdebugobj
 .group         0x0000000000000000        0xc /tmp/cc0Zm0Dpdebugobj
 .group         0x0000000000000000        0xc /tmp/cc0Zm0Dpdebugobj
 .group         0x0000000000000000        0xc /tmp/cc0Zm0Dpdebugobj
 .group         0x0000000000000000        0xc /tmp/cc0Zm0Dpdebugobj
 .group         0x0000000000000000        0xc /tmp/cc0Zm0Dpdebugobj
 .group         0x0000000000000000        0xc /tmp/cc0Zm0Dpdebugobj
 .group         0x0000000000000000        0xc /tmp/cc0Zm0Dpdebugobj
 .group         0x0000000000000000        0xc /tmp/cc0Zm0Dpdebugobj
 .group         0x0000000000000000        0xc /tmp/cc0Zm0Dpdebugobj
 .group         0x0000000000000000        0xc /tmp/cc0Zm0Dpdebugobj
 .group         0x0000000000000000        0xc /tmp/cc0Zm0Dpdebugobj
 .group         0x0000000000000000        0xc /tmp/cc0Zm0Dpdebugobj
 .group         0x0000000000000000        0xc /tmp/cc0Zm0Dpdebugobj
 .group         0x0000000000000000        0xc /tmp/cc0Zm0Dpdebugobj
 .group         0x0000000000000000        0xc /tmp/cc0Zm0Dpdebugobj
 .group         0x0000000000000000        0xc /tmp/cc0Zm0Dpdebugobj
 .group         0x0000000000000000        0xc /tmp/cc0Zm0Dpdebugobj
 .group         0x0000000000000000        0xc /tmp/cc0Zm0Dpdebugobj
 .group         0x0000000000000000        0xc /tmp/cc0Zm0Dpdebugobj
 .group         0x0000000000000000        0xc /tmp/cc0Zm0Dpdebugobj
 .group         0x0000000000000000        0xc /tmp/cc0Zm0Dpdebugobj
 .group         0x0000000000000000        0xc /tmp/cc0Zm0Dpdebugobj
 .group         0x0000000000000000        0xc /tmp/cc0Zm0Dpdebugobj
 .group         0x0000000000000000        0xc /tmp/cc0Zm0Dpdebugobj
 .group         0x0000000000000000        0xc /tmp/cc0Zm0Dpdebugobj
 .group         0x0000000000000000        0xc /tmp/cc0Zm0Dpdebugobj
 .group         0x0000000000000000        0xc /tmp/cc0Zm0Dpdebugobj
 .group         0x0000000000000000        0xc /tmp/cc0Zm0Dpdebugobj
 .group         0x0000000000000000        0xc /tmp/cc0Zm0Dpdebugobj
 .group         0x0000000000000000        0xc /tmp/cc0Zm0Dpdebugobj
 .group         0x0000000000000000        0xc /tmp/cc0Zm0Dpdebugobj
 .group         0x0000000000000000        0xc /tmp/cc0Zm0Dpdebugobj
 .group         0x0000000000000000        0xc /tmp/cc0Zm0Dpdebugobj
 .group         0x0000000000000000        0xc /tmp/cc0Zm0Dpdebugobj
 .group         0x0000000000000000        0xc /tmp/cc0Zm0Dpdebugobj
 .group         0x0000000000000000        0xc /tmp/cc0Zm0Dpdebugobj
 .group         0x0000000000000000        0xc /tmp/cc0Zm0Dpdebugobj
 .group         0x0000000000000000        0xc /tmp/cc0Zm0Dpdebugobj
 .group         0x0000000000000000        0xc /tmp/cc0Zm0Dpdebugobj
 .group         0x0000000000000000        0xc /tmp/cc0Zm0Dpdebugobj
 .group         0x0000000000000000        0xc /tmp/cc0Zm0Dpdebugobj
 .group         0x0000000000000000        0xc /tmp/cc0Zm0Dpdebugobj
 .group         0x0000000000000000        0xc /tmp/cc0Zm0Dpdebugobj
 .group         0x0000000000000000        0xc /tmp/cc0Zm0Dpdebugobj
 .group         0x0000000000000000        0xc /tmp/cc0Zm0Dpdebugobj
 .group         0x0000000000000000        0xc /tmp/cc0Zm0Dpdebugobj
 .group         0x0000000000000000        0xc /tmp/cc0Zm0Dpdebugobj
 .group         0x0000000000000000        0xc /tmp/cc0Zm0Dpdebugobj
 .group         0x0000000000000000        0xc /tmp/cc0Zm0Dpdebugobj
 .group         0x0000000000000000        0xc /tmp/cc0Zm0Dpdebugobj
 .group         0x0000000000000000        0xc /tmp/cc0Zm0Dpdebugobj
 .group         0x0000000000000000        0xc /tmp/cc0Zm0Dpdebugobj
 .group         0x0000000000000000        0xc /tmp/cc0Zm0Dpdebugobj
 .group         0x0000000000000000        0xc /tmp/cc0Zm0Dpdebugobj
 .group         0x0000000000000000        0xc /tmp/cc0Zm0Dpdebugobj
 .group         0x0000000000000000        0xc /tmp/cc0Zm0Dpdebugobj
 .group         0x0000000000000000        0xc /tmp/cc0Zm0Dpdebugobj
 .group         0x0000000000000000        0xc /tmp/cc0Zm0Dpdebugobj
 .group         0x0000000000000000        0xc /tmp/cc0Zm0Dpdebugobj
 .group         0x0000000000000000        0xc /tmp/cc0Zm0Dpdebugobj
 .group         0x0000000000000000        0xc /tmp/cc0Zm0Dpdebugobj
 .group         0x0000000000000000        0xc /tmp/cc0Zm0Dpdebugobj
 .group         0x0000000000000000        0xc /tmp/cc0Zm0Dpdebugobj
 .group         0x0000000000000000        0xc /tmp/cc0Zm0Dpdebugobj
 .group         0x0000000000000000        0xc /tmp/cc0Zm0Dpdebugobj
 .group         0x0000000000000000        0xc /tmp/cc0Zm0Dpdebugobj
 .group         0x0000000000000000        0xc /tmp/cc0Zm0Dpdebugobj
 .group         0x0000000000000000        0xc /tmp/cc0Zm0Dpdebugobj
 .group         0x0000000000000000        0xc /tmp/cc0Zm0Dpdebugobj
 .group         0x0000000000000000        0xc /tmp/cc0Zm0Dpdebugobj
 .group         0x0000000000000000        0xc /tmp/cc0Zm0Dpdebugobj
 .group         0x0000000000000000        0xc /tmp/cc0Zm0Dpdebugobj
 .group         0x0000000000000000        0xc /tmp/cc0Zm0Dpdebugobj
 .group         0x0000000000000000        0xc /tmp/cc0Zm0Dpdebugobj
 .group         0x0000000000000000        0xc /tmp/cc0Zm0Dpdebugobj
 .group         0x0000000000000000        0xc /tmp/cc0Zm0Dpdebugobj
 .group         0x0000000000000000        0xc /tmp/cc0Zm0Dpdebugobj
 .group         0x0000000000000000        0xc /tmp/cc0Zm0Dpdebugobj
 .comment       0x0000000000000000      0xb9f /tmp/cc0Zm0Dpdebugobj
 .text          0x0000000000000000        0x0 /tmp/ccy43ulU.ltrans0.ltrans.o
 .data          0x0000000000000000        0x0 /tmp/ccy43ulU.ltrans0.ltrans.o
 .bss           0x0000000000000000        0x0 /tmp/ccy43ulU.ltrans0.ltrans.o
 .text._ZN9__gnu_cxx27__verbose_terminate_handlerEv
                0x0000000000000000       0x14 /tmp/ccy43ulU.ltrans0.ltrans.o
 .text.__cxa_pure_virtual
                0x0000000000000000       0x14 /tmp/ccy43ulU.ltrans0.ltrans.o
 .rodata._ZZN9__gnu_cxx27__verbose_terminate_handlerEvE8__func__
                0x0000000000000000       0x1c /tmp/ccy43ulU.ltrans0.ltrans.o
 .rodata._ZZ18__cxa_pure_virtualE8__func__
                0x0000000000000000       0x13 /tmp/ccy43ulU.ltrans0.ltrans.o
 .rodata.abort.str1.4
                0x0000000000000000       0x14 /tmp/ccy43ulU.ltrans0.ltrans.o
 .text.abort    0x0000000000000000       0x14 /tmp/ccy43ulU.ltrans0.ltrans.o
 .bss.current_heap_end.4005
                0x0000000000000000        0x4 /tmp/ccy43ulU.ltrans0.ltrans.o
 .text._sbrk    0x0000000000000000       0x68 /tmp/ccy43ulU.ltrans0.ltrans.o
 .bss.__dso_handle
                0x0000000000000000        0x4 /tmp/ccy43ulU.ltrans0.ltrans.o
 .text.raise    0x0000000000000000       0x1e /tmp/ccy43ulU.ltrans0.ltrans.o
 .text.kill     0x0000000000000000       0x20 /tmp/ccy43ulU.ltrans0.ltrans.o
 .rodata.__assert_func.str1.4
                0x0000000000000000       0x43 /tmp/ccy43ulU.ltrans0.ltrans.o
 .text.__assert_func
                0x0000000000000000       0x1c /tmp/ccy43ulU.ltrans0.ltrans.o
 .rodata.assert_failed.str1.4
                0x0000000000000000       0x2b /tmp/ccy43ulU.ltrans0.ltrans.o
 .text.assert_failed
                0x0000000000000000       0x18 /tmp/ccy43ulU.ltrans0.ltrans.o
 .text.NVIC_SystemReset
                0x0000000000000000       0x20 /tmp/ccy43ulU.ltrans0.ltrans.o
 .text.__reset_hardware
                0x0000000000000000        0x8 /tmp/ccy43ulU.ltrans0.ltrans.o
 .text._ZN8Hardware11WDOG_ReloadEv
                0x0000000000000000        0x8 /tmp/ccy43ulU.ltrans0.ltrans.o
 .text._Z11NMI_Handlerv
                0x0000000000000000        0x6 /tmp/ccy43ulU.ltrans0.ltrans.o
 .text._Z17HardFault_Handlerv
                0x0000000000000000        0x6 /tmp/ccy43ulU.ltrans0.ltrans.o
 .text._Z11SVC_Handlerv
                0x0000000000000000        0x6 /tmp/ccy43ulU.ltrans0.ltrans.o
 .text._Z14PendSV_Handlerv
                0x0000000000000000        0x6 /tmp/ccy43ulU.ltrans0.ltrans.o
 .text.AsciiBcdToValue
                0x0000000000000000       0x70 /tmp/ccy43ulU.ltrans0.ltrans.o
 .text.AsciiBcd2toByte
                0x0000000000000000       0x70 /tmp/ccy43ulU.ltrans0.ltrans.o
 .text._ZN4Fifo7isEmptyEv
                0x0000000000000000       0x20 /tmp/ccy43ulU.ltrans0.ltrans.o
 .text._ZN4Fifo10isNotEmptyEv
                0x0000000000000000       0x22 /tmp/ccy43ulU.ltrans0.ltrans.o
 .text._ZN4Fifo3getEv
                0x0000000000000000       0x5a /tmp/ccy43ulU.ltrans0.ltrans.o
 .text._ZN4Fifo18getByteAs2HexAsciiEv
                0x0000000000000000       0x6c /tmp/ccy43ulU.ltrans0.ltrans.o
 .text._ZN4Fifo20get2BytesAs4HexAsciiEv
                0x0000000000000000       0x60 /tmp/ccy43ulU.ltrans0.ltrans.o
 .text._ZN4Fifo9getUInt16Ev
                0x0000000000000000       0x64 /tmp/ccy43ulU.ltrans0.ltrans.o
 .text._ZN4Fifo9getUInt32EPb
                0x0000000000000000       0x5c /tmp/ccy43ulU.ltrans0.ltrans.o
 .text._ZN4Fifo18putByteAs2AsciiBCDEh
                0x0000000000000000       0xcc /tmp/ccy43ulU.ltrans0.ltrans.o
 .text._ZN4Fifo20put2BytesAs4AsciiBCDEt
                0x0000000000000000       0x3a /tmp/ccy43ulU.ltrans0.ltrans.o
 .text._ZN4Fifo6putAllEPS_
                0x0000000000000000       0x64 /tmp/ccy43ulU.ltrans0.ltrans.o
 .text._ZN4Fifo9putStringEPKc
                0x0000000000000000       0x58 /tmp/ccy43ulU.ltrans0.ltrans.o
 .text._ZN4Fifo9putStringEPKcm
                0x0000000000000000       0x70 /tmp/ccy43ulU.ltrans0.ltrans.o
 .text._ZN4Fifo9putUint16Et
                0x0000000000000000       0x5e /tmp/ccy43ulU.ltrans0.ltrans.o
 .text._ZN4Fifo9putUint32Em
                0x0000000000000000       0x56 /tmp/ccy43ulU.ltrans0.ltrans.o
 .text._ZN4Fifo9get_countEv
                0x0000000000000000       0x38 /tmp/ccy43ulU.ltrans0.ltrans.o
 .text._ZN4Fifo6isFullEv
                0x0000000000000000       0x4c /tmp/ccy43ulU.ltrans0.ltrans.o
 .text._ZN4Fifo5cloneEPS_
                0x0000000000000000       0x7e /tmp/ccy43ulU.ltrans0.ltrans.o
 .text._ZN6VEprom8readWordENS_9VirtAdresEPt
                0x0000000000000000       0x44 /tmp/ccy43ulU.ltrans0.ltrans.o
 .text.my_itoa  0x0000000000000000      0x14a /tmp/ccy43ulU.ltrans0.ltrans.o
 .text.my_htoa  0x0000000000000000       0x82 /tmp/ccy43ulU.ltrans0.ltrans.o
 .text.my_btoa  0x0000000000000000       0x5e /tmp/ccy43ulU.ltrans0.ltrans.o
 .text.itoaWithPattern
                0x0000000000000000       0xd2 /tmp/ccy43ulU.ltrans0.ltrans.o
 .text.power10  0x0000000000000000       0x38 /tmp/ccy43ulU.ltrans0.ltrans.o
 .text.my_strcpy
                0x0000000000000000       0x5a /tmp/ccy43ulU.ltrans0.ltrans.o
 .text.numberWithPattern
                0x0000000000000000       0x2e /tmp/ccy43ulU.ltrans0.ltrans.o
 .rodata._ZL15SOTWARE_VERSION
                0x0000000000000000        0x2 /tmp/ccy43ulU.ltrans0.ltrans.o
 .rodata._ZL14OVC_SILENCE_MS
                0x0000000000000000        0x4 /tmp/ccy43ulU.ltrans0.ltrans.o
 .rodata._ZL22MAX_OPOZN_ZAMK_POZ_sek
                0x0000000000000000        0x2 /tmp/ccy43ulU.ltrans0.ltrans.o
 .rodata._ZL13MAX_OVC_LEVEL
                0x0000000000000000        0x2 /tmp/ccy43ulU.ltrans0.ltrans.o
 .text._ZN9QuickTask22delayMsWithActiveTasksEm
                0x0000000000000000       0x34 /tmp/ccy43ulU.ltrans0.ltrans.o
 .text._ZN8Hardware21delayMsWithBackgroundEm
                0x0000000000000000       0x16 /tmp/ccy43ulU.ltrans0.ltrans.o
 .text._ZN7HD4478011getDataFifoEv
                0x0000000000000000       0x18 /tmp/ccy43ulU.ltrans0.ltrans.o
 .text._ZN7HD447807delayMsEm
                0x0000000000000000       0x18 /tmp/ccy43ulU.ltrans0.ltrans.o
 .text.FLASH_SetLatency
                0x0000000000000000       0x4c /tmp/ccy43ulU.ltrans0.ltrans.o
 .text.FLASH_PrefetchBufferCmd
                0x0000000000000000       0x54 /tmp/ccy43ulU.ltrans0.ltrans.o
 .text.FLASH_GetPrefetchBufferStatus
                0x0000000000000000       0x34 /tmp/ccy43ulU.ltrans0.ltrans.o
 .text.FLASH_EraseAllPages
                0x0000000000000000       0x68 /tmp/ccy43ulU.ltrans0.ltrans.o
 .text.FLASH_ProgramWord
                0x0000000000000000       0xd4 /tmp/ccy43ulU.ltrans0.ltrans.o
 .text.FLASH_OB_Unlock
                0x0000000000000000       0x2c /tmp/ccy43ulU.ltrans0.ltrans.o
 .text.FLASH_OB_Lock
                0x0000000000000000       0x1c /tmp/ccy43ulU.ltrans0.ltrans.o
 .text.FLASH_OB_Launch
                0x0000000000000000       0x1c /tmp/ccy43ulU.ltrans0.ltrans.o
 .text.FLASH_OB_Erase
                0x0000000000000000       0xdc /tmp/ccy43ulU.ltrans0.ltrans.o
 .text.FLASH_OB_EnableWRP
                0x0000000000000000       0xfc /tmp/ccy43ulU.ltrans0.ltrans.o
 .text.FLASH_OB_RDPConfig
                0x0000000000000000       0xfc /tmp/ccy43ulU.ltrans0.ltrans.o
 .text.FLASH_OB_UserConfig
                0x0000000000000000      0x100 /tmp/ccy43ulU.ltrans0.ltrans.o
 .text.FLASH_OB_BOOTConfig
                0x0000000000000000       0xa8 /tmp/ccy43ulU.ltrans0.ltrans.o
 .text.FLASH_OB_BOOT0Config
                0x0000000000000000       0xa8 /tmp/ccy43ulU.ltrans0.ltrans.o
 .text.FLASH_OB_BOOT0SWConfig
                0x0000000000000000       0xa4 /tmp/ccy43ulU.ltrans0.ltrans.o
 .text.FLASH_OB_VDDAConfig
                0x0000000000000000       0xa8 /tmp/ccy43ulU.ltrans0.ltrans.o
 .text.FLASH_OB_SRAMParityConfig
                0x0000000000000000       0xa8 /tmp/ccy43ulU.ltrans0.ltrans.o
 .text.FLASH_OB_WriteUser
                0x0000000000000000       0x80 /tmp/ccy43ulU.ltrans0.ltrans.o
 .text.FLASH_OB_ProgramData
                0x0000000000000000       0xa4 /tmp/ccy43ulU.ltrans0.ltrans.o
 .text.FLASH_OB_GetUser
                0x0000000000000000       0x18 /tmp/ccy43ulU.ltrans0.ltrans.o
 .text.FLASH_OB_GetWRP
                0x0000000000000000       0x14 /tmp/ccy43ulU.ltrans0.ltrans.o
 .text.FLASH_OB_GetRDP
                0x0000000000000000       0x38 /tmp/ccy43ulU.ltrans0.ltrans.o
 .text.FLASH_ITConfig
                0x0000000000000000       0x78 /tmp/ccy43ulU.ltrans0.ltrans.o
 .text.FLASH_GetFlagStatus
                0x0000000000000000       0x64 /tmp/ccy43ulU.ltrans0.ltrans.o
 .text.FLASH_ClearFlag
                0x0000000000000000       0x34 /tmp/ccy43ulU.ltrans0.ltrans.o
 COMMON         0x0000000000000000        0x4 /tmp/ccy43ulU.ltrans0.ltrans.o
 .text          0x0000000000000000        0x0 /home/opt/arm-toolchains/gcc-arm-none-eabi-8-2019-q3-update/bin/../lib/gcc/arm-none-eabi/8.3.1/../../../../arm-none-eabi/lib/thumb/v6-m/nofp/libstdc++_nano.a(del_ops.o)
 .data          0x0000000000000000        0x0 /home/opt/arm-toolchains/gcc-arm-none-eabi-8-2019-q3-update/bin/../lib/gcc/arm-none-eabi/8.3.1/../../../../arm-none-eabi/lib/thumb/v6-m/nofp/libstdc++_nano.a(del_ops.o)
 .bss           0x0000000000000000        0x0 /home/opt/arm-toolchains/gcc-arm-none-eabi-8-2019-q3-update/bin/../lib/gcc/arm-none-eabi/8.3.1/../../../../arm-none-eabi/lib/thumb/v6-m/nofp/libstdc++_nano.a(del_ops.o)
 .text          0x0000000000000000        0x0 /home/opt/arm-toolchains/gcc-arm-none-eabi-8-2019-q3-update/bin/../lib/gcc/arm-none-eabi/8.3.1/../../../../arm-none-eabi/lib/thumb/v6-m/nofp/libstdc++_nano.a(del_op.o)
 .data          0x0000000000000000        0x0 /home/opt/arm-toolchains/gcc-arm-none-eabi-8-2019-q3-update/bin/../lib/gcc/arm-none-eabi/8.3.1/../../../../arm-none-eabi/lib/thumb/v6-m/nofp/libstdc++_nano.a(del_op.o)
 .bss           0x0000000000000000        0x0 /home/opt/arm-toolchains/gcc-arm-none-eabi-8-2019-q3-update/bin/../lib/gcc/arm-none-eabi/8.3.1/../../../../arm-none-eabi/lib/thumb/v6-m/nofp/libstdc++_nano.a(del_op.o)
 .text          0x0000000000000000        0x0 /home/opt/arm-toolchains/gcc-arm-none-eabi-8-2019-q3-update/bin/../lib/gcc/arm-none-eabi/8.3.1/../../../../arm-none-eabi/lib/thumb/v6-m/nofp/libg_nano.a(lib_a-errno.o)
 .data          0x0000000000000000        0x0 /home/opt/arm-toolchains/gcc-arm-none-eabi-8-2019-q3-update/bin/../lib/gcc/arm-none-eabi/8.3.1/../../../../arm-none-eabi/lib/thumb/v6-m/nofp/libg_nano.a(lib_a-errno.o)
 .bss           0x0000000000000000        0x0 /home/opt/arm-toolchains/gcc-arm-none-eabi-8-2019-q3-update/bin/../lib/gcc/arm-none-eabi/8.3.1/../../../../arm-none-eabi/lib/thumb/v6-m/nofp/libg_nano.a(lib_a-errno.o)
 .text.__errno  0x0000000000000000        0xc /home/opt/arm-toolchains/gcc-arm-none-eabi-8-2019-q3-update/bin/../lib/gcc/arm-none-eabi/8.3.1/../../../../arm-none-eabi/lib/thumb/v6-m/nofp/libg_nano.a(lib_a-errno.o)
 .debug_frame   0x0000000000000000       0x20 /home/opt/arm-toolchains/gcc-arm-none-eabi-8-2019-q3-update/bin/../lib/gcc/arm-none-eabi/8.3.1/../../../../arm-none-eabi/lib/thumb/v6-m/nofp/libg_nano.a(lib_a-errno.o)
 .ARM.attributes
                0x0000000000000000       0x2c /home/opt/arm-toolchains/gcc-arm-none-eabi-8-2019-q3-update/bin/../lib/gcc/arm-none-eabi/8.3.1/../../../../arm-none-eabi/lib/thumb/v6-m/nofp/libg_nano.a(lib_a-errno.o)
 .text          0x0000000000000000        0x0 /home/opt/arm-toolchains/gcc-arm-none-eabi-8-2019-q3-update/bin/../lib/gcc/arm-none-eabi/8.3.1/../../../../arm-none-eabi/lib/thumb/v6-m/nofp/libg_nano.a(lib_a-impure.o)
 .data          0x0000000000000000        0x0 /home/opt/arm-toolchains/gcc-arm-none-eabi-8-2019-q3-update/bin/../lib/gcc/arm-none-eabi/8.3.1/../../../../arm-none-eabi/lib/thumb/v6-m/nofp/libg_nano.a(lib_a-impure.o)
 .bss           0x0000000000000000        0x0 /home/opt/arm-toolchains/gcc-arm-none-eabi-8-2019-q3-update/bin/../lib/gcc/arm-none-eabi/8.3.1/../../../../arm-none-eabi/lib/thumb/v6-m/nofp/libg_nano.a(lib_a-impure.o)
 .rodata._global_impure_ptr
                0x0000000000000000        0x4 /home/opt/arm-toolchains/gcc-arm-none-eabi-8-2019-q3-update/bin/../lib/gcc/arm-none-eabi/8.3.1/../../../../arm-none-eabi/lib/thumb/v6-m/nofp/libg_nano.a(lib_a-impure.o)
 .text          0x0000000000000000        0x0 /home/opt/arm-toolchains/gcc-arm-none-eabi-8-2019-q3-update/bin/../lib/gcc/arm-none-eabi/8.3.1/../../../../arm-none-eabi/lib/thumb/v6-m/nofp/libg_nano.a(lib_a-malloc.o)
 .data          0x0000000000000000        0x0 /home/opt/arm-toolchains/gcc-arm-none-eabi-8-2019-q3-update/bin/../lib/gcc/arm-none-eabi/8.3.1/../../../../arm-none-eabi/lib/thumb/v6-m/nofp/libg_nano.a(lib_a-malloc.o)
 .bss           0x0000000000000000        0x0 /home/opt/arm-toolchains/gcc-arm-none-eabi-8-2019-q3-update/bin/../lib/gcc/arm-none-eabi/8.3.1/../../../../arm-none-eabi/lib/thumb/v6-m/nofp/libg_nano.a(lib_a-malloc.o)
 .text.malloc   0x0000000000000000       0x14 /home/opt/arm-toolchains/gcc-arm-none-eabi-8-2019-q3-update/bin/../lib/gcc/arm-none-eabi/8.3.1/../../../../arm-none-eabi/lib/thumb/v6-m/nofp/libg_nano.a(lib_a-malloc.o)
 .text          0x0000000000000000        0x0 /home/opt/arm-toolchains/gcc-arm-none-eabi-8-2019-q3-update/bin/../lib/gcc/arm-none-eabi/8.3.1/../../../../arm-none-eabi/lib/thumb/v6-m/nofp/libg_nano.a(lib_a-nano-freer.o)
 .data          0x0000000000000000        0x0 /home/opt/arm-toolchains/gcc-arm-none-eabi-8-2019-q3-update/bin/../lib/gcc/arm-none-eabi/8.3.1/../../../../arm-none-eabi/lib/thumb/v6-m/nofp/libg_nano.a(lib_a-nano-freer.o)
 .bss           0x0000000000000000        0x0 /home/opt/arm-toolchains/gcc-arm-none-eabi-8-2019-q3-update/bin/../lib/gcc/arm-none-eabi/8.3.1/../../../../arm-none-eabi/lib/thumb/v6-m/nofp/libg_nano.a(lib_a-nano-freer.o)
 .text          0x0000000000000000        0x0 /home/opt/arm-toolchains/gcc-arm-none-eabi-8-2019-q3-update/bin/../lib/gcc/arm-none-eabi/8.3.1/../../../../arm-none-eabi/lib/thumb/v6-m/nofp/libg_nano.a(lib_a-nano-mallocr.o)
 .data          0x0000000000000000        0x0 /home/opt/arm-toolchains/gcc-arm-none-eabi-8-2019-q3-update/bin/../lib/gcc/arm-none-eabi/8.3.1/../../../../arm-none-eabi/lib/thumb/v6-m/nofp/libg_nano.a(lib_a-nano-mallocr.o)
 .bss           0x0000000000000000        0x0 /home/opt/arm-toolchains/gcc-arm-none-eabi-8-2019-q3-update/bin/../lib/gcc/arm-none-eabi/8.3.1/../../../../arm-none-eabi/lib/thumb/v6-m/nofp/libg_nano.a(lib_a-nano-mallocr.o)
 .text._malloc_r
                0x0000000000000000       0xbc /home/opt/arm-toolchains/gcc-arm-none-eabi-8-2019-q3-update/bin/../lib/gcc/arm-none-eabi/8.3.1/../../../../arm-none-eabi/lib/thumb/v6-m/nofp/libg_nano.a(lib_a-nano-mallocr.o)
 .bss.__malloc_sbrk_start
                0x0000000000000000        0x4 /home/opt/arm-toolchains/gcc-arm-none-eabi-8-2019-q3-update/bin/../lib/gcc/arm-none-eabi/8.3.1/../../../../arm-none-eabi/lib/thumb/v6-m/nofp/libg_nano.a(lib_a-nano-mallocr.o)
 .text          0x0000000000000000        0x0 /home/opt/arm-toolchains/gcc-arm-none-eabi-8-2019-q3-update/bin/../lib/gcc/arm-none-eabi/8.3.1/../../../../arm-none-eabi/lib/thumb/v6-m/nofp/libg_nano.a(lib_a-sbrkr.o)
 .data          0x0000000000000000        0x0 /home/opt/arm-toolchains/gcc-arm-none-eabi-8-2019-q3-update/bin/../lib/gcc/arm-none-eabi/8.3.1/../../../../arm-none-eabi/lib/thumb/v6-m/nofp/libg_nano.a(lib_a-sbrkr.o)
 .bss           0x0000000000000000        0x0 /home/opt/arm-toolchains/gcc-arm-none-eabi-8-2019-q3-update/bin/../lib/gcc/arm-none-eabi/8.3.1/../../../../arm-none-eabi/lib/thumb/v6-m/nofp/libg_nano.a(lib_a-sbrkr.o)
 .text._sbrk_r  0x0000000000000000       0x24 /home/opt/arm-toolchains/gcc-arm-none-eabi-8-2019-q3-update/bin/../lib/gcc/arm-none-eabi/8.3.1/../../../../arm-none-eabi/lib/thumb/v6-m/nofp/libg_nano.a(lib_a-sbrkr.o)
 .debug_frame   0x0000000000000000       0x2c /home/opt/arm-toolchains/gcc-arm-none-eabi-8-2019-q3-update/bin/../lib/gcc/arm-none-eabi/8.3.1/../../../../arm-none-eabi/lib/thumb/v6-m/nofp/libg_nano.a(lib_a-sbrkr.o)
 .ARM.attributes
                0x0000000000000000       0x2c /home/opt/arm-toolchains/gcc-arm-none-eabi-8-2019-q3-update/bin/../lib/gcc/arm-none-eabi/8.3.1/../../../../arm-none-eabi/lib/thumb/v6-m/nofp/libg_nano.a(lib_a-sbrkr.o)
 .text          0x0000000000000000        0x0 /home/opt/arm-toolchains/gcc-arm-none-eabi-8-2019-q3-update/bin/../lib/gcc/arm-none-eabi/8.3.1/../../../../arm-none-eabi/lib/thumb/v6-m/nofp/libg_nano.a(lib_a-mlock.o)
 .data          0x0000000000000000        0x0 /home/opt/arm-toolchains/gcc-arm-none-eabi-8-2019-q3-update/bin/../lib/gcc/arm-none-eabi/8.3.1/../../../../arm-none-eabi/lib/thumb/v6-m/nofp/libg_nano.a(lib_a-mlock.o)
 .bss           0x0000000000000000        0x0 /home/opt/arm-toolchains/gcc-arm-none-eabi-8-2019-q3-update/bin/../lib/gcc/arm-none-eabi/8.3.1/../../../../arm-none-eabi/lib/thumb/v6-m/nofp/libg_nano.a(lib_a-mlock.o)
 .text          0x0000000000000000        0x0 /home/opt/arm-toolchains/gcc-arm-none-eabi-8-2019-q3-update/bin/../lib/gcc/arm-none-eabi/8.3.1/../../../../arm-none-eabi/lib/thumb/v6-m/nofp/libg_nano.a(lib_a-lock.o)
 .data          0x0000000000000000        0x0 /home/opt/arm-toolchains/gcc-arm-none-eabi-8-2019-q3-update/bin/../lib/gcc/arm-none-eabi/8.3.1/../../../../arm-none-eabi/lib/thumb/v6-m/nofp/libg_nano.a(lib_a-lock.o)
 .bss           0x0000000000000000        0x0 /home/opt/arm-toolchains/gcc-arm-none-eabi-8-2019-q3-update/bin/../lib/gcc/arm-none-eabi/8.3.1/../../../../arm-none-eabi/lib/thumb/v6-m/nofp/libg_nano.a(lib_a-lock.o)
 .text.__retarget_lock_init
                0x0000000000000000        0x2 /home/opt/arm-toolchains/gcc-arm-none-eabi-8-2019-q3-update/bin/../lib/gcc/arm-none-eabi/8.3.1/../../../../arm-none-eabi/lib/thumb/v6-m/nofp/libg_nano.a(lib_a-lock.o)
 .text.__retarget_lock_init_recursive
                0x0000000000000000        0x2 /home/opt/arm-toolchains/gcc-arm-none-eabi-8-2019-q3-update/bin/../lib/gcc/arm-none-eabi/8.3.1/../../../../arm-none-eabi/lib/thumb/v6-m/nofp/libg_nano.a(lib_a-lock.o)
 .text.__retarget_lock_close
                0x0000000000000000        0x2 /home/opt/arm-toolchains/gcc-arm-none-eabi-8-2019-q3-update/bin/../lib/gcc/arm-none-eabi/8.3.1/../../../../arm-none-eabi/lib/thumb/v6-m/nofp/libg_nano.a(lib_a-lock.o)
 .text.__retarget_lock_close_recursive
                0x0000000000000000        0x2 /home/opt/arm-toolchains/gcc-arm-none-eabi-8-2019-q3-update/bin/../lib/gcc/arm-none-eabi/8.3.1/../../../../arm-none-eabi/lib/thumb/v6-m/nofp/libg_nano.a(lib_a-lock.o)
 .text.__retarget_lock_acquire
                0x0000000000000000        0x2 /home/opt/arm-toolchains/gcc-arm-none-eabi-8-2019-q3-update/bin/../lib/gcc/arm-none-eabi/8.3.1/../../../../arm-none-eabi/lib/thumb/v6-m/nofp/libg_nano.a(lib_a-lock.o)
 .text.__retarget_lock_try_acquire
                0x0000000000000000        0x4 /home/opt/arm-toolchains/gcc-arm-none-eabi-8-2019-q3-update/bin/../lib/gcc/arm-none-eabi/8.3.1/../../../../arm-none-eabi/lib/thumb/v6-m/nofp/libg_nano.a(lib_a-lock.o)
 .text.__retarget_lock_try_acquire_recursive
                0x0000000000000000        0x4 /home/opt/arm-toolchains/gcc-arm-none-eabi-8-2019-q3-update/bin/../lib/gcc/arm-none-eabi/8.3.1/../../../../arm-none-eabi/lib/thumb/v6-m/nofp/libg_nano.a(lib_a-lock.o)
 .text.__retarget_lock_release
                0x0000000000000000        0x2 /home/opt/arm-toolchains/gcc-arm-none-eabi-8-2019-q3-update/bin/../lib/gcc/arm-none-eabi/8.3.1/../../../../arm-none-eabi/lib/thumb/v6-m/nofp/libg_nano.a(lib_a-lock.o)
 .text          0x0000000000000000        0x0 /home/opt/arm-toolchains/gcc-arm-none-eabi-8-2019-q3-update/bin/../lib/gcc/arm-none-eabi/8.3.1/../../../../arm-none-eabi/lib/thumb/v6-m/nofp/libg_nano.a(lib_a-memset.o)
 .data          0x0000000000000000        0x0 /home/opt/arm-toolchains/gcc-arm-none-eabi-8-2019-q3-update/bin/../lib/gcc/arm-none-eabi/8.3.1/../../../../arm-none-eabi/lib/thumb/v6-m/nofp/libg_nano.a(lib_a-memset.o)
 .bss           0x0000000000000000        0x0 /home/opt/arm-toolchains/gcc-arm-none-eabi-8-2019-q3-update/bin/../lib/gcc/arm-none-eabi/8.3.1/../../../../arm-none-eabi/lib/thumb/v6-m/nofp/libg_nano.a(lib_a-memset.o)
 .data          0x0000000000000000        0x0 /home/opt/arm-toolchains/gcc-arm-none-eabi-8-2019-q3-update/bin/../lib/gcc/arm-none-eabi/8.3.1/thumb/v6-m/nofp/libgcc.a(_udivsi3.o)
 .bss           0x0000000000000000        0x0 /home/opt/arm-toolchains/gcc-arm-none-eabi-8-2019-q3-update/bin/../lib/gcc/arm-none-eabi/8.3.1/thumb/v6-m/nofp/libgcc.a(_udivsi3.o)
 .text          0x0000000000000000      0x1d4 /home/opt/arm-toolchains/gcc-arm-none-eabi-8-2019-q3-update/bin/../lib/gcc/arm-none-eabi/8.3.1/thumb/v6-m/nofp/libgcc.a(_divsi3.o)
 .data          0x0000000000000000        0x0 /home/opt/arm-toolchains/gcc-arm-none-eabi-8-2019-q3-update/bin/../lib/gcc/arm-none-eabi/8.3.1/thumb/v6-m/nofp/libgcc.a(_divsi3.o)
 .bss           0x0000000000000000        0x0 /home/opt/arm-toolchains/gcc-arm-none-eabi-8-2019-q3-update/bin/../lib/gcc/arm-none-eabi/8.3.1/thumb/v6-m/nofp/libgcc.a(_divsi3.o)
 .debug_frame   0x0000000000000000       0x20 /home/opt/arm-toolchains/gcc-arm-none-eabi-8-2019-q3-update/bin/../lib/gcc/arm-none-eabi/8.3.1/thumb/v6-m/nofp/libgcc.a(_divsi3.o)
 .ARM.attributes
                0x0000000000000000       0x1e /home/opt/arm-toolchains/gcc-arm-none-eabi-8-2019-q3-update/bin/../lib/gcc/arm-none-eabi/8.3.1/thumb/v6-m/nofp/libgcc.a(_divsi3.o)
 .data          0x0000000000000000        0x0 /home/opt/arm-toolchains/gcc-arm-none-eabi-8-2019-q3-update/bin/../lib/gcc/arm-none-eabi/8.3.1/thumb/v6-m/nofp/libgcc.a(_dvmd_tls.o)
 .bss           0x0000000000000000        0x0 /home/opt/arm-toolchains/gcc-arm-none-eabi-8-2019-q3-update/bin/../lib/gcc/arm-none-eabi/8.3.1/thumb/v6-m/nofp/libgcc.a(_dvmd_tls.o)

Memory Configuration

Name             Origin             Length             Attributes
RAM              0x0000000020000000 0x0000000000002000 xrw
CCMRAM           0x0000000000000000 0x0000000000000000 xrw
FLASH            0x0000000008000000 0x0000000000008000 xr
FLASHB1          0x0000000000000000 0x0000000000000000 xr
EXTMEMB0         0x0000000000000000 0x0000000000000000 xr
EXTMEMB1         0x0000000000000000 0x0000000000000000 xr
EXTMEMB2         0x0000000000000000 0x0000000000000000 xr
EXTMEMB3         0x0000000000000000 0x0000000000000000 xr
MEMORY_ARRAY     0x0000000000000000 0x0000000000000000 xrw
*default*        0x0000000000000000 0xffffffffffffffff

Linker script and memory map

LOAD /tmp/cc0Zm0Dpdebugobj
LOAD /tmp/ccy43ulU.ltrans0.ltrans.o
LOAD /home/opt/arm-toolchains/gcc-arm-none-eabi-8-2019-q3-update/bin/../lib/gcc/arm-none-eabi/8.3.1/../../../../arm-none-eabi/lib/thumb/v6-m/nofp/libstdc++_nano.a
LOAD /home/opt/arm-toolchains/gcc-arm-none-eabi-8-2019-q3-update/bin/../lib/gcc/arm-none-eabi/8.3.1/../../../../arm-none-eabi/lib/thumb/v6-m/nofp/libm.a
START GROUP
LOAD /home/opt/arm-toolchains/gcc-arm-none-eabi-8-2019-q3-update/bin/../lib/gcc/arm-none-eabi/8.3.1/thumb/v6-m/nofp/libgcc.a
LOAD /home/opt/arm-toolchains/gcc-arm-none-eabi-8-2019-q3-update/bin/../lib/gcc/arm-none-eabi/8.3.1/../../../../arm-none-eabi/lib/thumb/v6-m/nofp/libg_nano.a
LOAD /home/opt/arm-toolchains/gcc-arm-none-eabi-8-2019-q3-update/bin/../lib/gcc/arm-none-eabi/8.3.1/../../../../arm-none-eabi/lib/thumb/v6-m/nofp/libc_nano.a
END GROUP
START GROUP
LOAD /home/opt/arm-toolchains/gcc-arm-none-eabi-8-2019-q3-update/bin/../lib/gcc/arm-none-eabi/8.3.1/thumb/v6-m/nofp/libgcc.a
LOAD /home/opt/arm-toolchains/gcc-arm-none-eabi-8-2019-q3-update/bin/../lib/gcc/arm-none-eabi/8.3.1/../../../../arm-none-eabi/lib/thumb/v6-m/nofp/libc_nano.a
END GROUP
                0x0000000020002000                __stack = (ORIGIN (RAM) + LENGTH (RAM))
                0x0000000020002000                _estack = __stack
                0x0000000000000400                __Main_Stack_Size = 0x400
                [!provide]                        PROVIDE (_Main_Stack_Size = __Main_Stack_Size)
                0x0000000020001c00                __Main_Stack_Limit = (__stack - __Main_Stack_Size)
                [!provide]                        PROVIDE (_Main_Stack_Limit = __Main_Stack_Limit)
                0x0000000000000100                _Minimum_Stack_Size = 0x100
                0x00000000200002e8                PROVIDE (_Heap_Begin = _end_noinit)
                0x0000000020001c00                PROVIDE (_Heap_Limit = (__stack - __Main_Stack_Size))

.isr_vector     0x0000000008000000      0x294
 FILL mask 0xff
                0x0000000008000000                __vectors_start = ABSOLUTE (.)
                0x0000000008000000                __vectors_start__ = ABSOLUTE (.)
 *(.isr_vector)
 .isr_vector    0x0000000008000000       0xc4 /tmp/ccy43ulU.ltrans0.ltrans.o
                0x0000000008000000                g_pfnVectors
 *(.cfmconfig)
 *(.after_vectors .after_vectors.*)
 .after_vectors
                0x00000000080000c4      0x1d0 /tmp/ccy43ulU.ltrans0.ltrans.o
                0x00000000080000c4                _start
                0x0000000008000268                HardFault_Handler_C

.inits          0x0000000008000294       0x30
                0x0000000008000294                __data_regions_array_start = .
                0x0000000008000294        0x4 LONG 0x8002de8 LOADADDR (.data)
                0x0000000008000298        0x4 LONG 0x20000000 ADDR (.data)
                0x000000000800029c        0x4 LONG 0x20000094 (ADDR (.data) + SIZEOF (.data))
                0x00000000080002a0        0x4 LONG 0x8002de8 LOADADDR (.data_CCMRAM)
                0x00000000080002a4        0x4 LONG 0x0 ADDR (.data_CCMRAM)
                0x00000000080002a8        0x4 LONG 0x0 (ADDR (.data_CCMRAM) + SIZEOF (.data_CCMRAM))
                0x00000000080002ac                __data_regions_array_end = .
                0x00000000080002ac                __bss_regions_array_start = .
                0x00000000080002ac        0x4 LONG 0x20000094 ADDR (.bss)
                0x00000000080002b0        0x4 LONG 0x200002e8 (ADDR (.bss) + SIZEOF (.bss))
                0x00000000080002b4        0x4 LONG 0x0 ADDR (.bss_CCMRAM)
                0x00000000080002b8        0x4 LONG 0x0 (ADDR (.bss_CCMRAM) + SIZEOF (.bss_CCMRAM))
                0x00000000080002bc                __bss_regions_array_end = .
 *(.init)
 *(.fini)
                0x00000000080002bc                . = ALIGN (0x4)
                0x00000000080002bc                PROVIDE (__preinit_array_start = .)
 *(.preinit_array_sysinit .preinit_array_sysinit.*)
 *(.preinit_array_platform .preinit_array_platform.*)
 *(.preinit_array .preinit_array.*)
                0x00000000080002bc                PROVIDE (__preinit_array_end = .)
                0x00000000080002bc                . = ALIGN (0x4)
                0x00000000080002bc                PROVIDE (__init_array_start = .)
 *(SORT_BY_NAME(.init_array.*))
 *(.init_array)
 .init_array    0x00000000080002bc        0x4 /tmp/ccy43ulU.ltrans0.ltrans.o
                0x00000000080002c0                PROVIDE (__init_array_end = .)
                0x00000000080002c0                . = ALIGN (0x4)
                0x00000000080002c0                PROVIDE (__fini_array_start = .)
 *(SORT_BY_NAME(.fini_array.*))
 *(.fini_array)
 .fini_array    0x00000000080002c0        0x4 /tmp/ccy43ulU.ltrans0.ltrans.o
                0x00000000080002c4                PROVIDE (__fini_array_end = .)

.flashtext
 *(.flashtext .flashtext.*)

.text           0x00000000080002c4     0x2b24
 *(.text .text.*)
 .text._exit    0x00000000080002c4        0xa /tmp/ccy43ulU.ltrans0.ltrans.o
 *fill*         0x00000000080002ce        0x2 
 .text.__initialize_args
                0x00000000080002d0       0x20 /tmp/ccy43ulU.ltrans0.ltrans.o
 .text.__initialize_hardware_early
                0x00000000080002f0        0xc /tmp/ccy43ulU.ltrans0.ltrans.o
 .text.__initialize_hardware
                0x00000000080002fc        0xc /tmp/ccy43ulU.ltrans0.ltrans.o
 .text.SystemInit
                0x0000000008000308       0x8c /tmp/ccy43ulU.ltrans0.ltrans.o
 .text.SystemCoreClockUpdate
                0x0000000008000394       0xe0 /tmp/ccy43ulU.ltrans0.ltrans.o
 .text.SetSysClock
                0x0000000008000474       0xdc /tmp/ccy43ulU.ltrans0.ltrans.o
 .text.NVIC_SetPriority
                0x0000000008000550       0xe8 /tmp/ccy43ulU.ltrans0.ltrans.o
 .text.SysTick_Config
                0x0000000008000638       0x48 /tmp/ccy43ulU.ltrans0.ltrans.o
 .text._ZN8Hardware13errorDispatchENS_9ErrorCodeE
                0x0000000008000680       0x20 /tmp/ccy43ulU.ltrans0.ltrans.o
 .text._ZL13flash_latencym
                0x00000000080006a0       0x34 /tmp/ccy43ulU.ltrans0.ltrans.o
 .text._ZL12pll_start_lbmm
                0x00000000080006d4       0xb0 /tmp/ccy43ulU.ltrans0.ltrans.o
 .text._ZL7rccInitv
                0x0000000008000784       0x2c /tmp/ccy43ulU.ltrans0.ltrans.o
 .text._ZN8Hardware9NVIC_initEv
                0x00000000080007b0        0x8 /tmp/ccy43ulU.ltrans0.ltrans.o
 .text._ZN8Hardware4initEv
                0x00000000080007b8       0x54 /tmp/ccy43ulU.ltrans0.ltrans.o
 .text._ZN8Hardware9WDOG_InitEv
                0x000000000800080c        0x8 /tmp/ccy43ulU.ltrans0.ltrans.o
 .text._ZN9QuickTask4holdEb
                0x0000000008000814       0x20 /tmp/ccy43ulU.ltrans0.ltrans.o
 .text._ZN4Gpio7setMODEEP12GPIO_TypeDefhNS_8GpioModeE
                0x0000000008000834       0x4e /tmp/ccy43ulU.ltrans0.ltrans.o
 .text._ZN4Gpio8setSpeedEP12GPIO_TypeDefhNS_9GpioSpeedE
                0x0000000008000882       0x50 /tmp/ccy43ulU.ltrans0.ltrans.o
 .text._ZN4Gpio11setPullUpDnEP12GPIO_TypeDefhNS_8GpioPuPdE
                0x00000000080008d2       0x4e /tmp/ccy43ulU.ltrans0.ltrans.o
 .text._ZN4Gpio8setOTypeEP12GPIO_TypeDefhNS_9GpioOTypeE
                0x0000000008000920       0x56 /tmp/ccy43ulU.ltrans0.ltrans.o
 .text._ZN4Gpio7getModeEP12GPIO_TypeDefh
                0x0000000008000976       0x30 /tmp/ccy43ulU.ltrans0.ltrans.o
 .text._ZN4Gpio7getPullEP12GPIO_TypeDefh
                0x00000000080009a6       0x30 /tmp/ccy43ulU.ltrans0.ltrans.o
 .text._ZN4Gpio8getSpeedEP12GPIO_TypeDefh
                0x00000000080009d6       0x30 /tmp/ccy43ulU.ltrans0.ltrans.o
 .text._ZN4Gpio8getOTypeEP12GPIO_TypeDefh
                0x0000000008000a06       0x32 /tmp/ccy43ulU.ltrans0.ltrans.o
 .text._ZN4Gpio11setOutputUpEP12GPIO_TypeDefh
                0x0000000008000a38       0x24 /tmp/ccy43ulU.ltrans0.ltrans.o
 .text._ZN4Gpio13setOutputDownEP12GPIO_TypeDefh
                0x0000000008000a5c       0x26 /tmp/ccy43ulU.ltrans0.ltrans.o
 .text._ZN4Gpio9setOutputEP12GPIO_TypeDefhb
                0x0000000008000a82       0x44 /tmp/ccy43ulU.ltrans0.ltrans.o
 .text._ZN4Gpio9getOutputEP12GPIO_TypeDefh
                0x0000000008000ac6       0x30 /tmp/ccy43ulU.ltrans0.ltrans.o
 .text._ZN4Gpio8getInputEP12GPIO_TypeDefh
                0x0000000008000af6       0x30 /tmp/ccy43ulU.ltrans0.ltrans.o
 .text._ZN4Gpio14setupFromCloneEP12GPIO_TypeDefhS1_h
                0x0000000008000b26       0x9c /tmp/ccy43ulU.ltrans0.ltrans.o
 .text._ZN4Gpio7setMODEENS_8GpioModeE
                0x0000000008000bc2       0x26 /tmp/ccy43ulU.ltrans0.ltrans.o
 .text._ZN4Gpio8setSpeedENS_9GpioSpeedE
                0x0000000008000be8       0x26 /tmp/ccy43ulU.ltrans0.ltrans.o
 .text._ZN4Gpio11setPullUpDnENS_8GpioPuPdE
                0x0000000008000c0e       0x26 /tmp/ccy43ulU.ltrans0.ltrans.o
 .text._ZN4Gpio8setOTypeENS_9GpioOTypeE
                0x0000000008000c34       0x26 /tmp/ccy43ulU.ltrans0.ltrans.o
 .text._ZN4Gpio9setOutputENS_5LevelE
                0x0000000008000c5a       0x2e /tmp/ccy43ulU.ltrans0.ltrans.o
 .text._ZN4Gpio9getOutputEv
                0x0000000008000c88       0x2a /tmp/ccy43ulU.ltrans0.ltrans.o
 .text._ZN4Gpio8getInputEv
                0x0000000008000cb2       0x2a /tmp/ccy43ulU.ltrans0.ltrans.o
 .text._ZN4Gpio5setupENS_8GpioModeENS_9GpioOTypeENS_8GpioPuPdENS_9GpioSpeedE
                0x0000000008000cdc       0x60 /tmp/ccy43ulU.ltrans0.ltrans.o
 .text._ZN4Gpio14setupFromCloneEPS_
                0x0000000008000d3c       0x24 /tmp/ccy43ulU.ltrans0.ltrans.o
 .text._ZN4GpioC2EP12GPIO_TypeDefh
                0x0000000008000d60       0x36 /tmp/ccy43ulU.ltrans0.ltrans.o
 *fill*         0x0000000008000d96        0x2 
 .text._ZN6Pinout5setupEv
                0x0000000008000d98       0x50 /tmp/ccy43ulU.ltrans0.ltrans.o
 .text._ZN8Keyboard11addToBufferENS_3KeyE
                0x0000000008000de8       0x32 /tmp/ccy43ulU.ltrans0.ltrans.o
 .text._ZN8Keyboard12setColumnLowEh
                0x0000000008000e1a       0xb2 /tmp/ccy43ulU.ltrans0.ltrans.o
 .text._ZN8Keyboard13getRowPressedEv
                0x0000000008000ecc       0x7a /tmp/ccy43ulU.ltrans0.ltrans.o
 .text._ZN8Keyboard8getKeyAtEhh
                0x0000000008000f46       0xaa /tmp/ccy43ulU.ltrans0.ltrans.o
 .text._ZN8Keyboard13getPressedKeyEv
                0x0000000008000ff0       0x60 /tmp/ccy43ulU.ltrans0.ltrans.o
 .text._ZN8KeyboardC2EP4GpioS1_S1_S1_S1_S1_S1_
                0x0000000008001050       0x84 /tmp/ccy43ulU.ltrans0.ltrans.o
 .text._ZN8Keyboard5setupEv
                0x00000000080010d4       0x82 /tmp/ccy43ulU.ltrans0.ltrans.o
 .text._ZN8Keyboard4pollEv
                0x0000000008001156       0x48 /tmp/ccy43ulU.ltrans0.ltrans.o
 .text._ZN8Keyboard16getUnbufferedKeyEv
                0x000000000800119e       0x1a /tmp/ccy43ulU.ltrans0.ltrans.o
 .text._ZN11FrameBuffer14setRefreshNeedEv
                0x00000000080011b8       0x14 /tmp/ccy43ulU.ltrans0.ltrans.o
 .text._ZN11FrameBuffer19checkCursorPositionEv
                0x00000000080011cc       0x3e /tmp/ccy43ulU.ltrans0.ltrans.o
 .text._ZN11FrameBuffer11cursorRightEv
                0x000000000800120a       0x3a /tmp/ccy43ulU.ltrans0.ltrans.o
 .text._ZN11FrameBuffer6gotoXYEmm
                0x0000000008001244       0x5a /tmp/ccy43ulU.ltrans0.ltrans.o
 .text._ZN11FrameBuffer5printEc
                0x000000000800129e       0x3c /tmp/ccy43ulU.ltrans0.ltrans.o
 .text._ZN11FrameBuffer5printEPKc
                0x00000000080012da       0x30 /tmp/ccy43ulU.ltrans0.ltrans.o
 .text._ZN11FrameBuffer7printXYEmmPKc
                0x000000000800130a       0x2c /tmp/ccy43ulU.ltrans0.ltrans.o
 .text._ZN7HD44780C2Ev
                0x0000000008001336       0x42 /tmp/ccy43ulU.ltrans0.ltrans.o
 .text._ZN6PinoutC2Ev
                0x0000000008001378      0x1c8 /tmp/ccy43ulU.ltrans0.ltrans.o
 .text._Z8keysPollv
                0x0000000008001540       0x18 /tmp/ccy43ulU.ltrans0.ltrans.o
 .text.main     0x0000000008001558       0x88 /tmp/ccy43ulU.ltrans0.ltrans.o
 .text._Z41__static_initialization_and_destruction_0ii.lto_priv.0
                0x00000000080015e0      0x128 /tmp/ccy43ulU.ltrans0.ltrans.o
 .text._GLOBAL__sub_I_pinout
                0x0000000008001708       0x18 /tmp/ccy43ulU.ltrans0.ltrans.o
 .text._ZN4FifoC2EPhm
                0x0000000008001720       0x2e /tmp/ccy43ulU.ltrans0.ltrans.o
 .text._ZN4Fifo3putEh
                0x000000000800174e       0x6e /tmp/ccy43ulU.ltrans0.ltrans.o
 .text._ZN11FrameBufferD2Ev
                0x00000000080017bc       0x1c /tmp/ccy43ulU.ltrans0.ltrans.o
 .text._ZN11FrameBufferD0Ev
                0x00000000080017d8       0x24 /tmp/ccy43ulU.ltrans0.ltrans.o
 .text._ZN9QuickTask4tickEm
                0x00000000080017fc       0x6c /tmp/ccy43ulU.ltrans0.ltrans.o
 .text._ZN9QuickTask4pollEv
                0x0000000008001868       0x6c /tmp/ccy43ulU.ltrans0.ltrans.o
 .text._ZN9QuickTaskC2ENS_6QTTypeEPFvvEm
                0x00000000080018d4       0x9c /tmp/ccy43ulU.ltrans0.ltrans.o
 .text.SysTick_Handler
                0x0000000008001970        0xe /tmp/ccy43ulU.ltrans0.ltrans.o
 .text._ZN6VEprom15isWritePossibleEv
                0x000000000800197e        0xc /tmp/ccy43ulU.ltrans0.ltrans.o
 *fill*         0x000000000800198a        0x2 
 .text._ZN6VEprom4initEv
                0x000000000800198c       0xac /tmp/ccy43ulU.ltrans0.ltrans.o
 .text._ZN6VEprom9writeWordENS_9VirtAdresEt
                0x0000000008001a38       0xac /tmp/ccy43ulU.ltrans0.ltrans.o
 .text._ZN4Gpio11setOutputUpEv
                0x0000000008001ae4       0x1e /tmp/ccy43ulU.ltrans0.ltrans.o
 .text._ZN4Gpio13setOutputDownEv
                0x0000000008001b02       0x1e /tmp/ccy43ulU.ltrans0.ltrans.o
 .text._ZN4Gpio9setOutputEb
                0x0000000008001b20       0x26 /tmp/ccy43ulU.ltrans0.ltrans.o
 *fill*         0x0000000008001b46        0x2 
 .text._ZN11FrameBufferC2EmmPh
                0x0000000008001b48       0x54 /tmp/ccy43ulU.ltrans0.ltrans.o
 .text._ZNK11FrameBuffer9getBufferEv
                0x0000000008001b9c       0x14 /tmp/ccy43ulU.ltrans0.ltrans.o
 .text._ZN7HD4478015prepareDataByteEh
                0x0000000008001bb0       0x5c /tmp/ccy43ulU.ltrans0.ltrans.o
 .text._ZN7HD4478021prepareCommandToWriteENS_10LcdCommandE
                0x0000000008001c0c       0x3a /tmp/ccy43ulU.ltrans0.ltrans.o
 .text._ZN7HD4478018prepareCharToWriteEc
                0x0000000008001c46       0x3a /tmp/ccy43ulU.ltrans0.ltrans.o
 .text._ZN7HD4478012setBackLightEb
                0x0000000008001c80       0x24 /tmp/ccy43ulU.ltrans0.ltrans.o
 .text._ZN7HD4478013getDDRamAdresEhh
                0x0000000008001ca4       0x6a /tmp/ccy43ulU.ltrans0.ltrans.o
 *fill*         0x0000000008001d0e        0x2 
 .text._ZN9QuickTask10getCounterEv
                0x0000000008001d10       0x14 /tmp/ccy43ulU.ltrans0.ltrans.o
 .text._ZN9QuickTask23delayMsWithStoppedTasksEm
                0x0000000008001d24       0x2e /tmp/ccy43ulU.ltrans0.ltrans.o
 .text._ZN8Hardware12delayMsDirtyEm
                0x0000000008001d52       0x16 /tmp/ccy43ulU.ltrans0.ltrans.o
 .text._ZN7HD4478011getInstanceEv
                0x0000000008001d68       0x10 /tmp/ccy43ulU.ltrans0.ltrans.o
 .text._Z12pollCallbackv
                0x0000000008001d78       0x14 /tmp/ccy43ulU.ltrans0.ltrans.o
 .text._ZN7HD4478014getFrameBufferEv
                0x0000000008001d8c       0x18 /tmp/ccy43ulU.ltrans0.ltrans.o
 .text._ZN7HD4478012delayMsDirtyEm
                0x0000000008001da4       0x18 /tmp/ccy43ulU.ltrans0.ltrans.o
 .text._ZN7HD447805setupEP4GpioS1_S1_PNS_9GpioPack8ES1_
                0x0000000008001dbc       0x3e /tmp/ccy43ulU.ltrans0.ltrans.o
 .text._ZN7HD447809localInitEv
                0x0000000008001dfa      0x128 /tmp/ccy43ulU.ltrans0.ltrans.o
 .text._ZN7HD4478016sendCommandDirtyEhm
                0x0000000008001f22       0x58 /tmp/ccy43ulU.ltrans0.ltrans.o
 .text._ZN7HD4478011getNextCharEv
                0x0000000008001f7a       0x56 /tmp/ccy43ulU.ltrans0.ltrans.o
 .text._ZN7HD447804pollEv
                0x0000000008001fd0       0xc0 /tmp/ccy43ulU.ltrans0.ltrans.o
 .text._Z41__static_initialization_and_destruction_0ii.lto_priv.1
                0x0000000008002090       0x80 /tmp/ccy43ulU.ltrans0.ltrans.o
 .text._GLOBAL__sub_I_instance
                0x0000000008002110       0x18 /tmp/ccy43ulU.ltrans0.ltrans.o
 .text._GLOBAL__sub_D_instance
                0x0000000008002128       0x18 /tmp/ccy43ulU.ltrans0.ltrans.o
 .text.EE_Init  0x0000000008002140      0x3c8 /tmp/ccy43ulU.ltrans0.ltrans.o
 .text.EE_ReadVariable
                0x0000000008002508       0xc4 /tmp/ccy43ulU.ltrans0.ltrans.o
 .text.EE_WriteVariable
                0x00000000080025cc       0x5c /tmp/ccy43ulU.ltrans0.ltrans.o
 .text.EE_Format
                0x0000000008002628       0x68 /tmp/ccy43ulU.ltrans0.ltrans.o
 .text.EE_FindValidPage
                0x0000000008002690       0xac /tmp/ccy43ulU.ltrans0.ltrans.o
 .text.EE_VerifyPageFullWriteVariable
                0x000000000800273c       0xdc /tmp/ccy43ulU.ltrans0.ltrans.o
 .text.EE_PageTransfer
                0x0000000008002818      0x1b8 /tmp/ccy43ulU.ltrans0.ltrans.o
 .text.FLASH_Unlock
                0x00000000080029d0       0x2c /tmp/ccy43ulU.ltrans0.ltrans.o
 .text.FLASH_Lock
                0x00000000080029fc       0x18 /tmp/ccy43ulU.ltrans0.ltrans.o
 .text.FLASH_ErasePage
                0x0000000008002a14       0x78 /tmp/ccy43ulU.ltrans0.ltrans.o
 .text.FLASH_ProgramHalfWord
                0x0000000008002a8c       0x74 /tmp/ccy43ulU.ltrans0.ltrans.o
 .text.FLASH_GetStatus
                0x0000000008002b00       0x5c /tmp/ccy43ulU.ltrans0.ltrans.o
 .text.FLASH_WaitForLastOperation
                0x0000000008002b5c       0x5a /tmp/ccy43ulU.ltrans0.ltrans.o
 .text._GLOBAL__I_65535_0__cxx.o.5265
                0x0000000008002bb6       0x10 /tmp/ccy43ulU.ltrans0.ltrans.o
 .text._ZdlPvj  0x0000000008002bc6        0x8 /home/opt/arm-toolchains/gcc-arm-none-eabi-8-2019-q3-update/bin/../lib/gcc/arm-none-eabi/8.3.1/../../../../arm-none-eabi/lib/thumb/v6-m/nofp/libstdc++_nano.a(del_ops.o)
                0x0000000008002bc6                operator delete(void*, unsigned int)
 .text._ZdlPv   0x0000000008002bce        0x8 /home/opt/arm-toolchains/gcc-arm-none-eabi-8-2019-q3-update/bin/../lib/gcc/arm-none-eabi/8.3.1/../../../../arm-none-eabi/lib/thumb/v6-m/nofp/libstdc++_nano.a(del_op.o)
                0x0000000008002bce                operator delete(void*)
 *fill*         0x0000000008002bd6        0x2 
 .text.free     0x0000000008002bd8       0x14 /home/opt/arm-toolchains/gcc-arm-none-eabi-8-2019-q3-update/bin/../lib/gcc/arm-none-eabi/8.3.1/../../../../arm-none-eabi/lib/thumb/v6-m/nofp/libg_nano.a(lib_a-malloc.o)
                0x0000000008002bd8                free
 .text._free_r  0x0000000008002bec       0x94 /home/opt/arm-toolchains/gcc-arm-none-eabi-8-2019-q3-update/bin/../lib/gcc/arm-none-eabi/8.3.1/../../../../arm-none-eabi/lib/thumb/v6-m/nofp/libg_nano.a(lib_a-nano-freer.o)
                0x0000000008002bec                _free_r
 .text.__malloc_lock
                0x0000000008002c80       0x10 /home/opt/arm-toolchains/gcc-arm-none-eabi-8-2019-q3-update/bin/../lib/gcc/arm-none-eabi/8.3.1/../../../../arm-none-eabi/lib/thumb/v6-m/nofp/libg_nano.a(lib_a-mlock.o)
                0x0000000008002c80                __malloc_lock
 .text.__malloc_unlock
                0x0000000008002c90       0x10 /home/opt/arm-toolchains/gcc-arm-none-eabi-8-2019-q3-update/bin/../lib/gcc/arm-none-eabi/8.3.1/../../../../arm-none-eabi/lib/thumb/v6-m/nofp/libg_nano.a(lib_a-mlock.o)
                0x0000000008002c90                __malloc_unlock
 .text.__retarget_lock_acquire_recursive
                0x0000000008002ca0        0x2 /home/opt/arm-toolchains/gcc-arm-none-eabi-8-2019-q3-update/bin/../lib/gcc/arm-none-eabi/8.3.1/../../../../arm-none-eabi/lib/thumb/v6-m/nofp/libg_nano.a(lib_a-lock.o)
                0x0000000008002ca0                __retarget_lock_acquire_recursive
 .text.__retarget_lock_release_recursive
                0x0000000008002ca2        0x2 /home/opt/arm-toolchains/gcc-arm-none-eabi-8-2019-q3-update/bin/../lib/gcc/arm-none-eabi/8.3.1/../../../../arm-none-eabi/lib/thumb/v6-m/nofp/libg_nano.a(lib_a-lock.o)
                0x0000000008002ca2                __retarget_lock_release_recursive
 .text.memset   0x0000000008002ca4       0x10 /home/opt/arm-toolchains/gcc-arm-none-eabi-8-2019-q3-update/bin/../lib/gcc/arm-none-eabi/8.3.1/../../../../arm-none-eabi/lib/thumb/v6-m/nofp/libg_nano.a(lib_a-memset.o)
                0x0000000008002ca4                memset
 .text          0x0000000008002cb4      0x114 /home/opt/arm-toolchains/gcc-arm-none-eabi-8-2019-q3-update/bin/../lib/gcc/arm-none-eabi/8.3.1/thumb/v6-m/nofp/libgcc.a(_udivsi3.o)
                0x0000000008002cb4                __udivsi3
                0x0000000008002cb4                __aeabi_uidiv
                0x0000000008002dc0                __aeabi_uidivmod
 .text          0x0000000008002dc8        0x4 /home/opt/arm-toolchains/gcc-arm-none-eabi-8-2019-q3-update/bin/../lib/gcc/arm-none-eabi/8.3.1/thumb/v6-m/nofp/libgcc.a(_dvmd_tls.o)
                0x0000000008002dc8                __aeabi_ldiv0
                0x0000000008002dc8                __aeabi_idiv0
 *(.rodata .rodata.* .constdata .constdata.*)
 .rodata.main.str1.4
                0x0000000008002dcc        0xc /tmp/ccy43ulU.ltrans0.ltrans.o
                                          0xb (size before relaxing)
 .rodata._ZTV11FrameBuffer
                0x0000000008002dd8       0x10 /tmp/ccy43ulU.ltrans0.ltrans.o
 *(vtable)
 *(.eh_frame*)
 *(.glue_7)
 .glue_7        0x0000000008002de8        0x0 linker stubs
 *(.glue_7t)
 .glue_7t       0x0000000008002de8        0x0 linker stubs

.vfp11_veneer   0x0000000008002de8        0x0
 .vfp11_veneer  0x0000000008002de8        0x0 linker stubs

.v4_bx          0x0000000008002de8        0x0
 .v4_bx         0x0000000008002de8        0x0 linker stubs

.iplt           0x0000000008002de8        0x0
 .iplt          0x0000000008002de8        0x0 /home/opt/arm-toolchains/gcc-arm-none-eabi-8-2019-q3-update/bin/../lib/gcc/arm-none-eabi/8.3.1/../../../../arm-none-eabi/lib/thumb/v6-m/nofp/libstdc++_nano.a(del_ops.o)

.rel.dyn        0x0000000008002de8        0x0
 .rel.iplt      0x0000000008002de8        0x0 /home/opt/arm-toolchains/gcc-arm-none-eabi-8-2019-q3-update/bin/../lib/gcc/arm-none-eabi/8.3.1/../../../../arm-none-eabi/lib/thumb/v6-m/nofp/libstdc++_nano.a(del_ops.o)

.ARM.extab
 *(.ARM.extab* .gnu.linkonce.armextab.*)
                0x0000000008002de8                . = ALIGN (0x4)
                0x0000000008002de8                __exidx_start = .

.ARM.exidx
 *(.ARM.exidx* .gnu.linkonce.armexidx.*)
                0x0000000008002de8                __exidx_end = .
                0x0000000008002de8                . = ALIGN (0x4)
                0x0000000008002de8                _etext = .
                0x0000000008002de8                __etext = .

.data_CCMRAM    0x0000000000000000        0x0 load address 0x0000000008002de8
 FILL mask 0xff
 *(.data.CCMRAM .data.CCMRAM.*)
                0x0000000000000000                . = ALIGN (0x4)
                0x0000000008002de8                _sidata = LOADADDR (.data)

.data           0x0000000020000000       0x94 load address 0x0000000008002de8
 FILL mask 0xff
                0x0000000020000000                _sdata = .
                0x0000000020000000                __data_start__ = .
 *(.data_begin .data_begin.*)
 .data_begin    0x0000000020000000        0x4 /tmp/ccy43ulU.ltrans0.ltrans.o
 *(.data .data.*)
 .data.argv.4375
                0x0000000020000004        0x8 /tmp/ccy43ulU.ltrans0.ltrans.o
 .data.SystemCoreClock
                0x000000002000000c        0x4 /tmp/ccy43ulU.ltrans0.ltrans.o
 .data.AHBPrescTable
                0x0000000020000010       0x10 /tmp/ccy43ulU.ltrans0.ltrans.o
 .data.pins     0x0000000020000020        0x4 /tmp/ccy43ulU.ltrans0.ltrans.o
 .data.keys     0x0000000020000024        0x4 /tmp/ccy43ulU.ltrans0.ltrans.o
 .data._ZN9QuickTask6holdedE
                0x0000000020000028        0x1 /tmp/ccy43ulU.ltrans0.ltrans.o
 *fill*         0x0000000020000029        0x3 ff
 .data._impure_ptr
                0x000000002000002c        0x4 /home/opt/arm-toolchains/gcc-arm-none-eabi-8-2019-q3-update/bin/../lib/gcc/arm-none-eabi/8.3.1/../../../../arm-none-eabi/lib/thumb/v6-m/nofp/libg_nano.a(lib_a-impure.o)
                0x000000002000002c                _impure_ptr
 .data.impure_data
                0x0000000020000030       0x60 /home/opt/arm-toolchains/gcc-arm-none-eabi-8-2019-q3-update/bin/../lib/gcc/arm-none-eabi/8.3.1/../../../../arm-none-eabi/lib/thumb/v6-m/nofp/libg_nano.a(lib_a-impure.o)
 *(.data_end .data_end.*)
 .data_end      0x0000000020000090        0x4 /tmp/ccy43ulU.ltrans0.ltrans.o
                0x0000000020000094                . = ALIGN (0x4)
                0x0000000020000094                _edata = .
                0x0000000020000094                __data_end__ = .

.igot.plt       0x0000000020000094        0x0 load address 0x0000000008002e7c
 .igot.plt      0x0000000020000094        0x0 /home/opt/arm-toolchains/gcc-arm-none-eabi-8-2019-q3-update/bin/../lib/gcc/arm-none-eabi/8.3.1/../../../../arm-none-eabi/lib/thumb/v6-m/nofp/libstdc++_nano.a(del_ops.o)

.bss_CCMRAM     0x0000000000000000        0x0
 *(.bss.CCMRAM .bss.CCMRAM.*)

.bss            0x0000000020000094      0x254
                0x0000000020000094                __bss_start__ = .
                0x0000000020000094                _sbss = .
 *(.bss_begin .bss_begin.*)
 .bss_begin     0x0000000020000094        0x4 /tmp/ccy43ulU.ltrans0.ltrans.o
 *(.bss .bss.*)
 .bss.name.4374
                0x0000000020000098        0x1 /tmp/ccy43ulU.ltrans0.ltrans.o
 *fill*         0x0000000020000099        0x3 
 .bss.pinout    0x000000002000009c       0xd8 /tmp/ccy43ulU.ltrans0.ltrans.o
 .bss.keyboard  0x0000000020000174       0x34 /tmp/ccy43ulU.ltrans0.ltrans.o
 .bss.hd44780   0x00000000200001a8       0x1c /tmp/ccy43ulU.ltrans0.ltrans.o
 .bss.lcd       0x00000000200001c4        0x4 /tmp/ccy43ulU.ltrans0.ltrans.o
 .bss.gpioP8    0x00000000200001c8       0x20 /tmp/ccy43ulU.ltrans0.ltrans.o
 .bss.keybTask  0x00000000200001e8       0x14 /tmp/ccy43ulU.ltrans0.ltrans.o
 .bss.taskbase  0x00000000200001fc        0x4 /tmp/ccy43ulU.ltrans0.ltrans.o
 .bss._ZN9QuickTask12milisCounterE
                0x0000000020000200        0x4 /tmp/ccy43ulU.ltrans0.ltrans.o
 .bss.VirtAddVarTab
                0x0000000020000204       0x14 /tmp/ccy43ulU.ltrans0.ltrans.o
 .bss.Vars      0x0000000020000218       0x14 /tmp/ccy43ulU.ltrans0.ltrans.o
 .bss.instance  0x000000002000022c       0x1c /tmp/ccy43ulU.ltrans0.ltrans.o
 .bss.hd44780Task
                0x0000000020000248       0x14 /tmp/ccy43ulU.ltrans0.ltrans.o
 .bss.dataTab1  0x000000002000025c       0x21 /tmp/ccy43ulU.ltrans0.ltrans.o
 *fill*         0x000000002000027d        0x3 
 .bss.frame_buffer
                0x0000000020000280       0x1c /tmp/ccy43ulU.ltrans0.ltrans.o
 .bss.dataTab2  0x000000002000029c       0x21 /tmp/ccy43ulU.ltrans0.ltrans.o
 *fill*         0x00000000200002bd        0x3 
 .bss.dataFifo  0x00000000200002c0       0x10 /tmp/ccy43ulU.ltrans0.ltrans.o
 .bss.DataVar   0x00000000200002d0        0x2 /tmp/ccy43ulU.ltrans0.ltrans.o
 *fill*         0x00000000200002d2        0x2 
 .bss.__malloc_free_list
                0x00000000200002d4        0x4 /home/opt/arm-toolchains/gcc-arm-none-eabi-8-2019-q3-update/bin/../lib/gcc/arm-none-eabi/8.3.1/../../../../arm-none-eabi/lib/thumb/v6-m/nofp/libg_nano.a(lib_a-nano-mallocr.o)
                0x00000000200002d4                __malloc_free_list
 *(COMMON)
 COMMON         0x00000000200002d8        0x9 /home/opt/arm-toolchains/gcc-arm-none-eabi-8-2019-q3-update/bin/../lib/gcc/arm-none-eabi/8.3.1/../../../../arm-none-eabi/lib/thumb/v6-m/nofp/libg_nano.a(lib_a-lock.o)
                0x00000000200002d8                __lock___atexit_recursive_mutex
                0x00000000200002d9                __lock___arc4random_mutex
                0x00000000200002da                __lock___env_recursive_mutex
                0x00000000200002db                __lock___sinit_recursive_mutex
                0x00000000200002dc                __lock___malloc_recursive_mutex
                0x00000000200002dd                __lock___at_quick_exit_mutex
                0x00000000200002de                __lock___dd_hash_mutex
                0x00000000200002df                __lock___tz_mutex
                0x00000000200002e0                __lock___sfp_recursive_mutex
 *(.bss_end .bss_end.*)
 *fill*         0x00000000200002e1        0x3 
 .bss_end       0x00000000200002e4        0x4 /tmp/ccy43ulU.ltrans0.ltrans.o
                0x00000000200002e8                . = ALIGN (0x4)
                0x00000000200002e8                __bss_end__ = .
                0x00000000200002e8                _ebss = .

.noinit_CCMRAM
 *(.noinit.CCMRAM .noinit.CCMRAM.*)

.noinit         0x00000000200002e8        0x0
                0x00000000200002e8                _noinit = .
 *(.noinit .noinit.*)
                0x00000000200002e8                . = ALIGN (0x4)
                0x00000000200002e8                _end_noinit = .
                [!provide]                        PROVIDE (end = _end_noinit)
                [!provide]                        PROVIDE (_end = _end_noinit)
                [!provide]                        PROVIDE (__end = _end_noinit)
                [!provide]                        PROVIDE (__end__ = _end_noinit)

._check_stack   0x00000000200002e8      0x100
                0x00000000200003e8                . = (. + _Minimum_Stack_Size)
 *fill*         0x00000000200002e8      0x100 

.b1text
 *(.b1text)
 *(.b1rodata)
 *(.b1rodata.*)

.eb0text
 *(.eb0text)
 *(.eb0rodata)
 *(.eb0rodata.*)

.eb1text
 *(.eb1text)
 *(.eb1rodata)
 *(.eb1rodata.*)

.eb2text
 *(.eb2text)
 *(.eb2rodata)
 *(.eb2rodata.*)

.eb3text
 *(.eb3text)
 *(.eb3rodata)
 *(.eb3rodata.*)

.stab
 *(.stab)

.stabstr
 *(.stabstr)

.stab.excl
 *(.stab.excl)

.stab.exclstr
 *(.stab.exclstr)

.stab.index
 *(.stab.index)

.stab.indexstr
 *(.stab.indexstr)

.comment        0x0000000000000000       0x76
 *(.comment)
 .comment       0x0000000000000000       0x76 /tmp/ccy43ulU.ltrans0.ltrans.o
                                         0x77 (size before relaxing)

.ARM.attributes
                0x0000000000000000       0x2c
 .ARM.attributes
                0x0000000000000000       0x2a /tmp/ccy43ulU.ltrans0.ltrans.o
 .ARM.attributes
                0x000000000000002a       0x2c /home/opt/arm-toolchains/gcc-arm-none-eabi-8-2019-q3-update/bin/../lib/gcc/arm-none-eabi/8.3.1/../../../../arm-none-eabi/lib/thumb/v6-m/nofp/libstdc++_nano.a(del_ops.o)
 .ARM.attributes
                0x0000000000000056       0x2c /home/opt/arm-toolchains/gcc-arm-none-eabi-8-2019-q3-update/bin/../lib/gcc/arm-none-eabi/8.3.1/../../../../arm-none-eabi/lib/thumb/v6-m/nofp/libstdc++_nano.a(del_op.o)
 .ARM.attributes
                0x0000000000000082       0x2c /home/opt/arm-toolchains/gcc-arm-none-eabi-8-2019-q3-update/bin/../lib/gcc/arm-none-eabi/8.3.1/../../../../arm-none-eabi/lib/thumb/v6-m/nofp/libg_nano.a(lib_a-impure.o)
 .ARM.attributes
                0x00000000000000ae       0x2c /home/opt/arm-toolchains/gcc-arm-none-eabi-8-2019-q3-update/bin/../lib/gcc/arm-none-eabi/8.3.1/../../../../arm-none-eabi/lib/thumb/v6-m/nofp/libg_nano.a(lib_a-malloc.o)
 .ARM.attributes
                0x00000000000000da       0x2c /home/opt/arm-toolchains/gcc-arm-none-eabi-8-2019-q3-update/bin/../lib/gcc/arm-none-eabi/8.3.1/../../../../arm-none-eabi/lib/thumb/v6-m/nofp/libg_nano.a(lib_a-nano-freer.o)
 .ARM.attributes
                0x0000000000000106       0x2c /home/opt/arm-toolchains/gcc-arm-none-eabi-8-2019-q3-update/bin/../lib/gcc/arm-none-eabi/8.3.1/../../../../arm-none-eabi/lib/thumb/v6-m/nofp/libg_nano.a(lib_a-nano-mallocr.o)
 .ARM.attributes
                0x0000000000000132       0x2c /home/opt/arm-toolchains/gcc-arm-none-eabi-8-2019-q3-update/bin/../lib/gcc/arm-none-eabi/8.3.1/../../../../arm-none-eabi/lib/thumb/v6-m/nofp/libg_nano.a(lib_a-mlock.o)
 .ARM.attributes
                0x000000000000015e       0x2c /home/opt/arm-toolchains/gcc-arm-none-eabi-8-2019-q3-update/bin/../lib/gcc/arm-none-eabi/8.3.1/../../../../arm-none-eabi/lib/thumb/v6-m/nofp/libg_nano.a(lib_a-lock.o)
 .ARM.attributes
                0x000000000000018a       0x2c /home/opt/arm-toolchains/gcc-arm-none-eabi-8-2019-q3-update/bin/../lib/gcc/arm-none-eabi/8.3.1/../../../../arm-none-eabi/lib/thumb/v6-m/nofp/libg_nano.a(lib_a-memset.o)
 .ARM.attributes
                0x00000000000001b6       0x1e /home/opt/arm-toolchains/gcc-arm-none-eabi-8-2019-q3-update/bin/../lib/gcc/arm-none-eabi/8.3.1/thumb/v6-m/nofp/libgcc.a(_udivsi3.o)
 .ARM.attributes
                0x00000000000001d4       0x1e /home/opt/arm-toolchains/gcc-arm-none-eabi-8-2019-q3-update/bin/../lib/gcc/arm-none-eabi/8.3.1/thumb/v6-m/nofp/libgcc.a(_dvmd_tls.o)

.debug
 *(.debug)

.line
 *(.line)

.debug_srcinfo
 *(.debug_srcinfo)

.debug_sfnames
 *(.debug_sfnames)

.debug_aranges  0x0000000000000000      0x618
 *(.debug_aranges)
 .debug_aranges
                0x0000000000000000      0x618 /tmp/ccy43ulU.ltrans0.ltrans.o

.debug_pubnames
 *(.debug_pubnames)

.debug_info     0x0000000000000000    0x11279
 *(.debug_info .gnu.linkonce.wi.*)
 .debug_info    0x0000000000000000     0xf189 /tmp/cc0Zm0Dpdebugobj
                0x0000000000000000                g_cxx.cpp.2765497b
                0x0000000000001057                g_exit.c.801bd576
                0x00000000000019fa                g_sbrk.c.8c5c7574
                0x000000000000238d                g_startup.c.b3cbb6ce
                0x00000000000025cc                g_syscalls.c.3ece47e2
                0x000000000000300f                assert.c.7365c628
                0x0000000000003a14                Trace.c.d4fcfe93
                0x0000000000003a35                trace_impl.c.9ff815f0
                0x0000000000003a56                g_initialize_hardware.c.be797707
                0x0000000000003af2                g_reset_hardware.c.d10696b9
                0x0000000000003c4a                exception_handlers.c.f378b47e
                0x000000000000469a                system_stm32f0xx.c.693c94a1
                0x0000000000004966                vectors_stm32f0xx.c.0ddc8e7a
                0x0000000000004a1c                Hardware.cpp.33889088
                0x0000000000005490                Krokowy.cpp.a59f4d67
                0x0000000000005e58                g_write.c.00bec38f
                0x0000000000005e79                main.cpp.f8e8e3a9
                0x000000000000927b                Fifo.cpp.cd103a85
                0x0000000000009b11                FrameBuffer.cpp.1e77a504
                0x000000000000acc0                QuickTask.cpp.0b7de6ce
                0x000000000000b14c                VEprom.cpp.e987c9ed
                0x000000000000b4d9                myUtils.c.e923ed30
                0x000000000000b75b                HD44780.cpp.66a83af2
                0x000000000000e6a2                eeprom.c.b70126aa
                0x000000000000e9f1                stm32f0xx_flash.c.c1d47ba5
 .debug_info    0x000000000000f189     0x20f0 /tmp/ccy43ulU.ltrans0.ltrans.o

.debug_abbrev   0x0000000000000000     0x326c
 *(.debug_abbrev)
 .debug_abbrev  0x0000000000000000     0x3156 /tmp/cc0Zm0Dpdebugobj
 .debug_abbrev  0x0000000000003156      0x116 /tmp/ccy43ulU.ltrans0.ltrans.o

.debug_line     0x0000000000000000     0x673d
 *(.debug_line)
 .debug_line    0x0000000000000000     0x4139 /tmp/cc0Zm0Dpdebugobj
 .debug_line    0x0000000000004139     0x2604 /tmp/ccy43ulU.ltrans0.ltrans.o

.debug_frame    0x0000000000000000     0x1a20
 *(.debug_frame)
 .debug_frame   0x0000000000000000     0x1804 /tmp/ccy43ulU.ltrans0.ltrans.o
 .debug_frame   0x0000000000001804       0x28 /home/opt/arm-toolchains/gcc-arm-none-eabi-8-2019-q3-update/bin/../lib/gcc/arm-none-eabi/8.3.1/../../../../arm-none-eabi/lib/thumb/v6-m/nofp/libstdc++_nano.a(del_ops.o)
 .debug_frame   0x000000000000182c       0x28 /home/opt/arm-toolchains/gcc-arm-none-eabi-8-2019-q3-update/bin/../lib/gcc/arm-none-eabi/8.3.1/../../../../arm-none-eabi/lib/thumb/v6-m/nofp/libstdc++_nano.a(del_op.o)
 .debug_frame   0x0000000000001854       0x40 /home/opt/arm-toolchains/gcc-arm-none-eabi-8-2019-q3-update/bin/../lib/gcc/arm-none-eabi/8.3.1/../../../../arm-none-eabi/lib/thumb/v6-m/nofp/libg_nano.a(lib_a-malloc.o)
 .debug_frame   0x0000000000001894       0x2c /home/opt/arm-toolchains/gcc-arm-none-eabi-8-2019-q3-update/bin/../lib/gcc/arm-none-eabi/8.3.1/../../../../arm-none-eabi/lib/thumb/v6-m/nofp/libg_nano.a(lib_a-nano-freer.o)
 .debug_frame   0x00000000000018c0       0x30 /home/opt/arm-toolchains/gcc-arm-none-eabi-8-2019-q3-update/bin/../lib/gcc/arm-none-eabi/8.3.1/../../../../arm-none-eabi/lib/thumb/v6-m/nofp/libg_nano.a(lib_a-nano-mallocr.o)
 .debug_frame   0x00000000000018f0       0x40 /home/opt/arm-toolchains/gcc-arm-none-eabi-8-2019-q3-update/bin/../lib/gcc/arm-none-eabi/8.3.1/../../../../arm-none-eabi/lib/thumb/v6-m/nofp/libg_nano.a(lib_a-mlock.o)
 .debug_frame   0x0000000000001930       0xb0 /home/opt/arm-toolchains/gcc-arm-none-eabi-8-2019-q3-update/bin/../lib/gcc/arm-none-eabi/8.3.1/../../../../arm-none-eabi/lib/thumb/v6-m/nofp/libg_nano.a(lib_a-lock.o)
 .debug_frame   0x00000000000019e0       0x20 /home/opt/arm-toolchains/gcc-arm-none-eabi-8-2019-q3-update/bin/../lib/gcc/arm-none-eabi/8.3.1/../../../../arm-none-eabi/lib/thumb/v6-m/nofp/libg_nano.a(lib_a-memset.o)
 .debug_frame   0x0000000000001a00       0x20 /home/opt/arm-toolchains/gcc-arm-none-eabi-8-2019-q3-update/bin/../lib/gcc/arm-none-eabi/8.3.1/thumb/v6-m/nofp/libgcc.a(_udivsi3.o)

.debug_str      0x0000000000000000    0x35729
 *(.debug_str)
 .debug_str     0x0000000000000000    0x355e9 /tmp/cc0Zm0Dpdebugobj
                                     0x21ed22 (size before relaxing)
 .debug_str     0x00000000000355e9      0x140 /tmp/ccy43ulU.ltrans0.ltrans.o
                                        0x160 (size before relaxing)

.debug_loc
 *(.debug_loc)

.debug_macinfo
 *(.debug_macinfo)

.debug_weaknames
 *(.debug_weaknames)

.debug_funcnames
 *(.debug_funcnames)

.debug_typenames
 *(.debug_typenames)

.debug_varnames
 *(.debug_varnames)
OUTPUT(gilot2019.elf elf32-littlearm)

.debug_macro    0x0000000000000000     0xdbca
 .debug_macro   0x0000000000000000     0x1aa4 /tmp/cc0Zm0Dpdebugobj
 .debug_macro   0x0000000000001aa4      0xb44 /tmp/cc0Zm0Dpdebugobj
 .debug_macro   0x00000000000025e8      0x16f /tmp/cc0Zm0Dpdebugobj
 .debug_macro   0x0000000000002757       0x10 /tmp/cc0Zm0Dpdebugobj
 .debug_macro   0x0000000000002767      0x3ed /tmp/cc0Zm0Dpdebugobj
 .debug_macro   0x0000000000002b54       0x10 /tmp/cc0Zm0Dpdebugobj
 .debug_macro   0x0000000000002b64       0x18 /tmp/cc0Zm0Dpdebugobj
 .debug_macro   0x0000000000002b7c       0x22 /tmp/cc0Zm0Dpdebugobj
 .debug_macro   0x0000000000002b9e       0x58 /tmp/cc0Zm0Dpdebugobj
 .debug_macro   0x0000000000002bf6       0x94 /tmp/cc0Zm0Dpdebugobj
 .debug_macro   0x0000000000002c8a       0x35 /tmp/cc0Zm0Dpdebugobj
 .debug_macro   0x0000000000002cbf       0x34 /tmp/cc0Zm0Dpdebugobj
 .debug_macro   0x0000000000002cf3       0x16 /tmp/cc0Zm0Dpdebugobj
 .debug_macro   0x0000000000002d09      0x10e /tmp/cc0Zm0Dpdebugobj
 .debug_macro   0x0000000000002e17       0x94 /tmp/cc0Zm0Dpdebugobj
 .debug_macro   0x0000000000002eab       0x16 /tmp/cc0Zm0Dpdebugobj
 .debug_macro   0x0000000000002ec1       0x43 /tmp/cc0Zm0Dpdebugobj
 .debug_macro   0x0000000000002f04       0x57 /tmp/cc0Zm0Dpdebugobj
 .debug_macro   0x0000000000002f5b       0x34 /tmp/cc0Zm0Dpdebugobj
 .debug_macro   0x0000000000002f8f       0x10 /tmp/cc0Zm0Dpdebugobj
 .debug_macro   0x0000000000002f9f       0x58 /tmp/cc0Zm0Dpdebugobj
 .debug_macro   0x0000000000002ff7      0x182 /tmp/cc0Zm0Dpdebugobj
 .debug_macro   0x0000000000003179      0x35c /tmp/cc0Zm0Dpdebugobj
 .debug_macro   0x00000000000034d5       0x16 /tmp/cc0Zm0Dpdebugobj
 .debug_macro   0x00000000000034eb       0x29 /tmp/cc0Zm0Dpdebugobj
 .debug_macro   0x0000000000003514       0x1c /tmp/cc0Zm0Dpdebugobj
 .debug_macro   0x0000000000003530       0xde /tmp/cc0Zm0Dpdebugobj
 .debug_macro   0x000000000000360e       0x10 /tmp/cc0Zm0Dpdebugobj
 .debug_macro   0x000000000000361e       0x6a /tmp/cc0Zm0Dpdebugobj
 .debug_macro   0x0000000000003688       0x1c /tmp/cc0Zm0Dpdebugobj
 .debug_macro   0x00000000000036a4       0x52 /tmp/cc0Zm0Dpdebugobj
 .debug_macro   0x00000000000036f6       0x40 /tmp/cc0Zm0Dpdebugobj
 .debug_macro   0x0000000000003736       0x10 /tmp/cc0Zm0Dpdebugobj
 .debug_macro   0x0000000000003746       0x40 /tmp/cc0Zm0Dpdebugobj
 .debug_macro   0x0000000000003786       0xd5 /tmp/cc0Zm0Dpdebugobj
 .debug_macro   0x000000000000385b       0x1c /tmp/cc0Zm0Dpdebugobj
 .debug_macro   0x0000000000003877       0x3d /tmp/cc0Zm0Dpdebugobj
 .debug_macro   0x00000000000038b4       0x16 /tmp/cc0Zm0Dpdebugobj
 .debug_macro   0x00000000000038ca       0x35 /tmp/cc0Zm0Dpdebugobj
 .debug_macro   0x00000000000038ff      0x51a /tmp/cc0Zm0Dpdebugobj
 .debug_macro   0x0000000000003e19      0xa72 /tmp/cc0Zm0Dpdebugobj
 .debug_macro   0x000000000000488b       0x34 /tmp/cc0Zm0Dpdebugobj
 .debug_macro   0x00000000000048bf      0x10e /tmp/cc0Zm0Dpdebugobj
 .debug_macro   0x00000000000049cd       0x8d /tmp/cc0Zm0Dpdebugobj
 .debug_macro   0x0000000000004a5a       0x43 /tmp/cc0Zm0Dpdebugobj
 .debug_macro   0x0000000000004a9d      0x339 /tmp/cc0Zm0Dpdebugobj
 .debug_macro   0x0000000000004dd6       0x35 /tmp/cc0Zm0Dpdebugobj
 .debug_macro   0x0000000000004e0b      0x174 /tmp/cc0Zm0Dpdebugobj
 .debug_macro   0x0000000000004f7f       0x10 /tmp/cc0Zm0Dpdebugobj
 .debug_macro   0x0000000000004f8f      0x23b /tmp/cc0Zm0Dpdebugobj
 .debug_macro   0x00000000000051ca      0x34e /tmp/cc0Zm0Dpdebugobj
 .debug_macro   0x0000000000005518       0x1c /tmp/cc0Zm0Dpdebugobj
 .debug_macro   0x0000000000005534       0x10 /tmp/cc0Zm0Dpdebugobj
 .debug_macro   0x0000000000005544       0x10 /tmp/cc0Zm0Dpdebugobj
 .debug_macro   0x0000000000005554       0x10 /tmp/cc0Zm0Dpdebugobj
 .debug_macro   0x0000000000005564       0x35 /tmp/cc0Zm0Dpdebugobj
 .debug_macro   0x0000000000005599      0x122 /tmp/cc0Zm0Dpdebugobj
 .debug_macro   0x00000000000056bb       0x88 /tmp/cc0Zm0Dpdebugobj
 .debug_macro   0x0000000000005743       0x7c /tmp/cc0Zm0Dpdebugobj
 .debug_macro   0x00000000000057bf       0x17 /tmp/cc0Zm0Dpdebugobj
 .debug_macro   0x00000000000057d6      0x118 /tmp/cc0Zm0Dpdebugobj
 .debug_macro   0x00000000000058ee      0x189 /tmp/cc0Zm0Dpdebugobj
 .debug_macro   0x0000000000005a77       0x16 /tmp/cc0Zm0Dpdebugobj
 .debug_macro   0x0000000000005a8d       0x1c /tmp/cc0Zm0Dpdebugobj
 .debug_macro   0x0000000000005aa9       0x7a /tmp/cc0Zm0Dpdebugobj
 .debug_macro   0x0000000000005b23       0x35 /tmp/cc0Zm0Dpdebugobj
 .debug_macro   0x0000000000005b58       0x26 /tmp/cc0Zm0Dpdebugobj
 .debug_macro   0x0000000000005b7e      0x30d /tmp/cc0Zm0Dpdebugobj
 .debug_macro   0x0000000000005e8b     0x631c /tmp/cc0Zm0Dpdebugobj
 .debug_macro   0x000000000000c1a7       0x3b /tmp/cc0Zm0Dpdebugobj
 .debug_macro   0x000000000000c1e2       0x22 /tmp/cc0Zm0Dpdebugobj
 .debug_macro   0x000000000000c204       0x10 /tmp/cc0Zm0Dpdebugobj
 .debug_macro   0x000000000000c214       0xcf /tmp/cc0Zm0Dpdebugobj
 .debug_macro   0x000000000000c2e3       0x20 /tmp/cc0Zm0Dpdebugobj
 .debug_macro   0x000000000000c303       0xbe /tmp/cc0Zm0Dpdebugobj
 .debug_macro   0x000000000000c3c1       0x10 /tmp/cc0Zm0Dpdebugobj
 .debug_macro   0x000000000000c3d1      0x30d /tmp/cc0Zm0Dpdebugobj
 .debug_macro   0x000000000000c6de      0x103 /tmp/cc0Zm0Dpdebugobj
 .debug_macro   0x000000000000c7e1       0x3a /tmp/cc0Zm0Dpdebugobj
 .debug_macro   0x000000000000c81b       0x82 /tmp/cc0Zm0Dpdebugobj
 .debug_macro   0x000000000000c89d      0x3e5 /tmp/cc0Zm0Dpdebugobj
 .debug_macro   0x000000000000cc82       0x46 /tmp/cc0Zm0Dpdebugobj
 .debug_macro   0x000000000000ccc8       0x16 /tmp/cc0Zm0Dpdebugobj
 .debug_macro   0x000000000000ccde       0x97 /tmp/cc0Zm0Dpdebugobj
 .debug_macro   0x000000000000cd75      0x104 /tmp/cc0Zm0Dpdebugobj
 .debug_macro   0x000000000000ce79       0x10 /tmp/cc0Zm0Dpdebugobj
 .debug_macro   0x000000000000ce89       0x16 /tmp/cc0Zm0Dpdebugobj
 .debug_macro   0x000000000000ce9f      0x137 /tmp/cc0Zm0Dpdebugobj
 .debug_macro   0x000000000000cfd6      0x432 /tmp/cc0Zm0Dpdebugobj
 .debug_macro   0x000000000000d408       0x16 /tmp/cc0Zm0Dpdebugobj
 .debug_macro   0x000000000000d41e      0x23d /tmp/cc0Zm0Dpdebugobj
 .debug_macro   0x000000000000d65b       0x64 /tmp/cc0Zm0Dpdebugobj
 .debug_macro   0x000000000000d6bf       0x16 /tmp/cc0Zm0Dpdebugobj
 .debug_macro   0x000000000000d6d5      0x17b /tmp/cc0Zm0Dpdebugobj
 .debug_macro   0x000000000000d850       0x22 /tmp/cc0Zm0Dpdebugobj
 .debug_macro   0x000000000000d872       0x16 /tmp/cc0Zm0Dpdebugobj
 .debug_macro   0x000000000000d888      0x10b /tmp/cc0Zm0Dpdebugobj
 .debug_macro   0x000000000000d993      0x237 /tmp/cc0Zm0Dpdebugobj

.debug_ranges   0x0000000000000000      0x638
 .debug_ranges  0x0000000000000000      0x638 /tmp/ccy43ulU.ltrans0.ltrans.o
