Archive member included to satisfy reference by file (symbol)

/home/opt/arm-toolchains/gcc-arm-none-eabi-8-2019-q3-update/bin/../lib/gcc/arm-none-eabi/8.3.1/../../../../arm-none-eabi/lib/thumb/v6-m/nofp/libstdc++_nano.a(del_op.o)
                              ./lbutils/FrameBuffer.o (symbol from plugin) (operator delete(void*))
/home/opt/arm-toolchains/gcc-arm-none-eabi-8-2019-q3-update/bin/../lib/gcc/arm-none-eabi/8.3.1/../../../../arm-none-eabi/lib/thumb/v6-m/nofp/libg_nano.a(lib_a-errno.o)
                              ./system/src/newlib/_sbrk.o (symbol from plugin) (__errno)
/home/opt/arm-toolchains/gcc-arm-none-eabi-8-2019-q3-update/bin/../lib/gcc/arm-none-eabi/8.3.1/../../../../arm-none-eabi/lib/thumb/v6-m/nofp/libg_nano.a(lib_a-impure.o)
                              /home/opt/arm-toolchains/gcc-arm-none-eabi-8-2019-q3-update/bin/../lib/gcc/arm-none-eabi/8.3.1/../../../../arm-none-eabi/lib/thumb/v6-m/nofp/libg_nano.a(lib_a-errno.o) (_impure_ptr)
/home/opt/arm-toolchains/gcc-arm-none-eabi-8-2019-q3-update/bin/../lib/gcc/arm-none-eabi/8.3.1/../../../../arm-none-eabi/lib/thumb/v6-m/nofp/libg_nano.a(lib_a-malloc.o)
                              /home/opt/arm-toolchains/gcc-arm-none-eabi-8-2019-q3-update/bin/../lib/gcc/arm-none-eabi/8.3.1/../../../../arm-none-eabi/lib/thumb/v6-m/nofp/libstdc++_nano.a(del_op.o) (free)
/home/opt/arm-toolchains/gcc-arm-none-eabi-8-2019-q3-update/bin/../lib/gcc/arm-none-eabi/8.3.1/../../../../arm-none-eabi/lib/thumb/v6-m/nofp/libg_nano.a(lib_a-nano-freer.o)
                              /home/opt/arm-toolchains/gcc-arm-none-eabi-8-2019-q3-update/bin/../lib/gcc/arm-none-eabi/8.3.1/../../../../arm-none-eabi/lib/thumb/v6-m/nofp/libg_nano.a(lib_a-malloc.o) (_free_r)
/home/opt/arm-toolchains/gcc-arm-none-eabi-8-2019-q3-update/bin/../lib/gcc/arm-none-eabi/8.3.1/../../../../arm-none-eabi/lib/thumb/v6-m/nofp/libg_nano.a(lib_a-nano-mallocr.o)
                              /home/opt/arm-toolchains/gcc-arm-none-eabi-8-2019-q3-update/bin/../lib/gcc/arm-none-eabi/8.3.1/../../../../arm-none-eabi/lib/thumb/v6-m/nofp/libg_nano.a(lib_a-malloc.o) (_malloc_r)
/home/opt/arm-toolchains/gcc-arm-none-eabi-8-2019-q3-update/bin/../lib/gcc/arm-none-eabi/8.3.1/../../../../arm-none-eabi/lib/thumb/v6-m/nofp/libg_nano.a(lib_a-sbrkr.o)
                              /home/opt/arm-toolchains/gcc-arm-none-eabi-8-2019-q3-update/bin/../lib/gcc/arm-none-eabi/8.3.1/../../../../arm-none-eabi/lib/thumb/v6-m/nofp/libg_nano.a(lib_a-nano-mallocr.o) (_sbrk_r)
/home/opt/arm-toolchains/gcc-arm-none-eabi-8-2019-q3-update/bin/../lib/gcc/arm-none-eabi/8.3.1/../../../../arm-none-eabi/lib/thumb/v6-m/nofp/libg_nano.a(lib_a-mlock.o)
                              /home/opt/arm-toolchains/gcc-arm-none-eabi-8-2019-q3-update/bin/../lib/gcc/arm-none-eabi/8.3.1/../../../../arm-none-eabi/lib/thumb/v6-m/nofp/libg_nano.a(lib_a-nano-freer.o) (__malloc_lock)
/home/opt/arm-toolchains/gcc-arm-none-eabi-8-2019-q3-update/bin/../lib/gcc/arm-none-eabi/8.3.1/../../../../arm-none-eabi/lib/thumb/v6-m/nofp/libg_nano.a(lib_a-lock.o)
                              /home/opt/arm-toolchains/gcc-arm-none-eabi-8-2019-q3-update/bin/../lib/gcc/arm-none-eabi/8.3.1/../../../../arm-none-eabi/lib/thumb/v6-m/nofp/libg_nano.a(lib_a-mlock.o) (__retarget_lock_acquire_recursive)
/home/opt/arm-toolchains/gcc-arm-none-eabi-8-2019-q3-update/bin/../lib/gcc/arm-none-eabi/8.3.1/thumb/v6-m/nofp/libgcc.a(_udivsi3.o)
                              /tmp/ccfZTjy5.ltrans0.ltrans.o (__aeabi_uidiv)
/home/opt/arm-toolchains/gcc-arm-none-eabi-8-2019-q3-update/bin/../lib/gcc/arm-none-eabi/8.3.1/thumb/v6-m/nofp/libgcc.a(_dvmd_tls.o)
                              /home/opt/arm-toolchains/gcc-arm-none-eabi-8-2019-q3-update/bin/../lib/gcc/arm-none-eabi/8.3.1/thumb/v6-m/nofp/libgcc.a(_udivsi3.o) (__aeabi_idiv0)

Allocating common symbols
Common symbol       size              file

__lock___atexit_recursive_mutex
                    0x1               /home/opt/arm-toolchains/gcc-arm-none-eabi-8-2019-q3-update/bin/../lib/gcc/arm-none-eabi/8.3.1/../../../../arm-none-eabi/lib/thumb/v6-m/nofp/libg_nano.a(lib_a-lock.o)
__lock___arc4random_mutex
                    0x1               /home/opt/arm-toolchains/gcc-arm-none-eabi-8-2019-q3-update/bin/../lib/gcc/arm-none-eabi/8.3.1/../../../../arm-none-eabi/lib/thumb/v6-m/nofp/libg_nano.a(lib_a-lock.o)
errno               0x4               /tmp/ccfZTjy5.ltrans0.ltrans.o
__lock___env_recursive_mutex
                    0x1               /home/opt/arm-toolchains/gcc-arm-none-eabi-8-2019-q3-update/bin/../lib/gcc/arm-none-eabi/8.3.1/../../../../arm-none-eabi/lib/thumb/v6-m/nofp/libg_nano.a(lib_a-lock.o)
__lock___sinit_recursive_mutex
                    0x1               /home/opt/arm-toolchains/gcc-arm-none-eabi-8-2019-q3-update/bin/../lib/gcc/arm-none-eabi/8.3.1/../../../../arm-none-eabi/lib/thumb/v6-m/nofp/libg_nano.a(lib_a-lock.o)
__lock___malloc_recursive_mutex
                    0x1               /home/opt/arm-toolchains/gcc-arm-none-eabi-8-2019-q3-update/bin/../lib/gcc/arm-none-eabi/8.3.1/../../../../arm-none-eabi/lib/thumb/v6-m/nofp/libg_nano.a(lib_a-lock.o)
__lock___at_quick_exit_mutex
                    0x1               /home/opt/arm-toolchains/gcc-arm-none-eabi-8-2019-q3-update/bin/../lib/gcc/arm-none-eabi/8.3.1/../../../../arm-none-eabi/lib/thumb/v6-m/nofp/libg_nano.a(lib_a-lock.o)
__lock___dd_hash_mutex
                    0x1               /home/opt/arm-toolchains/gcc-arm-none-eabi-8-2019-q3-update/bin/../lib/gcc/arm-none-eabi/8.3.1/../../../../arm-none-eabi/lib/thumb/v6-m/nofp/libg_nano.a(lib_a-lock.o)
__lock___tz_mutex   0x1               /home/opt/arm-toolchains/gcc-arm-none-eabi-8-2019-q3-update/bin/../lib/gcc/arm-none-eabi/8.3.1/../../../../arm-none-eabi/lib/thumb/v6-m/nofp/libg_nano.a(lib_a-lock.o)
__lock___sfp_recursive_mutex
                    0x1               /home/opt/arm-toolchains/gcc-arm-none-eabi-8-2019-q3-update/bin/../lib/gcc/arm-none-eabi/8.3.1/../../../../arm-none-eabi/lib/thumb/v6-m/nofp/libg_nano.a(lib_a-lock.o)

Discarded input sections

 .group         0x0000000000000000        0xc /tmp/cce5Vg3gdebugobj
 .group         0x0000000000000000        0xc /tmp/cce5Vg3gdebugobj
 .group         0x0000000000000000        0xc /tmp/cce5Vg3gdebugobj
 .group         0x0000000000000000        0xc /tmp/cce5Vg3gdebugobj
 .group         0x0000000000000000        0xc /tmp/cce5Vg3gdebugobj
 .group         0x0000000000000000        0xc /tmp/cce5Vg3gdebugobj
 .group         0x0000000000000000        0xc /tmp/cce5Vg3gdebugobj
 .group         0x0000000000000000        0xc /tmp/cce5Vg3gdebugobj
 .group         0x0000000000000000        0xc /tmp/cce5Vg3gdebugobj
 .group         0x0000000000000000        0xc /tmp/cce5Vg3gdebugobj
 .group         0x0000000000000000        0xc /tmp/cce5Vg3gdebugobj
 .group         0x0000000000000000        0xc /tmp/cce5Vg3gdebugobj
 .group         0x0000000000000000        0xc /tmp/cce5Vg3gdebugobj
 .group         0x0000000000000000        0xc /tmp/cce5Vg3gdebugobj
 .group         0x0000000000000000        0xc /tmp/cce5Vg3gdebugobj
 .group         0x0000000000000000        0xc /tmp/cce5Vg3gdebugobj
 .group         0x0000000000000000        0xc /tmp/cce5Vg3gdebugobj
 .group         0x0000000000000000        0xc /tmp/cce5Vg3gdebugobj
 .group         0x0000000000000000        0xc /tmp/cce5Vg3gdebugobj
 .group         0x0000000000000000        0xc /tmp/cce5Vg3gdebugobj
 .group         0x0000000000000000        0xc /tmp/cce5Vg3gdebugobj
 .group         0x0000000000000000        0xc /tmp/cce5Vg3gdebugobj
 .group         0x0000000000000000        0xc /tmp/cce5Vg3gdebugobj
 .group         0x0000000000000000        0xc /tmp/cce5Vg3gdebugobj
 .group         0x0000000000000000        0xc /tmp/cce5Vg3gdebugobj
 .group         0x0000000000000000        0xc /tmp/cce5Vg3gdebugobj
 .group         0x0000000000000000        0xc /tmp/cce5Vg3gdebugobj
 .group         0x0000000000000000        0xc /tmp/cce5Vg3gdebugobj
 .group         0x0000000000000000        0xc /tmp/cce5Vg3gdebugobj
 .group         0x0000000000000000        0xc /tmp/cce5Vg3gdebugobj
 .group         0x0000000000000000        0xc /tmp/cce5Vg3gdebugobj
 .group         0x0000000000000000        0xc /tmp/cce5Vg3gdebugobj
 .group         0x0000000000000000        0xc /tmp/cce5Vg3gdebugobj
 .group         0x0000000000000000        0xc /tmp/cce5Vg3gdebugobj
 .group         0x0000000000000000        0xc /tmp/cce5Vg3gdebugobj
 .group         0x0000000000000000        0xc /tmp/cce5Vg3gdebugobj
 .group         0x0000000000000000        0xc /tmp/cce5Vg3gdebugobj
 .group         0x0000000000000000        0xc /tmp/cce5Vg3gdebugobj
 .group         0x0000000000000000        0xc /tmp/cce5Vg3gdebugobj
 .group         0x0000000000000000        0xc /tmp/cce5Vg3gdebugobj
 .group         0x0000000000000000        0xc /tmp/cce5Vg3gdebugobj
 .group         0x0000000000000000        0xc /tmp/cce5Vg3gdebugobj
 .group         0x0000000000000000        0xc /tmp/cce5Vg3gdebugobj
 .group         0x0000000000000000        0xc /tmp/cce5Vg3gdebugobj
 .group         0x0000000000000000        0xc /tmp/cce5Vg3gdebugobj
 .group         0x0000000000000000        0xc /tmp/cce5Vg3gdebugobj
 .group         0x0000000000000000        0xc /tmp/cce5Vg3gdebugobj
 .group         0x0000000000000000        0xc /tmp/cce5Vg3gdebugobj
 .group         0x0000000000000000        0xc /tmp/cce5Vg3gdebugobj
 .group         0x0000000000000000        0xc /tmp/cce5Vg3gdebugobj
 .group         0x0000000000000000        0xc /tmp/cce5Vg3gdebugobj
 .group         0x0000000000000000        0xc /tmp/cce5Vg3gdebugobj
 .group         0x0000000000000000        0xc /tmp/cce5Vg3gdebugobj
 .group         0x0000000000000000        0xc /tmp/cce5Vg3gdebugobj
 .group         0x0000000000000000        0xc /tmp/cce5Vg3gdebugobj
 .group         0x0000000000000000        0xc /tmp/cce5Vg3gdebugobj
 .group         0x0000000000000000        0xc /tmp/cce5Vg3gdebugobj
 .group         0x0000000000000000        0xc /tmp/cce5Vg3gdebugobj
 .group         0x0000000000000000        0xc /tmp/cce5Vg3gdebugobj
 .group         0x0000000000000000        0xc /tmp/cce5Vg3gdebugobj
 .group         0x0000000000000000        0xc /tmp/cce5Vg3gdebugobj
 .group         0x0000000000000000        0xc /tmp/cce5Vg3gdebugobj
 .group         0x0000000000000000        0xc /tmp/cce5Vg3gdebugobj
 .group         0x0000000000000000        0xc /tmp/cce5Vg3gdebugobj
 .group         0x0000000000000000        0xc /tmp/cce5Vg3gdebugobj
 .group         0x0000000000000000        0xc /tmp/cce5Vg3gdebugobj
 .group         0x0000000000000000        0xc /tmp/cce5Vg3gdebugobj
 .group         0x0000000000000000        0xc /tmp/cce5Vg3gdebugobj
 .group         0x0000000000000000        0xc /tmp/cce5Vg3gdebugobj
 .group         0x0000000000000000        0xc /tmp/cce5Vg3gdebugobj
 .group         0x0000000000000000        0xc /tmp/cce5Vg3gdebugobj
 .group         0x0000000000000000        0xc /tmp/cce5Vg3gdebugobj
 .group         0x0000000000000000        0xc /tmp/cce5Vg3gdebugobj
 .group         0x0000000000000000        0xc /tmp/cce5Vg3gdebugobj
 .group         0x0000000000000000        0xc /tmp/cce5Vg3gdebugobj
 .group         0x0000000000000000        0xc /tmp/cce5Vg3gdebugobj
 .group         0x0000000000000000        0xc /tmp/cce5Vg3gdebugobj
 .group         0x0000000000000000        0xc /tmp/cce5Vg3gdebugobj
 .group         0x0000000000000000        0xc /tmp/cce5Vg3gdebugobj
 .group         0x0000000000000000        0xc /tmp/cce5Vg3gdebugobj
 .group         0x0000000000000000        0xc /tmp/cce5Vg3gdebugobj
 .group         0x0000000000000000        0xc /tmp/cce5Vg3gdebugobj
 .group         0x0000000000000000        0xc /tmp/cce5Vg3gdebugobj
 .group         0x0000000000000000        0xc /tmp/cce5Vg3gdebugobj
 .group         0x0000000000000000        0xc /tmp/cce5Vg3gdebugobj
 .group         0x0000000000000000        0xc /tmp/cce5Vg3gdebugobj
 .group         0x0000000000000000        0xc /tmp/cce5Vg3gdebugobj
 .group         0x0000000000000000        0xc /tmp/cce5Vg3gdebugobj
 .group         0x0000000000000000        0xc /tmp/cce5Vg3gdebugobj
 .comment       0x0000000000000000      0x8d5 /tmp/cce5Vg3gdebugobj
 .text          0x0000000000000000        0x0 /tmp/ccfZTjy5.ltrans0.ltrans.o
 .data          0x0000000000000000        0x0 /tmp/ccfZTjy5.ltrans0.ltrans.o
 .bss           0x0000000000000000        0x0 /tmp/ccfZTjy5.ltrans0.ltrans.o
 .text._sbrk    0x0000000000000000       0x48 /tmp/ccfZTjy5.ltrans0.ltrans.o
 .bss.current_heap_end.4005
                0x0000000000000000        0x4 /tmp/ccfZTjy5.ltrans0.ltrans.o
 COMMON         0x0000000000000000        0x4 /tmp/ccfZTjy5.ltrans0.ltrans.o
 .text          0x0000000000000000        0x0 /home/opt/arm-toolchains/gcc-arm-none-eabi-8-2019-q3-update/bin/../lib/gcc/arm-none-eabi/8.3.1/../../../../arm-none-eabi/lib/thumb/v6-m/nofp/libstdc++_nano.a(del_op.o)
 .data          0x0000000000000000        0x0 /home/opt/arm-toolchains/gcc-arm-none-eabi-8-2019-q3-update/bin/../lib/gcc/arm-none-eabi/8.3.1/../../../../arm-none-eabi/lib/thumb/v6-m/nofp/libstdc++_nano.a(del_op.o)
 .bss           0x0000000000000000        0x0 /home/opt/arm-toolchains/gcc-arm-none-eabi-8-2019-q3-update/bin/../lib/gcc/arm-none-eabi/8.3.1/../../../../arm-none-eabi/lib/thumb/v6-m/nofp/libstdc++_nano.a(del_op.o)
 .text._ZdlPv   0x0000000000000000        0x8 /home/opt/arm-toolchains/gcc-arm-none-eabi-8-2019-q3-update/bin/../lib/gcc/arm-none-eabi/8.3.1/../../../../arm-none-eabi/lib/thumb/v6-m/nofp/libstdc++_nano.a(del_op.o)
 .debug_frame   0x0000000000000000       0x28 /home/opt/arm-toolchains/gcc-arm-none-eabi-8-2019-q3-update/bin/../lib/gcc/arm-none-eabi/8.3.1/../../../../arm-none-eabi/lib/thumb/v6-m/nofp/libstdc++_nano.a(del_op.o)
 .ARM.attributes
                0x0000000000000000       0x2c /home/opt/arm-toolchains/gcc-arm-none-eabi-8-2019-q3-update/bin/../lib/gcc/arm-none-eabi/8.3.1/../../../../arm-none-eabi/lib/thumb/v6-m/nofp/libstdc++_nano.a(del_op.o)
 .text          0x0000000000000000        0x0 /home/opt/arm-toolchains/gcc-arm-none-eabi-8-2019-q3-update/bin/../lib/gcc/arm-none-eabi/8.3.1/../../../../arm-none-eabi/lib/thumb/v6-m/nofp/libg_nano.a(lib_a-errno.o)
 .data          0x0000000000000000        0x0 /home/opt/arm-toolchains/gcc-arm-none-eabi-8-2019-q3-update/bin/../lib/gcc/arm-none-eabi/8.3.1/../../../../arm-none-eabi/lib/thumb/v6-m/nofp/libg_nano.a(lib_a-errno.o)
 .bss           0x0000000000000000        0x0 /home/opt/arm-toolchains/gcc-arm-none-eabi-8-2019-q3-update/bin/../lib/gcc/arm-none-eabi/8.3.1/../../../../arm-none-eabi/lib/thumb/v6-m/nofp/libg_nano.a(lib_a-errno.o)
 .text.__errno  0x0000000000000000        0xc /home/opt/arm-toolchains/gcc-arm-none-eabi-8-2019-q3-update/bin/../lib/gcc/arm-none-eabi/8.3.1/../../../../arm-none-eabi/lib/thumb/v6-m/nofp/libg_nano.a(lib_a-errno.o)
 .debug_frame   0x0000000000000000       0x20 /home/opt/arm-toolchains/gcc-arm-none-eabi-8-2019-q3-update/bin/../lib/gcc/arm-none-eabi/8.3.1/../../../../arm-none-eabi/lib/thumb/v6-m/nofp/libg_nano.a(lib_a-errno.o)
 .ARM.attributes
                0x0000000000000000       0x2c /home/opt/arm-toolchains/gcc-arm-none-eabi-8-2019-q3-update/bin/../lib/gcc/arm-none-eabi/8.3.1/../../../../arm-none-eabi/lib/thumb/v6-m/nofp/libg_nano.a(lib_a-errno.o)
 .text          0x0000000000000000        0x0 /home/opt/arm-toolchains/gcc-arm-none-eabi-8-2019-q3-update/bin/../lib/gcc/arm-none-eabi/8.3.1/../../../../arm-none-eabi/lib/thumb/v6-m/nofp/libg_nano.a(lib_a-impure.o)
 .data          0x0000000000000000        0x0 /home/opt/arm-toolchains/gcc-arm-none-eabi-8-2019-q3-update/bin/../lib/gcc/arm-none-eabi/8.3.1/../../../../arm-none-eabi/lib/thumb/v6-m/nofp/libg_nano.a(lib_a-impure.o)
 .bss           0x0000000000000000        0x0 /home/opt/arm-toolchains/gcc-arm-none-eabi-8-2019-q3-update/bin/../lib/gcc/arm-none-eabi/8.3.1/../../../../arm-none-eabi/lib/thumb/v6-m/nofp/libg_nano.a(lib_a-impure.o)
 .data._impure_ptr
                0x0000000000000000        0x4 /home/opt/arm-toolchains/gcc-arm-none-eabi-8-2019-q3-update/bin/../lib/gcc/arm-none-eabi/8.3.1/../../../../arm-none-eabi/lib/thumb/v6-m/nofp/libg_nano.a(lib_a-impure.o)
 .data.impure_data
                0x0000000000000000       0x60 /home/opt/arm-toolchains/gcc-arm-none-eabi-8-2019-q3-update/bin/../lib/gcc/arm-none-eabi/8.3.1/../../../../arm-none-eabi/lib/thumb/v6-m/nofp/libg_nano.a(lib_a-impure.o)
 .rodata._global_impure_ptr
                0x0000000000000000        0x4 /home/opt/arm-toolchains/gcc-arm-none-eabi-8-2019-q3-update/bin/../lib/gcc/arm-none-eabi/8.3.1/../../../../arm-none-eabi/lib/thumb/v6-m/nofp/libg_nano.a(lib_a-impure.o)
 .ARM.attributes
                0x0000000000000000       0x2c /home/opt/arm-toolchains/gcc-arm-none-eabi-8-2019-q3-update/bin/../lib/gcc/arm-none-eabi/8.3.1/../../../../arm-none-eabi/lib/thumb/v6-m/nofp/libg_nano.a(lib_a-impure.o)
 .text          0x0000000000000000        0x0 /home/opt/arm-toolchains/gcc-arm-none-eabi-8-2019-q3-update/bin/../lib/gcc/arm-none-eabi/8.3.1/../../../../arm-none-eabi/lib/thumb/v6-m/nofp/libg_nano.a(lib_a-malloc.o)
 .data          0x0000000000000000        0x0 /home/opt/arm-toolchains/gcc-arm-none-eabi-8-2019-q3-update/bin/../lib/gcc/arm-none-eabi/8.3.1/../../../../arm-none-eabi/lib/thumb/v6-m/nofp/libg_nano.a(lib_a-malloc.o)
 .bss           0x0000000000000000        0x0 /home/opt/arm-toolchains/gcc-arm-none-eabi-8-2019-q3-update/bin/../lib/gcc/arm-none-eabi/8.3.1/../../../../arm-none-eabi/lib/thumb/v6-m/nofp/libg_nano.a(lib_a-malloc.o)
 .text.malloc   0x0000000000000000       0x14 /home/opt/arm-toolchains/gcc-arm-none-eabi-8-2019-q3-update/bin/../lib/gcc/arm-none-eabi/8.3.1/../../../../arm-none-eabi/lib/thumb/v6-m/nofp/libg_nano.a(lib_a-malloc.o)
 .text.free     0x0000000000000000       0x14 /home/opt/arm-toolchains/gcc-arm-none-eabi-8-2019-q3-update/bin/../lib/gcc/arm-none-eabi/8.3.1/../../../../arm-none-eabi/lib/thumb/v6-m/nofp/libg_nano.a(lib_a-malloc.o)
 .debug_frame   0x0000000000000000       0x40 /home/opt/arm-toolchains/gcc-arm-none-eabi-8-2019-q3-update/bin/../lib/gcc/arm-none-eabi/8.3.1/../../../../arm-none-eabi/lib/thumb/v6-m/nofp/libg_nano.a(lib_a-malloc.o)
 .ARM.attributes
                0x0000000000000000       0x2c /home/opt/arm-toolchains/gcc-arm-none-eabi-8-2019-q3-update/bin/../lib/gcc/arm-none-eabi/8.3.1/../../../../arm-none-eabi/lib/thumb/v6-m/nofp/libg_nano.a(lib_a-malloc.o)
 .text          0x0000000000000000        0x0 /home/opt/arm-toolchains/gcc-arm-none-eabi-8-2019-q3-update/bin/../lib/gcc/arm-none-eabi/8.3.1/../../../../arm-none-eabi/lib/thumb/v6-m/nofp/libg_nano.a(lib_a-nano-freer.o)
 .data          0x0000000000000000        0x0 /home/opt/arm-toolchains/gcc-arm-none-eabi-8-2019-q3-update/bin/../lib/gcc/arm-none-eabi/8.3.1/../../../../arm-none-eabi/lib/thumb/v6-m/nofp/libg_nano.a(lib_a-nano-freer.o)
 .bss           0x0000000000000000        0x0 /home/opt/arm-toolchains/gcc-arm-none-eabi-8-2019-q3-update/bin/../lib/gcc/arm-none-eabi/8.3.1/../../../../arm-none-eabi/lib/thumb/v6-m/nofp/libg_nano.a(lib_a-nano-freer.o)
 .text._free_r  0x0000000000000000       0x94 /home/opt/arm-toolchains/gcc-arm-none-eabi-8-2019-q3-update/bin/../lib/gcc/arm-none-eabi/8.3.1/../../../../arm-none-eabi/lib/thumb/v6-m/nofp/libg_nano.a(lib_a-nano-freer.o)
 .debug_frame   0x0000000000000000       0x2c /home/opt/arm-toolchains/gcc-arm-none-eabi-8-2019-q3-update/bin/../lib/gcc/arm-none-eabi/8.3.1/../../../../arm-none-eabi/lib/thumb/v6-m/nofp/libg_nano.a(lib_a-nano-freer.o)
 .ARM.attributes
                0x0000000000000000       0x2c /home/opt/arm-toolchains/gcc-arm-none-eabi-8-2019-q3-update/bin/../lib/gcc/arm-none-eabi/8.3.1/../../../../arm-none-eabi/lib/thumb/v6-m/nofp/libg_nano.a(lib_a-nano-freer.o)
 .text          0x0000000000000000        0x0 /home/opt/arm-toolchains/gcc-arm-none-eabi-8-2019-q3-update/bin/../lib/gcc/arm-none-eabi/8.3.1/../../../../arm-none-eabi/lib/thumb/v6-m/nofp/libg_nano.a(lib_a-nano-mallocr.o)
 .data          0x0000000000000000        0x0 /home/opt/arm-toolchains/gcc-arm-none-eabi-8-2019-q3-update/bin/../lib/gcc/arm-none-eabi/8.3.1/../../../../arm-none-eabi/lib/thumb/v6-m/nofp/libg_nano.a(lib_a-nano-mallocr.o)
 .bss           0x0000000000000000        0x0 /home/opt/arm-toolchains/gcc-arm-none-eabi-8-2019-q3-update/bin/../lib/gcc/arm-none-eabi/8.3.1/../../../../arm-none-eabi/lib/thumb/v6-m/nofp/libg_nano.a(lib_a-nano-mallocr.o)
 .text._malloc_r
                0x0000000000000000       0xbc /home/opt/arm-toolchains/gcc-arm-none-eabi-8-2019-q3-update/bin/../lib/gcc/arm-none-eabi/8.3.1/../../../../arm-none-eabi/lib/thumb/v6-m/nofp/libg_nano.a(lib_a-nano-mallocr.o)
 .bss.__malloc_free_list
                0x0000000000000000        0x4 /home/opt/arm-toolchains/gcc-arm-none-eabi-8-2019-q3-update/bin/../lib/gcc/arm-none-eabi/8.3.1/../../../../arm-none-eabi/lib/thumb/v6-m/nofp/libg_nano.a(lib_a-nano-mallocr.o)
 .bss.__malloc_sbrk_start
                0x0000000000000000        0x4 /home/opt/arm-toolchains/gcc-arm-none-eabi-8-2019-q3-update/bin/../lib/gcc/arm-none-eabi/8.3.1/../../../../arm-none-eabi/lib/thumb/v6-m/nofp/libg_nano.a(lib_a-nano-mallocr.o)
 .debug_frame   0x0000000000000000       0x30 /home/opt/arm-toolchains/gcc-arm-none-eabi-8-2019-q3-update/bin/../lib/gcc/arm-none-eabi/8.3.1/../../../../arm-none-eabi/lib/thumb/v6-m/nofp/libg_nano.a(lib_a-nano-mallocr.o)
 .ARM.attributes
                0x0000000000000000       0x2c /home/opt/arm-toolchains/gcc-arm-none-eabi-8-2019-q3-update/bin/../lib/gcc/arm-none-eabi/8.3.1/../../../../arm-none-eabi/lib/thumb/v6-m/nofp/libg_nano.a(lib_a-nano-mallocr.o)
 .text          0x0000000000000000        0x0 /home/opt/arm-toolchains/gcc-arm-none-eabi-8-2019-q3-update/bin/../lib/gcc/arm-none-eabi/8.3.1/../../../../arm-none-eabi/lib/thumb/v6-m/nofp/libg_nano.a(lib_a-sbrkr.o)
 .data          0x0000000000000000        0x0 /home/opt/arm-toolchains/gcc-arm-none-eabi-8-2019-q3-update/bin/../lib/gcc/arm-none-eabi/8.3.1/../../../../arm-none-eabi/lib/thumb/v6-m/nofp/libg_nano.a(lib_a-sbrkr.o)
 .bss           0x0000000000000000        0x0 /home/opt/arm-toolchains/gcc-arm-none-eabi-8-2019-q3-update/bin/../lib/gcc/arm-none-eabi/8.3.1/../../../../arm-none-eabi/lib/thumb/v6-m/nofp/libg_nano.a(lib_a-sbrkr.o)
 .text._sbrk_r  0x0000000000000000       0x24 /home/opt/arm-toolchains/gcc-arm-none-eabi-8-2019-q3-update/bin/../lib/gcc/arm-none-eabi/8.3.1/../../../../arm-none-eabi/lib/thumb/v6-m/nofp/libg_nano.a(lib_a-sbrkr.o)
 .debug_frame   0x0000000000000000       0x2c /home/opt/arm-toolchains/gcc-arm-none-eabi-8-2019-q3-update/bin/../lib/gcc/arm-none-eabi/8.3.1/../../../../arm-none-eabi/lib/thumb/v6-m/nofp/libg_nano.a(lib_a-sbrkr.o)
 .ARM.attributes
                0x0000000000000000       0x2c /home/opt/arm-toolchains/gcc-arm-none-eabi-8-2019-q3-update/bin/../lib/gcc/arm-none-eabi/8.3.1/../../../../arm-none-eabi/lib/thumb/v6-m/nofp/libg_nano.a(lib_a-sbrkr.o)
 .text          0x0000000000000000        0x0 /home/opt/arm-toolchains/gcc-arm-none-eabi-8-2019-q3-update/bin/../lib/gcc/arm-none-eabi/8.3.1/../../../../arm-none-eabi/lib/thumb/v6-m/nofp/libg_nano.a(lib_a-mlock.o)
 .data          0x0000000000000000        0x0 /home/opt/arm-toolchains/gcc-arm-none-eabi-8-2019-q3-update/bin/../lib/gcc/arm-none-eabi/8.3.1/../../../../arm-none-eabi/lib/thumb/v6-m/nofp/libg_nano.a(lib_a-mlock.o)
 .bss           0x0000000000000000        0x0 /home/opt/arm-toolchains/gcc-arm-none-eabi-8-2019-q3-update/bin/../lib/gcc/arm-none-eabi/8.3.1/../../../../arm-none-eabi/lib/thumb/v6-m/nofp/libg_nano.a(lib_a-mlock.o)
 .text.__malloc_lock
                0x0000000000000000       0x10 /home/opt/arm-toolchains/gcc-arm-none-eabi-8-2019-q3-update/bin/../lib/gcc/arm-none-eabi/8.3.1/../../../../arm-none-eabi/lib/thumb/v6-m/nofp/libg_nano.a(lib_a-mlock.o)
 .text.__malloc_unlock
                0x0000000000000000       0x10 /home/opt/arm-toolchains/gcc-arm-none-eabi-8-2019-q3-update/bin/../lib/gcc/arm-none-eabi/8.3.1/../../../../arm-none-eabi/lib/thumb/v6-m/nofp/libg_nano.a(lib_a-mlock.o)
 .debug_frame   0x0000000000000000       0x40 /home/opt/arm-toolchains/gcc-arm-none-eabi-8-2019-q3-update/bin/../lib/gcc/arm-none-eabi/8.3.1/../../../../arm-none-eabi/lib/thumb/v6-m/nofp/libg_nano.a(lib_a-mlock.o)
 .ARM.attributes
                0x0000000000000000       0x2c /home/opt/arm-toolchains/gcc-arm-none-eabi-8-2019-q3-update/bin/../lib/gcc/arm-none-eabi/8.3.1/../../../../arm-none-eabi/lib/thumb/v6-m/nofp/libg_nano.a(lib_a-mlock.o)
 .text          0x0000000000000000        0x0 /home/opt/arm-toolchains/gcc-arm-none-eabi-8-2019-q3-update/bin/../lib/gcc/arm-none-eabi/8.3.1/../../../../arm-none-eabi/lib/thumb/v6-m/nofp/libg_nano.a(lib_a-lock.o)
 .data          0x0000000000000000        0x0 /home/opt/arm-toolchains/gcc-arm-none-eabi-8-2019-q3-update/bin/../lib/gcc/arm-none-eabi/8.3.1/../../../../arm-none-eabi/lib/thumb/v6-m/nofp/libg_nano.a(lib_a-lock.o)
 .bss           0x0000000000000000        0x0 /home/opt/arm-toolchains/gcc-arm-none-eabi-8-2019-q3-update/bin/../lib/gcc/arm-none-eabi/8.3.1/../../../../arm-none-eabi/lib/thumb/v6-m/nofp/libg_nano.a(lib_a-lock.o)
 .text.__retarget_lock_init
                0x0000000000000000        0x2 /home/opt/arm-toolchains/gcc-arm-none-eabi-8-2019-q3-update/bin/../lib/gcc/arm-none-eabi/8.3.1/../../../../arm-none-eabi/lib/thumb/v6-m/nofp/libg_nano.a(lib_a-lock.o)
 .text.__retarget_lock_init_recursive
                0x0000000000000000        0x2 /home/opt/arm-toolchains/gcc-arm-none-eabi-8-2019-q3-update/bin/../lib/gcc/arm-none-eabi/8.3.1/../../../../arm-none-eabi/lib/thumb/v6-m/nofp/libg_nano.a(lib_a-lock.o)
 .text.__retarget_lock_close
                0x0000000000000000        0x2 /home/opt/arm-toolchains/gcc-arm-none-eabi-8-2019-q3-update/bin/../lib/gcc/arm-none-eabi/8.3.1/../../../../arm-none-eabi/lib/thumb/v6-m/nofp/libg_nano.a(lib_a-lock.o)
 .text.__retarget_lock_close_recursive
                0x0000000000000000        0x2 /home/opt/arm-toolchains/gcc-arm-none-eabi-8-2019-q3-update/bin/../lib/gcc/arm-none-eabi/8.3.1/../../../../arm-none-eabi/lib/thumb/v6-m/nofp/libg_nano.a(lib_a-lock.o)
 .text.__retarget_lock_acquire
                0x0000000000000000        0x2 /home/opt/arm-toolchains/gcc-arm-none-eabi-8-2019-q3-update/bin/../lib/gcc/arm-none-eabi/8.3.1/../../../../arm-none-eabi/lib/thumb/v6-m/nofp/libg_nano.a(lib_a-lock.o)
 .text.__retarget_lock_acquire_recursive
                0x0000000000000000        0x2 /home/opt/arm-toolchains/gcc-arm-none-eabi-8-2019-q3-update/bin/../lib/gcc/arm-none-eabi/8.3.1/../../../../arm-none-eabi/lib/thumb/v6-m/nofp/libg_nano.a(lib_a-lock.o)
 .text.__retarget_lock_try_acquire
                0x0000000000000000        0x4 /home/opt/arm-toolchains/gcc-arm-none-eabi-8-2019-q3-update/bin/../lib/gcc/arm-none-eabi/8.3.1/../../../../arm-none-eabi/lib/thumb/v6-m/nofp/libg_nano.a(lib_a-lock.o)
 .text.__retarget_lock_try_acquire_recursive
                0x0000000000000000        0x4 /home/opt/arm-toolchains/gcc-arm-none-eabi-8-2019-q3-update/bin/../lib/gcc/arm-none-eabi/8.3.1/../../../../arm-none-eabi/lib/thumb/v6-m/nofp/libg_nano.a(lib_a-lock.o)
 .text.__retarget_lock_release
                0x0000000000000000        0x2 /home/opt/arm-toolchains/gcc-arm-none-eabi-8-2019-q3-update/bin/../lib/gcc/arm-none-eabi/8.3.1/../../../../arm-none-eabi/lib/thumb/v6-m/nofp/libg_nano.a(lib_a-lock.o)
 .text.__retarget_lock_release_recursive
                0x0000000000000000        0x2 /home/opt/arm-toolchains/gcc-arm-none-eabi-8-2019-q3-update/bin/../lib/gcc/arm-none-eabi/8.3.1/../../../../arm-none-eabi/lib/thumb/v6-m/nofp/libg_nano.a(lib_a-lock.o)
 .debug_frame   0x0000000000000000       0xb0 /home/opt/arm-toolchains/gcc-arm-none-eabi-8-2019-q3-update/bin/../lib/gcc/arm-none-eabi/8.3.1/../../../../arm-none-eabi/lib/thumb/v6-m/nofp/libg_nano.a(lib_a-lock.o)
 .ARM.attributes
                0x0000000000000000       0x2c /home/opt/arm-toolchains/gcc-arm-none-eabi-8-2019-q3-update/bin/../lib/gcc/arm-none-eabi/8.3.1/../../../../arm-none-eabi/lib/thumb/v6-m/nofp/libg_nano.a(lib_a-lock.o)
 COMMON         0x0000000000000000        0x9 /home/opt/arm-toolchains/gcc-arm-none-eabi-8-2019-q3-update/bin/../lib/gcc/arm-none-eabi/8.3.1/../../../../arm-none-eabi/lib/thumb/v6-m/nofp/libg_nano.a(lib_a-lock.o)
 .data          0x0000000000000000        0x0 /home/opt/arm-toolchains/gcc-arm-none-eabi-8-2019-q3-update/bin/../lib/gcc/arm-none-eabi/8.3.1/thumb/v6-m/nofp/libgcc.a(_udivsi3.o)
 .bss           0x0000000000000000        0x0 /home/opt/arm-toolchains/gcc-arm-none-eabi-8-2019-q3-update/bin/../lib/gcc/arm-none-eabi/8.3.1/thumb/v6-m/nofp/libgcc.a(_udivsi3.o)
 .data          0x0000000000000000        0x0 /home/opt/arm-toolchains/gcc-arm-none-eabi-8-2019-q3-update/bin/../lib/gcc/arm-none-eabi/8.3.1/thumb/v6-m/nofp/libgcc.a(_dvmd_tls.o)
 .bss           0x0000000000000000        0x0 /home/opt/arm-toolchains/gcc-arm-none-eabi-8-2019-q3-update/bin/../lib/gcc/arm-none-eabi/8.3.1/thumb/v6-m/nofp/libgcc.a(_dvmd_tls.o)

Memory Configuration

Name             Origin             Length             Attributes
RAM              0x0000000020000000 0x0000000000002000 xrw
CCMRAM           0x0000000000000000 0x0000000000000000 xrw
FLASH            0x0000000008000000 0x0000000000008000 xr
FLASHB1          0x0000000000000000 0x0000000000000000 xr
EXTMEMB0         0x0000000000000000 0x0000000000000000 xr
EXTMEMB1         0x0000000000000000 0x0000000000000000 xr
EXTMEMB2         0x0000000000000000 0x0000000000000000 xr
EXTMEMB3         0x0000000000000000 0x0000000000000000 xr
MEMORY_ARRAY     0x0000000000000000 0x0000000000000000 xrw
*default*        0x0000000000000000 0xffffffffffffffff

Linker script and memory map

LOAD /tmp/cce5Vg3gdebugobj
LOAD /tmp/ccfZTjy5.ltrans0.ltrans.o
LOAD /home/opt/arm-toolchains/gcc-arm-none-eabi-8-2019-q3-update/bin/../lib/gcc/arm-none-eabi/8.3.1/../../../../arm-none-eabi/lib/thumb/v6-m/nofp/libstdc++_nano.a
LOAD /home/opt/arm-toolchains/gcc-arm-none-eabi-8-2019-q3-update/bin/../lib/gcc/arm-none-eabi/8.3.1/../../../../arm-none-eabi/lib/thumb/v6-m/nofp/libm.a
START GROUP
LOAD /home/opt/arm-toolchains/gcc-arm-none-eabi-8-2019-q3-update/bin/../lib/gcc/arm-none-eabi/8.3.1/thumb/v6-m/nofp/libgcc.a
LOAD /home/opt/arm-toolchains/gcc-arm-none-eabi-8-2019-q3-update/bin/../lib/gcc/arm-none-eabi/8.3.1/../../../../arm-none-eabi/lib/thumb/v6-m/nofp/libg_nano.a
LOAD /home/opt/arm-toolchains/gcc-arm-none-eabi-8-2019-q3-update/bin/../lib/gcc/arm-none-eabi/8.3.1/../../../../arm-none-eabi/lib/thumb/v6-m/nofp/libc_nano.a
END GROUP
START GROUP
LOAD /home/opt/arm-toolchains/gcc-arm-none-eabi-8-2019-q3-update/bin/../lib/gcc/arm-none-eabi/8.3.1/thumb/v6-m/nofp/libgcc.a
LOAD /home/opt/arm-toolchains/gcc-arm-none-eabi-8-2019-q3-update/bin/../lib/gcc/arm-none-eabi/8.3.1/../../../../arm-none-eabi/lib/thumb/v6-m/nofp/libc_nano.a
END GROUP
                0x0000000020002000                __stack = (ORIGIN (RAM) + LENGTH (RAM))
                0x0000000020002000                _estack = __stack
                0x0000000000000400                __Main_Stack_Size = 0x400
                [!provide]                        PROVIDE (_Main_Stack_Size = __Main_Stack_Size)
                0x0000000020001c00                __Main_Stack_Limit = (__stack - __Main_Stack_Size)
                [!provide]                        PROVIDE (_Main_Stack_Limit = __Main_Stack_Limit)
                0x0000000000000100                _Minimum_Stack_Size = 0x100
                0x0000000020000038                PROVIDE (_Heap_Begin = _end_noinit)
                0x0000000020001c00                PROVIDE (_Heap_Limit = (__stack - __Main_Stack_Size))

.isr_vector     0x0000000008000000      0x210
 FILL mask 0xff
                0x0000000008000000                __vectors_start = ABSOLUTE (.)
                0x0000000008000000                __vectors_start__ = ABSOLUTE (.)
 *(.isr_vector)
 .isr_vector    0x0000000008000000       0xc4 /tmp/ccfZTjy5.ltrans0.ltrans.o
                0x0000000008000000                g_pfnVectors
 *(.cfmconfig)
 *(.after_vectors .after_vectors.*)
 .after_vectors
                0x00000000080000c4      0x14c /tmp/ccfZTjy5.ltrans0.ltrans.o
                0x00000000080000ec                HardFault_Handler_C
                0x00000000080000f0                _start

.inits          0x0000000008000210       0x28
                0x0000000008000210                __data_regions_array_start = .
                0x0000000008000210        0x4 LONG 0x8000554 LOADADDR (.data)
                0x0000000008000214        0x4 LONG 0x20000000 ADDR (.data)
                0x0000000008000218        0x4 LONG 0x20000028 (ADDR (.data) + SIZEOF (.data))
                0x000000000800021c        0x4 LONG 0x8000554 LOADADDR (.data_CCMRAM)
                0x0000000008000220        0x4 LONG 0x0 ADDR (.data_CCMRAM)
                0x0000000008000224        0x4 LONG 0x0 (ADDR (.data_CCMRAM) + SIZEOF (.data_CCMRAM))
                0x0000000008000228                __data_regions_array_end = .
                0x0000000008000228                __bss_regions_array_start = .
                0x0000000008000228        0x4 LONG 0x20000028 ADDR (.bss)
                0x000000000800022c        0x4 LONG 0x20000038 (ADDR (.bss) + SIZEOF (.bss))
                0x0000000008000230        0x4 LONG 0x0 ADDR (.bss_CCMRAM)
                0x0000000008000234        0x4 LONG 0x0 (ADDR (.bss_CCMRAM) + SIZEOF (.bss_CCMRAM))
                0x0000000008000238                __bss_regions_array_end = .
 *(.init)
 *(.fini)
                0x0000000008000238                . = ALIGN (0x4)
                0x0000000008000238                PROVIDE (__preinit_array_start = .)
 *(.preinit_array_sysinit .preinit_array_sysinit.*)
 *(.preinit_array_platform .preinit_array_platform.*)
 *(.preinit_array .preinit_array.*)
                0x0000000008000238                PROVIDE (__preinit_array_end = .)
                0x0000000008000238                . = ALIGN (0x4)
                0x0000000008000238                PROVIDE (__init_array_start = .)
 *(SORT_BY_NAME(.init_array.*))
 *(.init_array)
                0x0000000008000238                PROVIDE (__init_array_end = .)
                0x0000000008000238                . = ALIGN (0x4)
                0x0000000008000238                PROVIDE (__fini_array_start = .)
 *(SORT_BY_NAME(.fini_array.*))
 *(.fini_array)
                0x0000000008000238                PROVIDE (__fini_array_end = .)

.flashtext
 *(.flashtext .flashtext.*)

.text           0x0000000008000238      0x31c
 *(.text .text.*)
 .text.main     0x0000000008000238       0x10 /tmp/ccfZTjy5.ltrans0.ltrans.o
 .text._ZN9QuickTask4pollEv
                0x0000000008000248        0xc /tmp/ccfZTjy5.ltrans0.ltrans.o
 .text._ZN9QuickTask4tickEm
                0x0000000008000254       0x10 /tmp/ccfZTjy5.ltrans0.ltrans.o
 .text.SysTick_Handler
                0x0000000008000264        0xa /tmp/ccfZTjy5.ltrans0.ltrans.o
 *fill*         0x000000000800026e        0x2 
 .text.SetSysClock
                0x0000000008000270       0xb4 /tmp/ccfZTjy5.ltrans0.ltrans.o
 .text.SystemCoreClockUpdate
                0x0000000008000324       0x90 /tmp/ccfZTjy5.ltrans0.ltrans.o
 .text.SystemInit
                0x00000000080003b4       0x64 /tmp/ccfZTjy5.ltrans0.ltrans.o
 .text.__initialize_hardware
                0x0000000008000418        0x8 /tmp/ccfZTjy5.ltrans0.ltrans.o
 .text.__initialize_hardware_early
                0x0000000008000420        0x8 /tmp/ccfZTjy5.ltrans0.ltrans.o
 .text.__initialize_args
                0x0000000008000428       0x10 /tmp/ccfZTjy5.ltrans0.ltrans.o
 .text._exit    0x0000000008000438        0x2 /tmp/ccfZTjy5.ltrans0.ltrans.o
 *fill*         0x000000000800043a        0x2 
 .text          0x000000000800043c      0x114 /home/opt/arm-toolchains/gcc-arm-none-eabi-8-2019-q3-update/bin/../lib/gcc/arm-none-eabi/8.3.1/thumb/v6-m/nofp/libgcc.a(_udivsi3.o)
                0x000000000800043c                __udivsi3
                0x000000000800043c                __aeabi_uidiv
                0x0000000008000548                __aeabi_uidivmod
 .text          0x0000000008000550        0x4 /home/opt/arm-toolchains/gcc-arm-none-eabi-8-2019-q3-update/bin/../lib/gcc/arm-none-eabi/8.3.1/thumb/v6-m/nofp/libgcc.a(_dvmd_tls.o)
                0x0000000008000550                __aeabi_ldiv0
                0x0000000008000550                __aeabi_idiv0
 *(.rodata .rodata.* .constdata .constdata.*)
 *(vtable)
 *(.eh_frame*)
 *(.glue_7)
 .glue_7        0x0000000008000554        0x0 linker stubs
 *(.glue_7t)
 .glue_7t       0x0000000008000554        0x0 linker stubs

.vfp11_veneer   0x0000000008000554        0x0
 .vfp11_veneer  0x0000000008000554        0x0 linker stubs

.v4_bx          0x0000000008000554        0x0
 .v4_bx         0x0000000008000554        0x0 linker stubs

.iplt           0x0000000008000554        0x0
 .iplt          0x0000000008000554        0x0 /tmp/cce5Vg3gdebugobj

.rel.dyn        0x0000000008000554        0x0
 .rel.iplt      0x0000000008000554        0x0 /tmp/cce5Vg3gdebugobj

.ARM.extab
 *(.ARM.extab* .gnu.linkonce.armextab.*)
                0x0000000008000554                . = ALIGN (0x4)
                0x0000000008000554                __exidx_start = .

.ARM.exidx
 *(.ARM.exidx* .gnu.linkonce.armexidx.*)
                0x0000000008000554                __exidx_end = .
                0x0000000008000554                . = ALIGN (0x4)
                0x0000000008000554                _etext = .
                0x0000000008000554                __etext = .

.data_CCMRAM    0x0000000000000000        0x0 load address 0x0000000008000554
 FILL mask 0xff
 *(.data.CCMRAM .data.CCMRAM.*)
                0x0000000000000000                . = ALIGN (0x4)
                0x0000000008000554                _sidata = LOADADDR (.data)

.data           0x0000000020000000       0x28 load address 0x0000000008000554
 FILL mask 0xff
                0x0000000020000000                _sdata = .
                0x0000000020000000                __data_start__ = .
 *(.data_begin .data_begin.*)
 .data_begin    0x0000000020000000        0x4 /tmp/ccfZTjy5.ltrans0.ltrans.o
 *(.data .data.*)
 .data.AHBPrescTable
                0x0000000020000004       0x10 /tmp/ccfZTjy5.ltrans0.ltrans.o
 .data.SystemCoreClock
                0x0000000020000014        0x4 /tmp/ccfZTjy5.ltrans0.ltrans.o
 .data._ZN9QuickTask6holdedE
                0x0000000020000018        0x1 /tmp/ccfZTjy5.ltrans0.ltrans.o
 *fill*         0x0000000020000019        0x3 ff
 .data.argv.4375
                0x000000002000001c        0x8 /tmp/ccfZTjy5.ltrans0.ltrans.o
 *(.data_end .data_end.*)
 .data_end      0x0000000020000024        0x4 /tmp/ccfZTjy5.ltrans0.ltrans.o
                0x0000000020000028                . = ALIGN (0x4)
                0x0000000020000028                _edata = .
                0x0000000020000028                __data_end__ = .

.igot.plt       0x0000000020000028        0x0 load address 0x000000000800057c
 .igot.plt      0x0000000020000028        0x0 /tmp/cce5Vg3gdebugobj

.bss_CCMRAM     0x0000000000000000        0x0
 *(.bss.CCMRAM .bss.CCMRAM.*)

.bss            0x0000000020000028       0x10
                0x0000000020000028                __bss_start__ = .
                0x0000000020000028                _sbss = .
 *(.bss_begin .bss_begin.*)
 .bss_begin     0x0000000020000028        0x4 /tmp/ccfZTjy5.ltrans0.ltrans.o
 *(.bss .bss.*)
 .bss.name.4374
                0x000000002000002c        0x1 /tmp/ccfZTjy5.ltrans0.ltrans.o
 *fill*         0x000000002000002d        0x3 
 .bss._ZN9QuickTask12milisCounterE
                0x0000000020000030        0x4 /tmp/ccfZTjy5.ltrans0.ltrans.o
 *(COMMON)
 *(.bss_end .bss_end.*)
 .bss_end       0x0000000020000034        0x4 /tmp/ccfZTjy5.ltrans0.ltrans.o
                0x0000000020000038                . = ALIGN (0x4)
                0x0000000020000038                __bss_end__ = .
                0x0000000020000038                _ebss = .

.noinit_CCMRAM
 *(.noinit.CCMRAM .noinit.CCMRAM.*)

.noinit         0x0000000020000038        0x0
                0x0000000020000038                _noinit = .
 *(.noinit .noinit.*)
                0x0000000020000038                . = ALIGN (0x4)
                0x0000000020000038                _end_noinit = .
                [!provide]                        PROVIDE (end = _end_noinit)
                [!provide]                        PROVIDE (_end = _end_noinit)
                [!provide]                        PROVIDE (__end = _end_noinit)
                [!provide]                        PROVIDE (__end__ = _end_noinit)

._check_stack   0x0000000020000038      0x100
                0x0000000020000138                . = (. + _Minimum_Stack_Size)
 *fill*         0x0000000020000038      0x100 

.b1text
 *(.b1text)
 *(.b1rodata)
 *(.b1rodata.*)

.eb0text
 *(.eb0text)
 *(.eb0rodata)
 *(.eb0rodata.*)

.eb1text
 *(.eb1text)
 *(.eb1rodata)
 *(.eb1rodata.*)

.eb2text
 *(.eb2text)
 *(.eb2rodata)
 *(.eb2rodata.*)

.eb3text
 *(.eb3text)
 *(.eb3rodata)
 *(.eb3rodata.*)

.stab
 *(.stab)

.stabstr
 *(.stabstr)

.stab.excl
 *(.stab.excl)

.stab.exclstr
 *(.stab.exclstr)

.stab.index
 *(.stab.index)

.stab.indexstr
 *(.stab.indexstr)

.comment        0x0000000000000000       0x76
 *(.comment)
 .comment       0x0000000000000000       0x76 /tmp/ccfZTjy5.ltrans0.ltrans.o
                                         0x77 (size before relaxing)

.ARM.attributes
                0x0000000000000000       0x2c
 .ARM.attributes
                0x0000000000000000       0x2a /tmp/ccfZTjy5.ltrans0.ltrans.o
 .ARM.attributes
                0x000000000000002a       0x1e /home/opt/arm-toolchains/gcc-arm-none-eabi-8-2019-q3-update/bin/../lib/gcc/arm-none-eabi/8.3.1/thumb/v6-m/nofp/libgcc.a(_udivsi3.o)
 .ARM.attributes
                0x0000000000000048       0x1e /home/opt/arm-toolchains/gcc-arm-none-eabi-8-2019-q3-update/bin/../lib/gcc/arm-none-eabi/8.3.1/thumb/v6-m/nofp/libgcc.a(_dvmd_tls.o)

.debug
 *(.debug)

.line
 *(.line)

.debug_srcinfo
 *(.debug_srcinfo)

.debug_sfnames
 *(.debug_sfnames)

.debug_aranges  0x0000000000000000       0xb8
 *(.debug_aranges)
 .debug_aranges
                0x0000000000000000       0xb8 /tmp/ccfZTjy5.ltrans0.ltrans.o

.debug_pubnames
 *(.debug_pubnames)

.debug_info     0x0000000000000000     0x8e8e
 *(.debug_info .gnu.linkonce.wi.*)
 .debug_info    0x0000000000000000     0x899b /tmp/cce5Vg3gdebugobj
                0x0000000000000000                g_cxx.cpp.2765497b
                0x0000000000001057                g_exit.c.801bd576
                0x00000000000019fa                g_sbrk.c.8c5c7574
                0x000000000000238d                g_startup.c.b3cbb6ce
                0x00000000000025cc                g_syscalls.c.3ece47e2
                0x000000000000300f                assert.c.7365c628
                0x0000000000003a14                Trace.c.d4fcfe93
                0x0000000000003a35                trace_impl.c.9ff815f0
                0x0000000000003a56                g_initialize_hardware.c.be797707
                0x0000000000003af2                g_reset_hardware.c.d10696b9
                0x0000000000003c4a                exception_handlers.c.f378b47e
                0x000000000000469a                system_stm32f0xx.c.693c94a1
                0x0000000000004966                vectors_stm32f0xx.c.0ddc8e7a
                0x0000000000004a1c                g_write.c.00bec38f
                0x0000000000004a3d                main.cpp.3efc5545
                0x0000000000006848                Fifo.cpp.cd103a85
                0x00000000000070de                FrameBuffer.cpp.1e77a504
                0x000000000000828d                QuickTask.cpp.0b7de6ce
                0x0000000000008719                myUtils.c.e923ed30
 .debug_info    0x000000000000899b      0x4f3 /tmp/ccfZTjy5.ltrans0.ltrans.o

.debug_abbrev   0x0000000000000000     0x1f94
 *(.debug_abbrev)
 .debug_abbrev  0x0000000000000000     0x1e8c /tmp/cce5Vg3gdebugobj
 .debug_abbrev  0x0000000000001e8c      0x108 /tmp/ccfZTjy5.ltrans0.ltrans.o

.debug_line     0x0000000000000000     0x32d2
 *(.debug_line)
 .debug_line    0x0000000000000000     0x2ea8 /tmp/cce5Vg3gdebugobj
 .debug_line    0x0000000000002ea8      0x42a /tmp/ccfZTjy5.ltrans0.ltrans.o

.debug_frame    0x0000000000000000      0x1c8
 *(.debug_frame)
 .debug_frame   0x0000000000000000      0x1a8 /tmp/ccfZTjy5.ltrans0.ltrans.o
 .debug_frame   0x00000000000001a8       0x20 /home/opt/arm-toolchains/gcc-arm-none-eabi-8-2019-q3-update/bin/../lib/gcc/arm-none-eabi/8.3.1/thumb/v6-m/nofp/libgcc.a(_udivsi3.o)

.debug_str      0x0000000000000000    0x32bc5
 *(.debug_str)
 .debug_str     0x0000000000000000    0x32a85 /tmp/cce5Vg3gdebugobj
                                     0x11fc83 (size before relaxing)
 .debug_str     0x0000000000032a85      0x140 /tmp/ccfZTjy5.ltrans0.ltrans.o
                                        0x160 (size before relaxing)

.debug_loc      0x0000000000000000      0x2ea
 *(.debug_loc)
 .debug_loc     0x0000000000000000      0x2ea /tmp/ccfZTjy5.ltrans0.ltrans.o

.debug_macinfo
 *(.debug_macinfo)

.debug_weaknames
 *(.debug_weaknames)

.debug_funcnames
 *(.debug_funcnames)

.debug_typenames
 *(.debug_typenames)

.debug_varnames
 *(.debug_varnames)
OUTPUT(gilot2019.elf elf32-littlearm)

.debug_macro    0x0000000000000000     0xd460
 .debug_macro   0x0000000000000000     0x1306 /tmp/cce5Vg3gdebugobj
 .debug_macro   0x0000000000001306      0xb14 /tmp/cce5Vg3gdebugobj
 .debug_macro   0x0000000000001e1a      0x16f /tmp/cce5Vg3gdebugobj
 .debug_macro   0x0000000000001f89       0x10 /tmp/cce5Vg3gdebugobj
 .debug_macro   0x0000000000001f99      0x3ed /tmp/cce5Vg3gdebugobj
 .debug_macro   0x0000000000002386       0x10 /tmp/cce5Vg3gdebugobj
 .debug_macro   0x0000000000002396       0x18 /tmp/cce5Vg3gdebugobj
 .debug_macro   0x00000000000023ae       0x22 /tmp/cce5Vg3gdebugobj
 .debug_macro   0x00000000000023d0       0x58 /tmp/cce5Vg3gdebugobj
 .debug_macro   0x0000000000002428       0x94 /tmp/cce5Vg3gdebugobj
 .debug_macro   0x00000000000024bc       0x35 /tmp/cce5Vg3gdebugobj
 .debug_macro   0x00000000000024f1       0x34 /tmp/cce5Vg3gdebugobj
 .debug_macro   0x0000000000002525       0x16 /tmp/cce5Vg3gdebugobj
 .debug_macro   0x000000000000253b      0x10e /tmp/cce5Vg3gdebugobj
 .debug_macro   0x0000000000002649       0x94 /tmp/cce5Vg3gdebugobj
 .debug_macro   0x00000000000026dd       0x16 /tmp/cce5Vg3gdebugobj
 .debug_macro   0x00000000000026f3       0x43 /tmp/cce5Vg3gdebugobj
 .debug_macro   0x0000000000002736       0x57 /tmp/cce5Vg3gdebugobj
 .debug_macro   0x000000000000278d       0x34 /tmp/cce5Vg3gdebugobj
 .debug_macro   0x00000000000027c1       0x10 /tmp/cce5Vg3gdebugobj
 .debug_macro   0x00000000000027d1       0x58 /tmp/cce5Vg3gdebugobj
 .debug_macro   0x0000000000002829      0x182 /tmp/cce5Vg3gdebugobj
 .debug_macro   0x00000000000029ab      0x35c /tmp/cce5Vg3gdebugobj
 .debug_macro   0x0000000000002d07       0x16 /tmp/cce5Vg3gdebugobj
 .debug_macro   0x0000000000002d1d       0x29 /tmp/cce5Vg3gdebugobj
 .debug_macro   0x0000000000002d46       0x1c /tmp/cce5Vg3gdebugobj
 .debug_macro   0x0000000000002d62       0xde /tmp/cce5Vg3gdebugobj
 .debug_macro   0x0000000000002e40       0x10 /tmp/cce5Vg3gdebugobj
 .debug_macro   0x0000000000002e50       0x6a /tmp/cce5Vg3gdebugobj
 .debug_macro   0x0000000000002eba       0x1c /tmp/cce5Vg3gdebugobj
 .debug_macro   0x0000000000002ed6       0x52 /tmp/cce5Vg3gdebugobj
 .debug_macro   0x0000000000002f28       0x40 /tmp/cce5Vg3gdebugobj
 .debug_macro   0x0000000000002f68       0x10 /tmp/cce5Vg3gdebugobj
 .debug_macro   0x0000000000002f78       0x40 /tmp/cce5Vg3gdebugobj
 .debug_macro   0x0000000000002fb8       0xd5 /tmp/cce5Vg3gdebugobj
 .debug_macro   0x000000000000308d       0x1c /tmp/cce5Vg3gdebugobj
 .debug_macro   0x00000000000030a9       0x3d /tmp/cce5Vg3gdebugobj
 .debug_macro   0x00000000000030e6       0x16 /tmp/cce5Vg3gdebugobj
 .debug_macro   0x00000000000030fc       0x35 /tmp/cce5Vg3gdebugobj
 .debug_macro   0x0000000000003131      0x51a /tmp/cce5Vg3gdebugobj
 .debug_macro   0x000000000000364b      0xa72 /tmp/cce5Vg3gdebugobj
 .debug_macro   0x00000000000040bd       0x34 /tmp/cce5Vg3gdebugobj
 .debug_macro   0x00000000000040f1      0x10e /tmp/cce5Vg3gdebugobj
 .debug_macro   0x00000000000041ff       0x8d /tmp/cce5Vg3gdebugobj
 .debug_macro   0x000000000000428c       0x43 /tmp/cce5Vg3gdebugobj
 .debug_macro   0x00000000000042cf      0x339 /tmp/cce5Vg3gdebugobj
 .debug_macro   0x0000000000004608       0x35 /tmp/cce5Vg3gdebugobj
 .debug_macro   0x000000000000463d      0x174 /tmp/cce5Vg3gdebugobj
 .debug_macro   0x00000000000047b1       0x10 /tmp/cce5Vg3gdebugobj
 .debug_macro   0x00000000000047c1      0x23b /tmp/cce5Vg3gdebugobj
 .debug_macro   0x00000000000049fc      0x34e /tmp/cce5Vg3gdebugobj
 .debug_macro   0x0000000000004d4a       0x1c /tmp/cce5Vg3gdebugobj
 .debug_macro   0x0000000000004d66       0x10 /tmp/cce5Vg3gdebugobj
 .debug_macro   0x0000000000004d76       0x10 /tmp/cce5Vg3gdebugobj
 .debug_macro   0x0000000000004d86       0x10 /tmp/cce5Vg3gdebugobj
 .debug_macro   0x0000000000004d96       0x35 /tmp/cce5Vg3gdebugobj
 .debug_macro   0x0000000000004dcb      0x122 /tmp/cce5Vg3gdebugobj
 .debug_macro   0x0000000000004eed       0x88 /tmp/cce5Vg3gdebugobj
 .debug_macro   0x0000000000004f75       0x7c /tmp/cce5Vg3gdebugobj
 .debug_macro   0x0000000000004ff1       0x17 /tmp/cce5Vg3gdebugobj
 .debug_macro   0x0000000000005008      0x118 /tmp/cce5Vg3gdebugobj
 .debug_macro   0x0000000000005120      0x189 /tmp/cce5Vg3gdebugobj
 .debug_macro   0x00000000000052a9       0x16 /tmp/cce5Vg3gdebugobj
 .debug_macro   0x00000000000052bf       0x1c /tmp/cce5Vg3gdebugobj
 .debug_macro   0x00000000000052db       0x7a /tmp/cce5Vg3gdebugobj
 .debug_macro   0x0000000000005355       0x35 /tmp/cce5Vg3gdebugobj
 .debug_macro   0x000000000000538a       0x26 /tmp/cce5Vg3gdebugobj
 .debug_macro   0x00000000000053b0      0x30d /tmp/cce5Vg3gdebugobj
 .debug_macro   0x00000000000056bd     0x631c /tmp/cce5Vg3gdebugobj
 .debug_macro   0x000000000000b9d9       0x3b /tmp/cce5Vg3gdebugobj
 .debug_macro   0x000000000000ba14       0x22 /tmp/cce5Vg3gdebugobj
 .debug_macro   0x000000000000ba36       0x10 /tmp/cce5Vg3gdebugobj
 .debug_macro   0x000000000000ba46       0xcf /tmp/cce5Vg3gdebugobj
 .debug_macro   0x000000000000bb15       0x20 /tmp/cce5Vg3gdebugobj
 .debug_macro   0x000000000000bb35       0xbe /tmp/cce5Vg3gdebugobj
 .debug_macro   0x000000000000bbf3       0x10 /tmp/cce5Vg3gdebugobj
 .debug_macro   0x000000000000bc03      0xb14 /tmp/cce5Vg3gdebugobj
 .debug_macro   0x000000000000c717       0x16 /tmp/cce5Vg3gdebugobj
 .debug_macro   0x000000000000c72d       0x97 /tmp/cce5Vg3gdebugobj
 .debug_macro   0x000000000000c7c4      0x104 /tmp/cce5Vg3gdebugobj
 .debug_macro   0x000000000000c8c8       0x10 /tmp/cce5Vg3gdebugobj
 .debug_macro   0x000000000000c8d8       0x16 /tmp/cce5Vg3gdebugobj
 .debug_macro   0x000000000000c8ee      0x137 /tmp/cce5Vg3gdebugobj
 .debug_macro   0x000000000000ca25      0x30d /tmp/cce5Vg3gdebugobj
 .debug_macro   0x000000000000cd32      0x103 /tmp/cce5Vg3gdebugobj
 .debug_macro   0x000000000000ce35      0x432 /tmp/cce5Vg3gdebugobj
 .debug_macro   0x000000000000d267       0x46 /tmp/cce5Vg3gdebugobj
 .debug_macro   0x000000000000d2ad       0x16 /tmp/cce5Vg3gdebugobj
 .debug_macro   0x000000000000d2c3      0x17b /tmp/cce5Vg3gdebugobj
 .debug_macro   0x000000000000d43e       0x22 /tmp/cce5Vg3gdebugobj

.debug_ranges   0x0000000000000000       0xc8
 .debug_ranges  0x0000000000000000       0xc8 /tmp/ccfZTjy5.ltrans0.ltrans.o
