Archive member included to satisfy reference by file (symbol)

/home/opt/arm-toolchains/gcc-arm-none-eabi-8-2019-q3-update/bin/../lib/gcc/arm-none-eabi/8.3.1/../../../../arm-none-eabi/lib/thumb/v6-m/nofp/libstdc++_nano.a(del_ops.o)
                              ./src/Praca.o (symbol from plugin) (operator delete(void*, unsigned int))
/home/opt/arm-toolchains/gcc-arm-none-eabi-8-2019-q3-update/bin/../lib/gcc/arm-none-eabi/8.3.1/../../../../arm-none-eabi/lib/thumb/v6-m/nofp/libstdc++_nano.a(del_op.o)
                              /home/opt/arm-toolchains/gcc-arm-none-eabi-8-2019-q3-update/bin/../lib/gcc/arm-none-eabi/8.3.1/../../../../arm-none-eabi/lib/thumb/v6-m/nofp/libstdc++_nano.a(del_ops.o) (operator delete(void*))
/home/opt/arm-toolchains/gcc-arm-none-eabi-8-2019-q3-update/bin/../lib/gcc/arm-none-eabi/8.3.1/../../../../arm-none-eabi/lib/thumb/v6-m/nofp/libg_nano.a(lib_a-errno.o)
                              ./system/src/newlib/_sbrk.o (symbol from plugin) (__errno)
/home/opt/arm-toolchains/gcc-arm-none-eabi-8-2019-q3-update/bin/../lib/gcc/arm-none-eabi/8.3.1/../../../../arm-none-eabi/lib/thumb/v6-m/nofp/libg_nano.a(lib_a-impure.o)
                              /home/opt/arm-toolchains/gcc-arm-none-eabi-8-2019-q3-update/bin/../lib/gcc/arm-none-eabi/8.3.1/../../../../arm-none-eabi/lib/thumb/v6-m/nofp/libg_nano.a(lib_a-errno.o) (_impure_ptr)
/home/opt/arm-toolchains/gcc-arm-none-eabi-8-2019-q3-update/bin/../lib/gcc/arm-none-eabi/8.3.1/../../../../arm-none-eabi/lib/thumb/v6-m/nofp/libg_nano.a(lib_a-itoa.o)
                              ./src/main.o (symbol from plugin) (itoa)
/home/opt/arm-toolchains/gcc-arm-none-eabi-8-2019-q3-update/bin/../lib/gcc/arm-none-eabi/8.3.1/../../../../arm-none-eabi/lib/thumb/v6-m/nofp/libg_nano.a(lib_a-malloc.o)
                              /home/opt/arm-toolchains/gcc-arm-none-eabi-8-2019-q3-update/bin/../lib/gcc/arm-none-eabi/8.3.1/../../../../arm-none-eabi/lib/thumb/v6-m/nofp/libstdc++_nano.a(del_op.o) (free)
/home/opt/arm-toolchains/gcc-arm-none-eabi-8-2019-q3-update/bin/../lib/gcc/arm-none-eabi/8.3.1/../../../../arm-none-eabi/lib/thumb/v6-m/nofp/libg_nano.a(lib_a-nano-freer.o)
                              /home/opt/arm-toolchains/gcc-arm-none-eabi-8-2019-q3-update/bin/../lib/gcc/arm-none-eabi/8.3.1/../../../../arm-none-eabi/lib/thumb/v6-m/nofp/libg_nano.a(lib_a-malloc.o) (_free_r)
/home/opt/arm-toolchains/gcc-arm-none-eabi-8-2019-q3-update/bin/../lib/gcc/arm-none-eabi/8.3.1/../../../../arm-none-eabi/lib/thumb/v6-m/nofp/libg_nano.a(lib_a-nano-mallocr.o)
                              /home/opt/arm-toolchains/gcc-arm-none-eabi-8-2019-q3-update/bin/../lib/gcc/arm-none-eabi/8.3.1/../../../../arm-none-eabi/lib/thumb/v6-m/nofp/libg_nano.a(lib_a-malloc.o) (_malloc_r)
/home/opt/arm-toolchains/gcc-arm-none-eabi-8-2019-q3-update/bin/../lib/gcc/arm-none-eabi/8.3.1/../../../../arm-none-eabi/lib/thumb/v6-m/nofp/libg_nano.a(lib_a-sbrkr.o)
                              /home/opt/arm-toolchains/gcc-arm-none-eabi-8-2019-q3-update/bin/../lib/gcc/arm-none-eabi/8.3.1/../../../../arm-none-eabi/lib/thumb/v6-m/nofp/libg_nano.a(lib_a-nano-mallocr.o) (_sbrk_r)
/home/opt/arm-toolchains/gcc-arm-none-eabi-8-2019-q3-update/bin/../lib/gcc/arm-none-eabi/8.3.1/../../../../arm-none-eabi/lib/thumb/v6-m/nofp/libg_nano.a(lib_a-strlen.o)
                              ./src/Menu.o (symbol from plugin) (strlen)
/home/opt/arm-toolchains/gcc-arm-none-eabi-8-2019-q3-update/bin/../lib/gcc/arm-none-eabi/8.3.1/../../../../arm-none-eabi/lib/thumb/v6-m/nofp/libg_nano.a(lib_a-utoa.o)
                              /home/opt/arm-toolchains/gcc-arm-none-eabi-8-2019-q3-update/bin/../lib/gcc/arm-none-eabi/8.3.1/../../../../arm-none-eabi/lib/thumb/v6-m/nofp/libg_nano.a(lib_a-itoa.o) (__utoa)
/home/opt/arm-toolchains/gcc-arm-none-eabi-8-2019-q3-update/bin/../lib/gcc/arm-none-eabi/8.3.1/../../../../arm-none-eabi/lib/thumb/v6-m/nofp/libg_nano.a(lib_a-memcpy-stub.o)
                              /home/opt/arm-toolchains/gcc-arm-none-eabi-8-2019-q3-update/bin/../lib/gcc/arm-none-eabi/8.3.1/../../../../arm-none-eabi/lib/thumb/v6-m/nofp/libg_nano.a(lib_a-utoa.o) (memcpy)
/home/opt/arm-toolchains/gcc-arm-none-eabi-8-2019-q3-update/bin/../lib/gcc/arm-none-eabi/8.3.1/../../../../arm-none-eabi/lib/thumb/v6-m/nofp/libg_nano.a(lib_a-mlock.o)
                              /home/opt/arm-toolchains/gcc-arm-none-eabi-8-2019-q3-update/bin/../lib/gcc/arm-none-eabi/8.3.1/../../../../arm-none-eabi/lib/thumb/v6-m/nofp/libg_nano.a(lib_a-nano-freer.o) (__malloc_lock)
/home/opt/arm-toolchains/gcc-arm-none-eabi-8-2019-q3-update/bin/../lib/gcc/arm-none-eabi/8.3.1/../../../../arm-none-eabi/lib/thumb/v6-m/nofp/libg_nano.a(lib_a-lock.o)
                              /home/opt/arm-toolchains/gcc-arm-none-eabi-8-2019-q3-update/bin/../lib/gcc/arm-none-eabi/8.3.1/../../../../arm-none-eabi/lib/thumb/v6-m/nofp/libg_nano.a(lib_a-mlock.o) (__retarget_lock_acquire_recursive)
[...]
Memory Configuration

Name             Origin             Length             Attributes
RAM              0x0000000020000000 0x0000000000002000 xrw
CCMRAM           0x0000000000000000 0x0000000000000000 xrw
FLASH            0x0000000008000000 0x0000000000008000 xr
FLASHB1          0x0000000000000000 0x0000000000000000 xr
EXTMEMB0         0x0000000000000000 0x0000000000000000 xr
EXTMEMB1         0x0000000000000000 0x0000000000000000 xr
EXTMEMB2         0x0000000000000000 0x0000000000000000 xr
EXTMEMB3         0x0000000000000000 0x0000000000000000 xr
MEMORY_ARRAY     0x0000000000000000 0x0000000000000000 xrw
*default*        0x0000000000000000 0xffffffffffffffff

Linker script and memory map

LOAD /tmp/ccScfPaNdebugobj
LOAD /tmp/ccPlV7Bl.ltrans0.ltrans.o
LOAD /home/opt/arm-toolchains/gcc-arm-none-eabi-8-2019-q3-update/bin/../lib/gcc/arm-none-eabi/8.3.1/../../../../arm-none-eabi/lib/thumb/v6-m/nofp/libstdc++_nano.a
LOAD /home/opt/arm-toolchains/gcc-arm-none-eabi-8-2019-q3-update/bin/../lib/gcc/arm-none-eabi/8.3.1/../../../../arm-none-eabi/lib/thumb/v6-m/nofp/libm.a
START GROUP
LOAD /home/opt/arm-toolchains/gcc-arm-none-eabi-8-2019-q3-update/bin/../lib/gcc/arm-none-eabi/8.3.1/thumb/v6-m/nofp/libgcc.a
LOAD /home/opt/arm-toolchains/gcc-arm-none-eabi-8-2019-q3-update/bin/../lib/gcc/arm-none-eabi/8.3.1/../../../../arm-none-eabi/lib/thumb/v6-m/nofp/libg_nano.a
LOAD /home/opt/arm-toolchains/gcc-arm-none-eabi-8-2019-q3-update/bin/../lib/gcc/arm-none-eabi/8.3.1/../../../../arm-none-eabi/lib/thumb/v6-m/nofp/libc_nano.a
END GROUP
START GROUP
LOAD /home/opt/arm-toolchains/gcc-arm-none-eabi-8-2019-q3-update/bin/../lib/gcc/arm-none-eabi/8.3.1/thumb/v6-m/nofp/libgcc.a
LOAD /home/opt/arm-toolchains/gcc-arm-none-eabi-8-2019-q3-update/bin/../lib/gcc/arm-none-eabi/8.3.1/../../../../arm-none-eabi/lib/thumb/v6-m/nofp/libc_nano.a
END GROUP
                0x0000000020002000                __stack = (ORIGIN (RAM) + LENGTH (RAM))
                0x0000000020002000                _estack = __stack
                0x0000000000000400                __Main_Stack_Size = 0x400
                [!provide]                        PROVIDE (_Main_Stack_Size = __Main_Stack_Size)
                0x0000000020001c00                __Main_Stack_Limit = (__stack - __Main_Stack_Size)
                [!provide]                        PROVIDE (_Main_Stack_Limit = __Main_Stack_Limit)
                0x0000000000000100                _Minimum_Stack_Size = 0x100
                0x00000000200003e0                PROVIDE (_Heap_Begin = _end_noinit)
                0x0000000020001c00                PROVIDE (_Heap_Limit = (__stack - __Main_Stack_Size))

.isr_vector     0x0000000008000000      0x294
 FILL mask 0xff
                0x0000000008000000                __vectors_start = ABSOLUTE (.)
                0x0000000008000000                __vectors_start__ = ABSOLUTE (.)
 *(.isr_vector)
 .isr_vector    0x0000000008000000       0xc4 /tmp/ccPlV7Bl.ltrans0.ltrans.o
                0x0000000008000000                g_pfnVectors
 *(.cfmconfig)
 *(.after_vectors .after_vectors.*)
 .after_vectors
                0x00000000080000c4      0x1d0 /tmp/ccPlV7Bl.ltrans0.ltrans.o
                0x00000000080000c4                _start
                0x0000000008000268                HardFault_Handler_C

.inits          0x0000000008000294       0x30
                0x0000000008000294                __data_regions_array_start = .
                0x0000000008000294        0x4 LONG 0x800508c LOADADDR (.data)
                0x0000000008000298        0x4 LONG 0x20000000 ADDR (.data)
                0x000000000800029c        0x4 LONG 0x2000009c (ADDR (.data) + SIZEOF (.data))
                0x00000000080002a0        0x4 LONG 0x800508c LOADADDR (.data_CCMRAM)
                0x00000000080002a4        0x4 LONG 0x0 ADDR (.data_CCMRAM)
                0x00000000080002a8        0x4 LONG 0x0 (ADDR (.data_CCMRAM) + SIZEOF (.data_CCMRAM))
                0x00000000080002ac                __data_regions_array_end = .
                0x00000000080002ac                __bss_regions_array_start = .
                0x00000000080002ac        0x4 LONG 0x2000009c ADDR (.bss)
                0x00000000080002b0        0x4 LONG 0x200003e0 (ADDR (.bss) + SIZEOF (.bss))
                0x00000000080002b4        0x4 LONG 0x0 ADDR (.bss_CCMRAM)
                0x00000000080002b8        0x4 LONG 0x0 (ADDR (.bss_CCMRAM) + SIZEOF (.bss_CCMRAM))
                0x00000000080002bc                __bss_regions_array_end = .
 *(.init)
 *(.fini)
                0x00000000080002bc                . = ALIGN (0x4)
                0x00000000080002bc                PROVIDE (__preinit_array_start = .)
 *(.preinit_array_sysinit .preinit_array_sysinit.*)
 *(.preinit_array_platform .preinit_array_platform.*)
 *(.preinit_array .preinit_array.*)
                0x00000000080002bc                PROVIDE (__preinit_array_end = .)
                0x00000000080002bc                . = ALIGN (0x4)
                0x00000000080002bc                PROVIDE (__init_array_start = .)
 *(SORT_BY_NAME(.init_array.*))
 *(.init_array)
 .init_array    0x00000000080002bc        0x4 /tmp/ccPlV7Bl.ltrans0.ltrans.o
                0x00000000080002c0                PROVIDE (__init_array_end = .)
                0x00000000080002c0                . = ALIGN (0x4)
                0x00000000080002c0                PROVIDE (__fini_array_start = .)
 *(SORT_BY_NAME(.fini_array.*))
 *(.fini_array)
 .fini_array    0x00000000080002c0        0x4 /tmp/ccPlV7Bl.ltrans0.ltrans.o
                0x00000000080002c4                PROVIDE (__fini_array_end = .)

.flashtext
 *(.flashtext .flashtext.*)

.text           0x00000000080002c4     0x4dc5
 *(.text .text.*)
 .text.__cxa_pure_virtual
                0x00000000080002c4       0x14 /tmp/ccPlV7Bl.ltrans0.ltrans.o
 .text._exit    0x00000000080002d8        0xa /tmp/ccPlV7Bl.ltrans0.ltrans.o
 *fill*         0x00000000080002e2        0x2 
 .text.abort    0x00000000080002e4       0x14 /tmp/ccPlV7Bl.ltrans0.ltrans.o
 .text.__initialize_args
                0x00000000080002f8       0x20 /tmp/ccPlV7Bl.ltrans0.ltrans.o
 .text.__initialize_hardware_early
                0x0000000008000318        0xc /tmp/ccPlV7Bl.ltrans0.ltrans.o
 .text.__initialize_hardware
                0x0000000008000324        0xc /tmp/ccPlV7Bl.ltrans0.ltrans.o
 .text.SystemInit
                0x0000000008000330       0x8c /tmp/ccPlV7Bl.ltrans0.ltrans.o
 .text.SystemCoreClockUpdate
                0x00000000080003bc       0xe0 /tmp/ccPlV7Bl.ltrans0.ltrans.o
 .text.SetSysClock
                0x000000000800049c       0xdc /tmp/ccPlV7Bl.ltrans0.ltrans.o
 .text.NVIC_SetPriority
                0x0000000008000578       0xe8 /tmp/ccPlV7Bl.ltrans0.ltrans.o
 .text.SysTick_Config
                0x0000000008000660       0x48 /tmp/ccPlV7Bl.ltrans0.ltrans.o
 .text._ZN8Hardware13errorDispatchENS_9ErrorCodeE
                0x00000000080006a8       0x20 /tmp/ccPlV7Bl.ltrans0.ltrans.o
 .text._ZL13flash_latencym
                0x00000000080006c8       0x34 /tmp/ccPlV7Bl.ltrans0.ltrans.o
 .text._ZL12pll_start_lbmm
                0x00000000080006fc       0xb0 /tmp/ccPlV7Bl.ltrans0.ltrans.o
 .text._ZL7rccInitv
                0x00000000080007ac       0x2c /tmp/ccPlV7Bl.ltrans0.ltrans.o
 .text._ZN8Hardware9NVIC_initEv
                0x00000000080007d8        0x8 /tmp/ccPlV7Bl.ltrans0.ltrans.o
 .text._ZN8Hardware4initEv
                0x00000000080007e0       0x54 /tmp/ccPlV7Bl.ltrans0.ltrans.o
 .text._ZN8Hardware9WDOG_InitEv
                0x0000000008000834        0x8 /tmp/ccPlV7Bl.ltrans0.ltrans.o
 .text._ZN4Gpio7setMODEEP12GPIO_TypeDefhNS_8GpioModeE
                0x000000000800083c       0x4e /tmp/ccPlV7Bl.ltrans0.ltrans.o
 .text._ZN4Gpio8setSpeedEP12GPIO_TypeDefhNS_9GpioSpeedE
                0x000000000800088a       0x50 /tmp/ccPlV7Bl.ltrans0.ltrans.o
 .text._ZN4Gpio11setPullUpDnEP12GPIO_TypeDefhNS_8GpioPuPdE
                0x00000000080008da       0x4e /tmp/ccPlV7Bl.ltrans0.ltrans.o
 .text._ZN4Gpio8setOTypeEP12GPIO_TypeDefhNS_9GpioOTypeE
                0x0000000008000928       0x56 /tmp/ccPlV7Bl.ltrans0.ltrans.o
 .text._ZN4Gpio7getModeEP12GPIO_TypeDefh
                0x000000000800097e       0x30 /tmp/ccPlV7Bl.ltrans0.ltrans.o
 .text._ZN4Gpio7getPullEP12GPIO_TypeDefh
                0x00000000080009ae       0x30 /tmp/ccPlV7Bl.ltrans0.ltrans.o
 .text._ZN4Gpio8getSpeedEP12GPIO_TypeDefh
                0x00000000080009de       0x30 /tmp/ccPlV7Bl.ltrans0.ltrans.o
 .text._ZN4Gpio8getOTypeEP12GPIO_TypeDefh
                0x0000000008000a0e       0x32 /tmp/ccPlV7Bl.ltrans0.ltrans.o
 .text._ZN4Gpio11setOutputUpEP12GPIO_TypeDefh
                0x0000000008000a40       0x24 /tmp/ccPlV7Bl.ltrans0.ltrans.o
 .text._ZN4Gpio13setOutputDownEP12GPIO_TypeDefh
                0x0000000008000a64       0x26 /tmp/ccPlV7Bl.ltrans0.ltrans.o
 .text._ZN4Gpio9setOutputEP12GPIO_TypeDefhb
                0x0000000008000a8a       0x44 /tmp/ccPlV7Bl.ltrans0.ltrans.o
 .text._ZN4Gpio9getOutputEP12GPIO_TypeDefh
                0x0000000008000ace       0x30 /tmp/ccPlV7Bl.ltrans0.ltrans.o
 .text._ZN4Gpio14setupFromCloneEP12GPIO_TypeDefhS1_h
                0x0000000008000afe       0x9c /tmp/ccPlV7Bl.ltrans0.ltrans.o
 .text._ZN4Gpio7setMODEENS_8GpioModeE
                0x0000000008000b9a       0x26 /tmp/ccPlV7Bl.ltrans0.ltrans.o
 .text._ZN4Gpio8setSpeedENS_9GpioSpeedE
                0x0000000008000bc0       0x26 /tmp/ccPlV7Bl.ltrans0.ltrans.o
 .text._ZN4Gpio11setPullUpDnENS_8GpioPuPdE
                0x0000000008000be6       0x26 /tmp/ccPlV7Bl.ltrans0.ltrans.o
 .text._ZN4Gpio8setOTypeENS_9GpioOTypeE
                0x0000000008000c0c       0x26 /tmp/ccPlV7Bl.ltrans0.ltrans.o
 .text._ZN4Gpio11setOutputUpEv
                0x0000000008000c32       0x1e /tmp/ccPlV7Bl.ltrans0.ltrans.o
 .text._ZN4Gpio13setOutputDownEv
                0x0000000008000c50       0x1e /tmp/ccPlV7Bl.ltrans0.ltrans.o
 .text._ZN4Gpio9setOutputENS_5LevelE
                0x0000000008000c6e       0x2e /tmp/ccPlV7Bl.ltrans0.ltrans.o
 .text._ZN4Gpio9getOutputEv
                0x0000000008000c9c       0x2a /tmp/ccPlV7Bl.ltrans0.ltrans.o
 .text._ZN4Gpio5setupENS_8GpioModeENS_9GpioOTypeENS_8GpioPuPdENS_9GpioSpeedE
                0x0000000008000cc6       0x60 /tmp/ccPlV7Bl.ltrans0.ltrans.o
 .text._ZN4Gpio14setupFromCloneEPS_
                0x0000000008000d26       0x24 /tmp/ccPlV7Bl.ltrans0.ltrans.o
 .text._ZN7Krokowy6setDirENS_9DIRECTIONE
                0x0000000008000d4a       0x2e /tmp/ccPlV7Bl.ltrans0.ltrans.o
 .text._ZN7Krokowy6enableEb
                0x0000000008000d78       0x44 /tmp/ccPlV7Bl.ltrans0.ltrans.o
 .text._ZN7Krokowy11getInstanceEv
                0x0000000008000dbc       0x14 /tmp/ccPlV7Bl.ltrans0.ltrans.o
 .text._Z16krokPollCallbackv
                0x0000000008000dd0       0x14 /tmp/ccPlV7Bl.ltrans0.ltrans.o
 .text._ZN7Krokowy4pollEv
                0x0000000008000de4       0xec /tmp/ccPlV7Bl.ltrans0.ltrans.o
 .text._ZN7Krokowy2goEm
                0x0000000008000ed0       0x50 /tmp/ccPlV7Bl.ltrans0.ltrans.o
 .text._ZN7Krokowy4stopEv
                0x0000000008000f20       0x28 /tmp/ccPlV7Bl.ltrans0.ltrans.o
 .text._ZN7Krokowy9isStoppedEv
                0x0000000008000f48       0x2e /tmp/ccPlV7Bl.ltrans0.ltrans.o
 .text._ZN7Krokowy5setupEv
                0x0000000008000f76       0xbc /tmp/ccPlV7Bl.ltrans0.ltrans.o
 .text._ZN7Krokowy11setStepModeENS_8StepModeE
                0x0000000008001032       0x8e /tmp/ccPlV7Bl.ltrans0.ltrans.o
 .text._Z41__static_initialization_and_destruction_0ii.lto_priv.0
                0x00000000080010c0       0x38 /tmp/ccPlV7Bl.ltrans0.ltrans.o
 .text._GLOBAL__sub_I__ZN7Krokowy11getInstanceEv
                0x00000000080010f8       0x18 /tmp/ccPlV7Bl.ltrans0.ltrans.o
 .text._ZN6VEprom8readWordENS_9VirtAdresE
                0x0000000008001110       0x32 /tmp/ccPlV7Bl.ltrans0.ltrans.o
 .text._ZN4Fifo7isEmptyEv
                0x0000000008001142       0x20 /tmp/ccPlV7Bl.ltrans0.ltrans.o
 .text._ZN4Fifo10isNotEmptyEv
                0x0000000008001162       0x22 /tmp/ccPlV7Bl.ltrans0.ltrans.o
 .text._ZN8Keyboard13getFromBufferEv
                0x0000000008001184       0x44 /tmp/ccPlV7Bl.ltrans0.ltrans.o
 .text._ZN8Keyboard6getKeyEv
                0x00000000080011c8       0x1a /tmp/ccPlV7Bl.ltrans0.ltrans.o
 *fill*         0x00000000080011e2        0x2 
 .text._ZN8Keyboard8keyToIntENS_3KeyE
                0x00000000080011e4       0x5c /tmp/ccPlV7Bl.ltrans0.ltrans.o
 .text.getProgMainVersion
                0x0000000008001240        0xc /tmp/ccPlV7Bl.ltrans0.ltrans.o
 .text.getProgSubVersion
                0x000000000800124c        0xc /tmp/ccPlV7Bl.ltrans0.ltrans.o
 .text._ZNK3HMI11NumberField8getValueEv
                0x0000000008001258       0x14 /tmp/ccPlV7Bl.ltrans0.ltrans.o
 .text._ZN3HMI11NumberField8setValueEm
                0x000000000800126c       0x16 /tmp/ccPlV7Bl.ltrans0.ltrans.o
 .text._ZN3HMI12NumberEditor8setDigitEh
                0x0000000008001282       0x76 /tmp/ccPlV7Bl.ltrans0.ltrans.o
 .text._ZN3HMI12NumberEditor20getUsedCharsQuantityEv
                0x00000000080012f8       0x32 /tmp/ccPlV7Bl.ltrans0.ltrans.o
 .text._ZN3HMI12NumberEditor12getFieldSizeEv
                0x000000000800132a       0x20 /tmp/ccPlV7Bl.ltrans0.ltrans.o
 .text._ZN3HMI12NumberEditor10countCharsEc
                0x000000000800134a       0x30 /tmp/ccPlV7Bl.ltrans0.ltrans.o
 .text._ZN3HMI12NumberEditor10countCharsEcPKc
                0x000000000800137a       0x4a /tmp/ccPlV7Bl.ltrans0.ltrans.o
 .text._ZN3HMI12NumberEditor10getPower10Eh
                0x00000000080013c4       0x3c /tmp/ccPlV7Bl.ltrans0.ltrans.o
 .text._ZN11FrameBuffer19checkCursorPositionEv
                0x0000000008001400       0x42 /tmp/ccPlV7Bl.ltrans0.ltrans.o
 .text._ZN11FrameBuffer11cursorRightEv
                0x0000000008001442       0x3e /tmp/ccPlV7Bl.ltrans0.ltrans.o
 .text._ZN11FrameBuffer6gotoXYEmm
                0x0000000008001480       0x5e /tmp/ccPlV7Bl.ltrans0.ltrans.o
 .text._ZN11FrameBuffer5printEc
                0x00000000080014de       0x40 /tmp/ccPlV7Bl.ltrans0.ltrans.o
 .text._ZN11FrameBuffer5printEPKc
                0x000000000800151e       0x30 /tmp/ccPlV7Bl.ltrans0.ltrans.o
 .text._ZN11FrameBuffer5printEPN3HMI12NumberEditorE
                0x000000000800154e       0xa6 /tmp/ccPlV7Bl.ltrans0.ltrans.o
 .text._ZN11FrameBuffer7printXYEmmPKc
                0x00000000080015f4       0x2c /tmp/ccPlV7Bl.ltrans0.ltrans.o
 .text._ZN11FrameBuffer11clearScreenEv
                0x0000000008001620       0x3c /tmp/ccPlV7Bl.ltrans0.ltrans.o
 .text._ZN11FrameBuffer23printNumbersWithPatternEPKcm
                0x000000000800165c       0x56 /tmp/ccPlV7Bl.ltrans0.ltrans.o
 .text._ZNK7Krokowy13getLengthToGoEv
                0x00000000080016b2       0x20 /tmp/ccPlV7Bl.ltrans0.ltrans.o
 .text._ZN5Knife14setCuttingMoveEb
                0x00000000080016d2       0x36 /tmp/ccPlV7Bl.ltrans0.ltrans.o
 .text._ZN5Knife13isCuttingMoveEv
                0x0000000008001708       0x24 /tmp/ccPlV7Bl.ltrans0.ltrans.o
 .text._ZN5Knife5startEv
                0x000000000800172c       0x30 /tmp/ccPlV7Bl.ltrans0.ltrans.o
 .text._ZN5Knife9isStoppedEv
                0x000000000800175c       0x2a /tmp/ccPlV7Bl.ltrans0.ltrans.o
 .text._ZNK5Knife9isInErrorEv
                0x0000000008001786       0x14 /tmp/ccPlV7Bl.ltrans0.ltrans.o
 *fill*         0x000000000800179a        0x2 
 .text._ZN5Praca9isStartupEv
                0x000000000800179c       0x24 /tmp/ccPlV7Bl.ltrans0.ltrans.o
 .text._ZNK5Praca12getCountToGoEv
                0x00000000080017c0       0x14 /tmp/ccPlV7Bl.ltrans0.ltrans.o
 .text._ZN5Praca12cycleWasDoneEv
                0x00000000080017d4       0x20 /tmp/ccPlV7Bl.ltrans0.ltrans.o
 .text._ZN4Menu9goToEkranENS_5EKRANE
                0x00000000080017f4       0x46 /tmp/ccPlV7Bl.ltrans0.ltrans.o
 *fill*         0x000000000800183a        0x2 
 .text._ZN4Menu4pollEv
                0x000000000800183c      0x34c /tmp/ccPlV7Bl.ltrans0.ltrans.o
 .text._ZN4Menu9showEkranEv
                0x0000000008001b88      0x2a4 /tmp/ccPlV7Bl.ltrans0.ltrans.o
 .text._ZN4Menu4initEP11FrameBuffer
                0x0000000008001e2c       0x88 /tmp/ccPlV7Bl.ltrans0.ltrans.o
 .text._ZN5PracaC2Ev
                0x0000000008001eb4       0x34 /tmp/ccPlV7Bl.ltrans0.ltrans.o
 .text._ZN5PracaD2Ev
                0x0000000008001ee8       0x1c /tmp/ccPlV7Bl.ltrans0.ltrans.o
 .text._ZN5PracaD0Ev
                0x0000000008001f04       0x24 /tmp/ccPlV7Bl.ltrans0.ltrans.o
 .text._ZN8Keyboard16getUnbufferedKeyEv
                0x0000000008001f28       0x14 /tmp/ccPlV7Bl.ltrans0.ltrans.o
 .text._ZN11FrameBuffer12setBackLightEb
                0x0000000008001f3c       0x1c /tmp/ccPlV7Bl.ltrans0.ltrans.o
 .text._ZN5Knife4stopEv
                0x0000000008001f58       0x14 /tmp/ccPlV7Bl.ltrans0.ltrans.o
 .text._ZN5Praca11getInstanceEv
                0x0000000008001f6c       0x10 /tmp/ccPlV7Bl.ltrans0.ltrans.o
 .text._Z9pollPracav
                0x0000000008001f7c       0x14 /tmp/ccPlV7Bl.ltrans0.ltrans.o
 .text._ZN5Praca5setupEv
                0x0000000008001f90       0x1a /tmp/ccPlV7Bl.ltrans0.ltrans.o
 .text._ZN5Praca9startWorkEv
                0x0000000008001faa       0x26 /tmp/ccPlV7Bl.ltrans0.ltrans.o
 .text._ZN5Praca14startWorkCycleEv
                0x0000000008001fd0       0x38 /tmp/ccPlV7Bl.ltrans0.ltrans.o
 .text._ZN5Praca8stopWorkEv
                0x0000000008002008       0x3c /tmp/ccPlV7Bl.ltrans0.ltrans.o
 .text._ZN5Praca9isAllDoneEv
                0x0000000008002044       0x26 /tmp/ccPlV7Bl.ltrans0.ltrans.o
 *fill*         0x000000000800206a        0x2 
 .text._ZN5Praca4pollEv
                0x000000000800206c       0x80 /tmp/ccPlV7Bl.ltrans0.ltrans.o
 .text._Z41__static_initialization_and_destruction_0ii.lto_priv.1
                0x00000000080020ec       0x58 /tmp/ccPlV7Bl.ltrans0.ltrans.o
 .text._GLOBAL__sub_I_praca
                0x0000000008002144       0x18 /tmp/ccPlV7Bl.ltrans0.ltrans.o
 .text._GLOBAL__sub_D_praca
                0x000000000800215c       0x18 /tmp/ccPlV7Bl.ltrans0.ltrans.o
 .text._ZN9QuickTask4holdEb
                0x0000000008002174       0x20 /tmp/ccPlV7Bl.ltrans0.ltrans.o
 .text._ZN4Gpio8getInputEP12GPIO_TypeDefh
                0x0000000008002194       0x30 /tmp/ccPlV7Bl.ltrans0.ltrans.o
 .text._ZN4Gpio8getInputEv
                0x00000000080021c4       0x2a /tmp/ccPlV7Bl.ltrans0.ltrans.o
 .text._ZN4GpioC2EP12GPIO_TypeDefh
                0x00000000080021ee       0x36 /tmp/ccPlV7Bl.ltrans0.ltrans.o
 .text._ZN8Keyboard11addToBufferENS_3KeyE
                0x0000000008002224       0x32 /tmp/ccPlV7Bl.ltrans0.ltrans.o
 .text._ZN8Keyboard12setColumnLowEh
                0x0000000008002256       0x70 /tmp/ccPlV7Bl.ltrans0.ltrans.o
 .text._ZN8Keyboard13getRowPressedEv
                0x00000000080022c6       0x7a /tmp/ccPlV7Bl.ltrans0.ltrans.o
 .text._ZN8Keyboard8getKeyAtEhh
                0x0000000008002340       0xaa /tmp/ccPlV7Bl.ltrans0.ltrans.o
 .text._ZN8Keyboard13getPressedKeyEv
                0x00000000080023ea       0x80 /tmp/ccPlV7Bl.ltrans0.ltrans.o
 .text._ZN8KeyboardC2EP4GpioS1_S1_S1_S1_S1_S1_
                0x000000000800246a       0x8a /tmp/ccPlV7Bl.ltrans0.ltrans.o
 .text._ZN8Keyboard5setupEv
                0x00000000080024f4       0x82 /tmp/ccPlV7Bl.ltrans0.ltrans.o
 .text._ZN8Keyboard4pollEv
                0x0000000008002576       0x48 /tmp/ccPlV7Bl.ltrans0.ltrans.o
 *fill*         0x00000000080025be        0x2 
 .text._ZN3HMI11NumberFieldC2El
                0x00000000080025c0       0x30 /tmp/ccPlV7Bl.ltrans0.ltrans.o
 .text._ZN3HMI11NumberFieldD2Ev
                0x00000000080025f0       0x1c /tmp/ccPlV7Bl.ltrans0.ltrans.o
 .text._ZN3HMI11NumberFieldD0Ev
                0x000000000800260c       0x24 /tmp/ccPlV7Bl.ltrans0.ltrans.o
 .text._ZN3HMI11NumberField10printValueEPc
                0x0000000008002630       0x1e /tmp/ccPlV7Bl.ltrans0.ltrans.o
 .text._ZN3HMI11NumberField10printValueElPc
                0x000000000800264e       0x1c /tmp/ccPlV7Bl.ltrans0.ltrans.o
 *fill*         0x000000000800266a        0x2 
 .text._ZN3HMI12NumberEditorC2EPKcl
                0x000000000800266c       0x48 /tmp/ccPlV7Bl.ltrans0.ltrans.o
 .text._ZN3HMI12NumberEditorD2Ev
                0x00000000080026b4       0x24 /tmp/ccPlV7Bl.ltrans0.ltrans.o
 .text._ZN3HMI12NumberEditorD0Ev
                0x00000000080026d8       0x24 /tmp/ccPlV7Bl.ltrans0.ltrans.o
 .text._ZN3HMI12NumberEditor10setPatternEPKc
                0x00000000080026fc       0x16 /tmp/ccPlV7Bl.ltrans0.ltrans.o
 .text._ZN11FrameBuffer12forceRefreshEv
                0x0000000008002712       0x1a /tmp/ccPlV7Bl.ltrans0.ltrans.o
 .text._ZN11FrameBuffer10homeScreenEv
                0x000000000800272c       0x28 /tmp/ccPlV7Bl.ltrans0.ltrans.o
 .text._ZN6Pinout5setupEv
                0x0000000008002754       0x28 /tmp/ccPlV7Bl.ltrans0.ltrans.o
 .text._ZN7KrokowyC2EP4GpioS1_S1_S1_S1_S1_
                0x000000000800277c       0x54 /tmp/ccPlV7Bl.ltrans0.ltrans.o
 .text._ZN5Knife4isUpEv
                0x00000000080027d0       0x24 /tmp/ccPlV7Bl.ltrans0.ltrans.o
 .text._ZN5KnifeC2EP4GpioS1_
                0x00000000080027f4       0x44 /tmp/ccPlV7Bl.ltrans0.ltrans.o
 .text._ZN5KnifeD2Ev
                0x0000000008002838       0x1c /tmp/ccPlV7Bl.ltrans0.ltrans.o
 .text._ZN5KnifeD0Ev
                0x0000000008002854       0x24 /tmp/ccPlV7Bl.ltrans0.ltrans.o
 .text._ZN5Knife5setupEv
                0x0000000008002878       0x32 /tmp/ccPlV7Bl.ltrans0.ltrans.o
 *fill*         0x00000000080028aa        0x2 
 .text._ZN5Knife4pollEv
                0x00000000080028ac       0xc4 /tmp/ccPlV7Bl.ltrans0.ltrans.o
 .text._ZN6PinoutC2Ev
                0x0000000008002970      0x1c8 /tmp/ccPlV7Bl.ltrans0.ltrans.o
 .text._Z8keysPollv
                0x0000000008002b38       0x18 /tmp/ccPlV7Bl.ltrans0.ltrans.o
 .text._ZN4MenuC2Ev
                0x0000000008002b50       0x6c /tmp/ccPlV7Bl.ltrans0.ltrans.o
 .text._ZN4MenuD2Ev
                0x0000000008002bbc       0x42 /tmp/ccPlV7Bl.ltrans0.ltrans.o
 *fill*         0x0000000008002bfe        0x2 
 .text._Z8menuPollv
                0x0000000008002c00       0x14 /tmp/ccPlV7Bl.ltrans0.ltrans.o
 .text._Z9knifePollv
                0x0000000008002c14       0x18 /tmp/ccPlV7Bl.ltrans0.ltrans.o
 .text.main     0x0000000008002c2c       0xd8 /tmp/ccPlV7Bl.ltrans0.ltrans.o
 .text._Z41__static_initialization_and_destruction_0ii.lto_priv.2
                0x0000000008002d04      0x1f4 /tmp/ccPlV7Bl.ltrans0.ltrans.o
 .text._GLOBAL__sub_I_pinout
                0x0000000008002ef8       0x18 /tmp/ccPlV7Bl.ltrans0.ltrans.o
 .text._GLOBAL__sub_D_pinout
                0x0000000008002f10       0x18 /tmp/ccPlV7Bl.ltrans0.ltrans.o
 .text._ZN4FifoC2EPhm
                0x0000000008002f28       0x2e /tmp/ccPlV7Bl.ltrans0.ltrans.o
 .text._ZN4Fifo3putEh
                0x0000000008002f56       0x6e /tmp/ccPlV7Bl.ltrans0.ltrans.o
 .text._ZN4Fifo3getEv
                0x0000000008002fc4       0x5a /tmp/ccPlV7Bl.ltrans0.ltrans.o
 .text._ZN11FrameBuffer14setRefreshNeedEv
                0x000000000800301e       0x14 /tmp/ccPlV7Bl.ltrans0.ltrans.o
 .text._ZN11FrameBuffer15isRefreshNeededEv
                0x0000000008003032       0x16 /tmp/ccPlV7Bl.ltrans0.ltrans.o
 .text._ZNK11FrameBuffer9getBufferEv
                0x0000000008003048       0x14 /tmp/ccPlV7Bl.ltrans0.ltrans.o
 .text._ZN11FrameBufferD2Ev
                0x000000000800305c       0x1c /tmp/ccPlV7Bl.ltrans0.ltrans.o
 .text._ZNK3HMI11NumberField16charsNumberCountEv
                0x0000000008003078       0x1c /tmp/ccPlV7Bl.ltrans0.ltrans.o
 .text._ZN3HMI11NumberField16charsNumberCountEl
                0x0000000008003094      0x144 /tmp/ccPlV7Bl.ltrans0.ltrans.o
 .text._ZN3HMI11NumberField4fillEPccm
                0x00000000080031d8       0x3a /tmp/ccPlV7Bl.ltrans0.ltrans.o
 *fill*         0x0000000008003212        0x2 
 .text._ZN3HMI12NumberEditor8toStringEv
                0x0000000008003214       0x28 /tmp/ccPlV7Bl.ltrans0.ltrans.o
 .text._ZN3HMI12NumberEditor15truncateToCharsEh
                0x000000000800323c       0x88 /tmp/ccPlV7Bl.ltrans0.ltrans.o
 .text._ZN3HMI12NumberEditor16normalizeToCharsEh
                0x00000000080032c4       0x90 /tmp/ccPlV7Bl.ltrans0.ltrans.o
 .text._ZN3HMI12NumberEditor8toStringEmPc
                0x0000000008003354       0x3e /tmp/ccPlV7Bl.ltrans0.ltrans.o
 *fill*         0x0000000008003392        0x2 
 .text._ZN3HMI12NumberEditor5printEPc
                0x0000000008003394       0xd8 /tmp/ccPlV7Bl.ltrans0.ltrans.o
 .text._ZN9QuickTask4tickEm
                0x000000000800346c       0x6c /tmp/ccPlV7Bl.ltrans0.ltrans.o
 .text._ZN9QuickTask4pollEv
                0x00000000080034d8       0x6c /tmp/ccPlV7Bl.ltrans0.ltrans.o
 .text._ZN9QuickTaskC2ENS_6QTTypeEPFvvEm
                0x0000000008003544       0x9c /tmp/ccPlV7Bl.ltrans0.ltrans.o
 .text.SysTick_Handler
                0x00000000080035e0        0xe /tmp/ccPlV7Bl.ltrans0.ltrans.o
 .text._ZN6VEprom15isWritePossibleEv
                0x00000000080035ee        0xc /tmp/ccPlV7Bl.ltrans0.ltrans.o
 *fill*         0x00000000080035fa        0x2 
 .text._ZN6VEprom4initEv
                0x00000000080035fc       0xac /tmp/ccPlV7Bl.ltrans0.ltrans.o
 .text._ZN6VEprom9writeWordENS_9VirtAdresEt
                0x00000000080036a8       0xac /tmp/ccPlV7Bl.ltrans0.ltrans.o
 .text._ZN6VEprom8readWordENS_9VirtAdresEPt
                0x0000000008003754       0x44 /tmp/ccPlV7Bl.ltrans0.ltrans.o
 .text.itoaWithPattern
                0x0000000008003798       0xd2 /tmp/ccPlV7Bl.ltrans0.ltrans.o
 .text.my_strcpy
                0x000000000800386a       0x5a /tmp/ccPlV7Bl.ltrans0.ltrans.o
 .text.numberWithPattern
                0x00000000080038c4       0x2e /tmp/ccPlV7Bl.ltrans0.ltrans.o
 .text._ZN4Gpio9setOutputEb
                0x00000000080038f2       0x26 /tmp/ccPlV7Bl.ltrans0.ltrans.o
 .text._ZN11FrameBufferC2EmmPh
                0x0000000008003918       0x64 /tmp/ccPlV7Bl.ltrans0.ltrans.o
 .text._ZN17FrameBufferAccessC2EmmPh
                0x000000000800397c       0x30 /tmp/ccPlV7Bl.ltrans0.ltrans.o
 .text._ZN17FrameBufferAccessD2Ev
                0x00000000080039ac       0x24 /tmp/ccPlV7Bl.ltrans0.ltrans.o
 .text._ZN17FrameBufferAccessD0Ev
                0x00000000080039d0       0x24 /tmp/ccPlV7Bl.ltrans0.ltrans.o
 .text._ZNK17FrameBufferAccess9getBufferEv
                0x00000000080039f4       0x1a /tmp/ccPlV7Bl.ltrans0.ltrans.o
 .text._ZN17FrameBufferAccess15isRefreshNeededEv
                0x0000000008003a0e       0x1a /tmp/ccPlV7Bl.ltrans0.ltrans.o
 .text._ZN17FrameBufferAccess18refreshAcknowledgeEv
                0x0000000008003a28       0x14 /tmp/ccPlV7Bl.ltrans0.ltrans.o
 .text._ZN17FrameBufferAccess13isBackLightOnEv
                0x0000000008003a3c       0x14 /tmp/ccPlV7Bl.ltrans0.ltrans.o
 .text._ZN7HD4478015prepareDataByteEh
                0x0000000008003a50       0x5c /tmp/ccPlV7Bl.ltrans0.ltrans.o
 .text._ZN7HD4478021prepareCommandToWriteENS_10LcdCommandE
                0x0000000008003aac       0x3a /tmp/ccPlV7Bl.ltrans0.ltrans.o
 .text._ZN7HD4478018prepareCharToWriteEc
                0x0000000008003ae6       0x3a /tmp/ccPlV7Bl.ltrans0.ltrans.o
 .text._ZN7HD44780C2Ev
                0x0000000008003b20       0x48 /tmp/ccPlV7Bl.ltrans0.ltrans.o
 .text._ZN7HD4478012setBackLightEb
                0x0000000008003b68       0x24 /tmp/ccPlV7Bl.ltrans0.ltrans.o
 .text._ZN7HD4478013getDDRamAdresEhh
                0x0000000008003b8c       0x6a /tmp/ccPlV7Bl.ltrans0.ltrans.o
 *fill*         0x0000000008003bf6        0x2 
 .text._ZN9QuickTask10getCounterEv
                0x0000000008003bf8       0x14 /tmp/ccPlV7Bl.ltrans0.ltrans.o
 .text._ZN9QuickTask23delayMsWithStoppedTasksEm
                0x0000000008003c0c       0x2e /tmp/ccPlV7Bl.ltrans0.ltrans.o
 .text._ZN8Hardware12delayMsDirtyEm
                0x0000000008003c3a       0x16 /tmp/ccPlV7Bl.ltrans0.ltrans.o
 .text._ZN7HD4478011getInstanceEv
                0x0000000008003c50       0x10 /tmp/ccPlV7Bl.ltrans0.ltrans.o
 .text._Z12pollCallbackv
                0x0000000008003c60       0x14 /tmp/ccPlV7Bl.ltrans0.ltrans.o
 .text._ZN7HD4478014getFrameBufferEv
                0x0000000008003c74       0x18 /tmp/ccPlV7Bl.ltrans0.ltrans.o
 .text._ZN7HD4478012delayMsDirtyEm
                0x0000000008003c8c       0x18 /tmp/ccPlV7Bl.ltrans0.ltrans.o
 .text._ZN7HD447805setupEP4GpioS1_S1_PNS_9GpioPack8ES1_
                0x0000000008003ca4       0x3e /tmp/ccPlV7Bl.ltrans0.ltrans.o
 .text._ZN7HD447809localInitEv
                0x0000000008003ce2      0x122 /tmp/ccPlV7Bl.ltrans0.ltrans.o
 .text._ZN7HD4478016sendCommandDirtyEhm
                0x0000000008003e04       0x58 /tmp/ccPlV7Bl.ltrans0.ltrans.o
 .text._ZN7HD447804pollEv
                0x0000000008003e5c      0x168 /tmp/ccPlV7Bl.ltrans0.ltrans.o
 .text._Z41__static_initialization_and_destruction_0ii.lto_priv.3
                0x0000000008003fc4       0x80 /tmp/ccPlV7Bl.ltrans0.ltrans.o
 .text._GLOBAL__sub_I_instance
                0x0000000008004044       0x18 /tmp/ccPlV7Bl.ltrans0.ltrans.o
 .text._GLOBAL__sub_D_instance
                0x000000000800405c       0x18 /tmp/ccPlV7Bl.ltrans0.ltrans.o
 .text.EE_Init  0x0000000008004074      0x3c8 /tmp/ccPlV7Bl.ltrans0.ltrans.o
 .text.EE_ReadVariable
                0x000000000800443c       0xc4 /tmp/ccPlV7Bl.ltrans0.ltrans.o
 .text.EE_WriteVariable
                0x0000000008004500       0x5c /tmp/ccPlV7Bl.ltrans0.ltrans.o
 .text.EE_Format
                0x000000000800455c       0x68 /tmp/ccPlV7Bl.ltrans0.ltrans.o
 .text.EE_FindValidPage
                0x00000000080045c4       0xac /tmp/ccPlV7Bl.ltrans0.ltrans.o
 .text.EE_VerifyPageFullWriteVariable
                0x0000000008004670       0xdc /tmp/ccPlV7Bl.ltrans0.ltrans.o
 .text.EE_PageTransfer
                0x000000000800474c      0x1b8 /tmp/ccPlV7Bl.ltrans0.ltrans.o
 .text.FLASH_Unlock
                0x0000000008004904       0x2c /tmp/ccPlV7Bl.ltrans0.ltrans.o
 .text.FLASH_Lock
                0x0000000008004930       0x18 /tmp/ccPlV7Bl.ltrans0.ltrans.o
 .text.FLASH_ErasePage
                0x0000000008004948       0x78 /tmp/ccPlV7Bl.ltrans0.ltrans.o
 .text.FLASH_ProgramHalfWord
                0x00000000080049c0       0x74 /tmp/ccPlV7Bl.ltrans0.ltrans.o
 .text.FLASH_GetStatus
                0x0000000008004a34       0x5c /tmp/ccPlV7Bl.ltrans0.ltrans.o
 .text.FLASH_WaitForLastOperation
                0x0000000008004a90       0x5a /tmp/ccPlV7Bl.ltrans0.ltrans.o
 .text._GLOBAL__D_65535_1__cxx.o.6088
                0x0000000008004aea       0x14 /tmp/ccPlV7Bl.ltrans0.ltrans.o
 .text._GLOBAL__I_65535_0__cxx.o.6083
                0x0000000008004afe       0x18 /tmp/ccPlV7Bl.ltrans0.ltrans.o
 .text._ZdlPvj  0x0000000008004b16        0x8 /home/opt/arm-toolchains/gcc-arm-none-eabi-8-2019-q3-update/bin/../lib/gcc/arm-none-eabi/8.3.1/../../../../arm-none-eabi/lib/thumb/v6-m/nofp/libstdc++_nano.a(del_ops.o)
                0x0000000008004b16                operator delete(void*, unsigned int)
 .text._ZdlPv   0x0000000008004b1e        0x8 /home/opt/arm-toolchains/gcc-arm-none-eabi-8-2019-q3-update/bin/../lib/gcc/arm-none-eabi/8.3.1/../../../../arm-none-eabi/lib/thumb/v6-m/nofp/libstdc++_nano.a(del_op.o)
                0x0000000008004b1e                operator delete(void*)
 .text.__itoa   0x0000000008004b26       0x30 /home/opt/arm-toolchains/gcc-arm-none-eabi-8-2019-q3-update/bin/../lib/gcc/arm-none-eabi/8.3.1/../../../../arm-none-eabi/lib/thumb/v6-m/nofp/libg_nano.a(lib_a-itoa.o)
                0x0000000008004b26                __itoa
 .text.itoa     0x0000000008004b56        0x8 /home/opt/arm-toolchains/gcc-arm-none-eabi-8-2019-q3-update/bin/../lib/gcc/arm-none-eabi/8.3.1/../../../../arm-none-eabi/lib/thumb/v6-m/nofp/libg_nano.a(lib_a-itoa.o)
                0x0000000008004b56                itoa
 *fill*         0x0000000008004b5e        0x2 
 .text.free     0x0000000008004b60       0x14 /home/opt/arm-toolchains/gcc-arm-none-eabi-8-2019-q3-update/bin/../lib/gcc/arm-none-eabi/8.3.1/../../../../arm-none-eabi/lib/thumb/v6-m/nofp/libg_nano.a(lib_a-malloc.o)
                0x0000000008004b60                free
 .text._free_r  0x0000000008004b74       0x94 /home/opt/arm-toolchains/gcc-arm-none-eabi-8-2019-q3-update/bin/../lib/gcc/arm-none-eabi/8.3.1/../../../../arm-none-eabi/lib/thumb/v6-m/nofp/libg_nano.a(lib_a-nano-freer.o)
                0x0000000008004b74                _free_r
 .text          0x0000000008004c08        0xe /home/opt/arm-toolchains/gcc-arm-none-eabi-8-2019-q3-update/bin/../lib/gcc/arm-none-eabi/8.3.1/../../../../arm-none-eabi/lib/thumb/v6-m/nofp/libg_nano.a(lib_a-strlen.o)
                0x0000000008004c08                strlen
 *fill*         0x0000000008004c16        0x2 
 .text.__utoa   0x0000000008004c18       0x6c /home/opt/arm-toolchains/gcc-arm-none-eabi-8-2019-q3-update/bin/../lib/gcc/arm-none-eabi/8.3.1/../../../../arm-none-eabi/lib/thumb/v6-m/nofp/libg_nano.a(lib_a-utoa.o)
                0x0000000008004c18                __utoa
 .text.memcpy   0x0000000008004c84       0x12 /home/opt/arm-toolchains/gcc-arm-none-eabi-8-2019-q3-update/bin/../lib/gcc/arm-none-eabi/8.3.1/../../../../arm-none-eabi/lib/thumb/v6-m/nofp/libg_nano.a(lib_a-memcpy-stub.o)
                0x0000000008004c84                memcpy
 *fill*         0x0000000008004c96        0x2 
 .text.__malloc_lock
                0x0000000008004c98       0x10 /home/opt/arm-toolchains/gcc-arm-none-eabi-8-2019-q3-update/bin/../lib/gcc/arm-none-eabi/8.3.1/../../../../arm-none-eabi/lib/thumb/v6-m/nofp/libg_nano.a(lib_a-mlock.o)
                0x0000000008004c98                __malloc_lock
 .text.__malloc_unlock
                0x0000000008004ca8       0x10 /home/opt/arm-toolchains/gcc-arm-none-eabi-8-2019-q3-update/bin/../lib/gcc/arm-none-eabi/8.3.1/../../../../arm-none-eabi/lib/thumb/v6-m/nofp/libg_nano.a(lib_a-mlock.o)
                0x0000000008004ca8                __malloc_unlock
 .text.__retarget_lock_acquire_recursive
                0x0000000008004cb8        0x2 /home/opt/arm-toolchains/gcc-arm-none-eabi-8-2019-q3-update/bin/../lib/gcc/arm-none-eabi/8.3.1/../../../../arm-none-eabi/lib/thumb/v6-m/nofp/libg_nano.a(lib_a-lock.o)
                0x0000000008004cb8                __retarget_lock_acquire_recursive
 .text.__retarget_lock_release_recursive
                0x0000000008004cba        0x2 /home/opt/arm-toolchains/gcc-arm-none-eabi-8-2019-q3-update/bin/../lib/gcc/arm-none-eabi/8.3.1/../../../../arm-none-eabi/lib/thumb/v6-m/nofp/libg_nano.a(lib_a-lock.o)
                0x0000000008004cba                __retarget_lock_release_recursive
 .text.memset   0x0000000008004cbc       0x10 /home/opt/arm-toolchains/gcc-arm-none-eabi-8-2019-q3-update/bin/../lib/gcc/arm-none-eabi/8.3.1/../../../../arm-none-eabi/lib/thumb/v6-m/nofp/libg_nano.a(lib_a-memset.o)
                0x0000000008004cbc                memset
 .text          0x0000000008004ccc      0x114 /home/opt/arm-toolchains/gcc-arm-none-eabi-8-2019-q3-update/bin/../lib/gcc/arm-none-eabi/8.3.1/thumb/v6-m/nofp/libgcc.a(_udivsi3.o)
                0x0000000008004ccc                __udivsi3
                0x0000000008004ccc                __aeabi_uidiv
                0x0000000008004dd8                __aeabi_uidivmod
 .text          0x0000000008004de0        0x4 /home/opt/arm-toolchains/gcc-arm-none-eabi-8-2019-q3-update/bin/../lib/gcc/arm-none-eabi/8.3.1/thumb/v6-m/nofp/libgcc.a(_dvmd_tls.o)
                0x0000000008004de0                __aeabi_ldiv0
                0x0000000008004de0                __aeabi_idiv0
 *(.rodata .rodata.* .constdata .constdata.*)
 .rodata._ZZ18__cxa_pure_virtualE8__func__
                0x0000000008004de4       0x13 /tmp/ccPlV7Bl.ltrans0.ltrans.o
 *fill*         0x0000000008004df7        0x1 
 .rodata.abort.str1.4
                0x0000000008004df8       0x14 /tmp/ccPlV7Bl.ltrans0.ltrans.o
 .rodata.__assert_func.str1.4
                0x0000000008004e0c       0x3f /tmp/ccPlV7Bl.ltrans0.ltrans.o
                                         0x43 (size before relaxing)
 *fill*         0x0000000008004e4b        0x1 
 .rodata._ZN8Keyboard8keyToIntENS_3KeyE
                0x0000000008004e4c       0x34 /tmp/ccPlV7Bl.ltrans0.ltrans.o
 .rodata._ZN4Menu4pollEv
                0x0000000008004e80       0x24 /tmp/ccPlV7Bl.ltrans0.ltrans.o
 .rodata._ZN4Menu9showEkranEv.str1.4
                0x0000000008004ea4       0xa1 /tmp/ccPlV7Bl.ltrans0.ltrans.o
 *fill*         0x0000000008004f45        0x3 
 .rodata._ZN4Menu9showEkranEv
                0x0000000008004f48       0x24 /tmp/ccPlV7Bl.ltrans0.ltrans.o
 .rodata._ZTV5Praca
                0x0000000008004f6c       0x10 /tmp/ccPlV7Bl.ltrans0.ltrans.o
 .rodata._ZN4MenuC2Ev.str1.4
                0x0000000008004f7c       0x4d /tmp/ccPlV7Bl.ltrans0.ltrans.o
 *fill*         0x0000000008004fc9        0x3 
 .rodata.main.str1.4
                0x0000000008004fcc        0xc /tmp/ccPlV7Bl.ltrans0.ltrans.o
                                          0xb (size before relaxing)
 .rodata._ZTV5Knife
                0x0000000008004fd8       0x10 /tmp/ccPlV7Bl.ltrans0.ltrans.o
 .rodata._ZTVN3HMI12NumberEditorE
                0x0000000008004fe8       0x1c /tmp/ccPlV7Bl.ltrans0.ltrans.o
 .rodata._ZTVN3HMI11NumberFieldE
                0x0000000008005004       0x1c /tmp/ccPlV7Bl.ltrans0.ltrans.o
 .rodata._ZTV11FrameBuffer
                0x0000000008005020       0x20 /tmp/ccPlV7Bl.ltrans0.ltrans.o
 .rodata._ZTV17FrameBufferAccess
                0x0000000008005040       0x24 /tmp/ccPlV7Bl.ltrans0.ltrans.o
 .rodata.__utoa.str1.1
                0x0000000008005064       0x25 /home/opt/arm-toolchains/gcc-arm-none-eabi-8-2019-q3-update/bin/../lib/gcc/arm-none-eabi/8.3.1/../../../../arm-none-eabi/lib/thumb/v6-m/nofp/libg_nano.a(lib_a-utoa.o)
 *(vtable)
 *(.eh_frame*)
 *(.glue_7)
 .glue_7        0x0000000008005089        0x0 linker stubs
 *(.glue_7t)
 .glue_7t       0x0000000008005089        0x0 linker stubs

.vfp11_veneer   0x000000000800508c        0x0
 .vfp11_veneer  0x000000000800508c        0x0 linker stubs

.v4_bx          0x000000000800508c        0x0
 .v4_bx         0x000000000800508c        0x0 linker stubs

.iplt           0x000000000800508c        0x0
 .iplt          0x000000000800508c        0x0 /home/opt/arm-toolchains/gcc-arm-none-eabi-8-2019-q3-update/bin/../lib/gcc/arm-none-eabi/8.3.1/../../../../arm-none-eabi/lib/thumb/v6-m/nofp/libstdc++_nano.a(del_ops.o)

.rel.dyn        0x000000000800508c        0x0
 .rel.iplt      0x000000000800508c        0x0 /home/opt/arm-toolchains/gcc-arm-none-eabi-8-2019-q3-update/bin/../lib/gcc/arm-none-eabi/8.3.1/../../../../arm-none-eabi/lib/thumb/v6-m/nofp/libstdc++_nano.a(del_ops.o)

.ARM.extab
 *(.ARM.extab* .gnu.linkonce.armextab.*)
                0x000000000800508c                . = ALIGN (0x4)
                0x000000000800508c                __exidx_start = .

.ARM.exidx
 *(.ARM.exidx* .gnu.linkonce.armexidx.*)
                0x000000000800508c                __exidx_end = .
                0x000000000800508c                . = ALIGN (0x4)
                0x000000000800508c                _etext = .
                0x000000000800508c                __etext = .

.data_CCMRAM    0x0000000000000000        0x0 load address 0x000000000800508c
 FILL mask 0xff
 *(.data.CCMRAM .data.CCMRAM.*)
                0x0000000000000000                . = ALIGN (0x4)
                0x000000000800508c                _sidata = LOADADDR (.data)

.data           0x0000000020000000       0x9c load address 0x000000000800508c
 FILL mask 0xff
                0x0000000020000000                _sdata = .
                0x0000000020000000                __data_start__ = .
 *(.data_begin .data_begin.*)
 .data_begin    0x0000000020000000        0x4 /tmp/ccPlV7Bl.ltrans0.ltrans.o
 *(.data .data.*)
 .data.argv.4375
                0x0000000020000004        0x8 /tmp/ccPlV7Bl.ltrans0.ltrans.o
 .data.SystemCoreClock
                0x000000002000000c        0x4 /tmp/ccPlV7Bl.ltrans0.ltrans.o
 .data.AHBPrescTable
                0x0000000020000010       0x10 /tmp/ccPlV7Bl.ltrans0.ltrans.o
 .data.pins     0x0000000020000020        0x4 /tmp/ccPlV7Bl.ltrans0.ltrans.o
 .data.keys     0x0000000020000024        0x4 /tmp/ccPlV7Bl.ltrans0.ltrans.o
 .data.krokowy  0x0000000020000028        0x4 /tmp/ccPlV7Bl.ltrans0.ltrans.o
 .data.knife    0x000000002000002c        0x4 /tmp/ccPlV7Bl.ltrans0.ltrans.o
 .data._ZN9QuickTask6holdedE
                0x0000000020000030        0x1 /tmp/ccPlV7Bl.ltrans0.ltrans.o
 *fill*         0x0000000020000031        0x3 ff
 .data._impure_ptr
                0x0000000020000034        0x4 /home/opt/arm-toolchains/gcc-arm-none-eabi-8-2019-q3-update/bin/../lib/gcc/arm-none-eabi/8.3.1/../../../../arm-none-eabi/lib/thumb/v6-m/nofp/libg_nano.a(lib_a-impure.o)
                0x0000000020000034                _impure_ptr
 .data.impure_data
                0x0000000020000038       0x60 /home/opt/arm-toolchains/gcc-arm-none-eabi-8-2019-q3-update/bin/../lib/gcc/arm-none-eabi/8.3.1/../../../../arm-none-eabi/lib/thumb/v6-m/nofp/libg_nano.a(lib_a-impure.o)
 *(.data_end .data_end.*)
 .data_end      0x0000000020000098        0x4 /tmp/ccPlV7Bl.ltrans0.ltrans.o
                0x000000002000009c                . = ALIGN (0x4)
                0x000000002000009c                _edata = .
                0x000000002000009c                __data_end__ = .

.igot.plt       0x000000002000009c        0x0 load address 0x0000000008005128
 .igot.plt      0x000000002000009c        0x0 /home/opt/arm-toolchains/gcc-arm-none-eabi-8-2019-q3-update/bin/../lib/gcc/arm-none-eabi/8.3.1/../../../../arm-none-eabi/lib/thumb/v6-m/nofp/libstdc++_nano.a(del_ops.o)

.bss_CCMRAM     0x0000000000000000        0x0
 *(.bss.CCMRAM .bss.CCMRAM.*)

.bss            0x000000002000009c      0x344
                0x000000002000009c                __bss_start__ = .
                0x000000002000009c                _sbss = .
 *(.bss_begin .bss_begin.*)
 .bss_begin     0x000000002000009c        0x4 /tmp/ccPlV7Bl.ltrans0.ltrans.o
 *(.bss .bss.*)
 .bss.name.4374
                0x00000000200000a0        0x1 /tmp/ccPlV7Bl.ltrans0.ltrans.o
 *fill*         0x00000000200000a1        0x3 
 .bss.krokowyTask
                0x00000000200000a4       0x14 /tmp/ccPlV7Bl.ltrans0.ltrans.o
 .bss.praca     0x00000000200000b8       0x14 /tmp/ccPlV7Bl.ltrans0.ltrans.o
 .bss.taskPraca
                0x00000000200000cc       0x14 /tmp/ccPlV7Bl.ltrans0.ltrans.o
 .bss.pinout    0x00000000200000e0       0xd8 /tmp/ccPlV7Bl.ltrans0.ltrans.o
 .bss.keyboard  0x00000000200001b8       0x34 /tmp/ccPlV7Bl.ltrans0.ltrans.o
 .bss.hd44780   0x00000000200001ec        0x4 /tmp/ccPlV7Bl.ltrans0.ltrans.o
 .bss.lcd       0x00000000200001f0        0x4 /tmp/ccPlV7Bl.ltrans0.ltrans.o
 .bss.krok      0x00000000200001f4       0x28 /tmp/ccPlV7Bl.ltrans0.ltrans.o
 .bss.noz       0x000000002000021c       0x14 /tmp/ccPlV7Bl.ltrans0.ltrans.o
 .bss.gpioP8    0x0000000020000230       0x20 /tmp/ccPlV7Bl.ltrans0.ltrans.o
 .bss.keybTask  0x0000000020000250       0x14 /tmp/ccPlV7Bl.ltrans0.ltrans.o
 .bss.menu      0x0000000020000264       0x58 /tmp/ccPlV7Bl.ltrans0.ltrans.o
 .bss.menuTask  0x00000000200002bc       0x14 /tmp/ccPlV7Bl.ltrans0.ltrans.o
 .bss.knifeTask
                0x00000000200002d0       0x14 /tmp/ccPlV7Bl.ltrans0.ltrans.o
 .bss._ZN3HMI12NumberEditor12staticBufferE
                0x00000000200002e4        0xc /tmp/ccPlV7Bl.ltrans0.ltrans.o
 .bss.taskbase  0x00000000200002f0        0x4 /tmp/ccPlV7Bl.ltrans0.ltrans.o
 .bss._ZN9QuickTask12milisCounterE
                0x00000000200002f4        0x4 /tmp/ccPlV7Bl.ltrans0.ltrans.o
 .bss.VirtAddVarTab
                0x00000000200002f8       0x14 /tmp/ccPlV7Bl.ltrans0.ltrans.o
 .bss.Vars      0x000000002000030c       0x14 /tmp/ccPlV7Bl.ltrans0.ltrans.o
 .bss.instance  0x0000000020000320       0x20 /tmp/ccPlV7Bl.ltrans0.ltrans.o
 .bss.hd44780Task
                0x0000000020000340       0x14 /tmp/ccPlV7Bl.ltrans0.ltrans.o
 .bss.dataTab1  0x0000000020000354       0x21 /tmp/ccPlV7Bl.ltrans0.ltrans.o
 *fill*         0x0000000020000375        0x3 
 .bss.frame_bufferAccess
                0x0000000020000378       0x1c /tmp/ccPlV7Bl.ltrans0.ltrans.o
 .bss.dataTab2  0x0000000020000394       0x21 /tmp/ccPlV7Bl.ltrans0.ltrans.o
 *fill*         0x00000000200003b5        0x3 
 .bss.dataFifo  0x00000000200003b8       0x10 /tmp/ccPlV7Bl.ltrans0.ltrans.o
 .bss.DataVar   0x00000000200003c8        0x2 /tmp/ccPlV7Bl.ltrans0.ltrans.o
 *fill*         0x00000000200003ca        0x2 
 .bss.__malloc_free_list
                0x00000000200003cc        0x4 /home/opt/arm-toolchains/gcc-arm-none-eabi-8-2019-q3-update/bin/../lib/gcc/arm-none-eabi/8.3.1/../../../../arm-none-eabi/lib/thumb/v6-m/nofp/libg_nano.a(lib_a-nano-mallocr.o)
                0x00000000200003cc                __malloc_free_list
 *(COMMON)
 COMMON         0x00000000200003d0        0x9 /home/opt/arm-toolchains/gcc-arm-none-eabi-8-2019-q3-update/bin/../lib/gcc/arm-none-eabi/8.3.1/../../../../arm-none-eabi/lib/thumb/v6-m/nofp/libg_nano.a(lib_a-lock.o)
                0x00000000200003d0                __lock___atexit_recursive_mutex
                0x00000000200003d1                __lock___arc4random_mutex
                0x00000000200003d2                __lock___env_recursive_mutex
                0x00000000200003d3                __lock___sinit_recursive_mutex
                0x00000000200003d4                __lock___malloc_recursive_mutex
                0x00000000200003d5                __lock___at_quick_exit_mutex
                0x00000000200003d6                __lock___dd_hash_mutex
                0x00000000200003d7                __lock___tz_mutex
                0x00000000200003d8                __lock___sfp_recursive_mutex
 *(.bss_end .bss_end.*)
 *fill*         0x00000000200003d9        0x3 
 .bss_end       0x00000000200003dc        0x4 /tmp/ccPlV7Bl.ltrans0.ltrans.o
                0x00000000200003e0                . = ALIGN (0x4)
                0x00000000200003e0                __bss_end__ = .
                0x00000000200003e0                _ebss = .

.noinit_CCMRAM
 *(.noinit.CCMRAM .noinit.CCMRAM.*)

.noinit         0x00000000200003e0        0x0
                0x00000000200003e0                _noinit = .
 *(.noinit .noinit.*)
                0x00000000200003e0                . = ALIGN (0x4)
                0x00000000200003e0                _end_noinit = .
                [!provide]                        PROVIDE (end = _end_noinit)
                [!provide]                        PROVIDE (_end = _end_noinit)
                [!provide]                        PROVIDE (__end = _end_noinit)
                [!provide]                        PROVIDE (__end__ = _end_noinit)

._check_stack   0x00000000200003e0      0x100
                0x00000000200004e0                . = (. + _Minimum_Stack_Size)
 *fill*         0x00000000200003e0      0x100 

.b1text
 *(.b1text)
 *(.b1rodata)
 *(.b1rodata.*)

.eb0text
 *(.eb0text)
 *(.eb0rodata)
 *(.eb0rodata.*)

.eb1text
 *(.eb1text)
 *(.eb1rodata)
 *(.eb1rodata.*)

.eb2text
 *(.eb2text)
 *(.eb2rodata)
 *(.eb2rodata.*)

.eb3text
 *(.eb3text)
 *(.eb3rodata)
 *(.eb3rodata.*)

.stab
 *(.stab)

.stabstr
 *(.stabstr)

.stab.excl
 *(.stab.excl)

.stab.exclstr
 *(.stab.exclstr)

.stab.index
 *(.stab.index)

.stab.indexstr
 *(.stab.indexstr)

.comment        0x0000000000000000       0x76
 *(.comment)
 .comment       0x0000000000000000       0x76 /tmp/ccPlV7Bl.ltrans0.ltrans.o
                                         0x77 (size before relaxing)

.ARM.attributes
                0x0000000000000000       0x2a
 .ARM.attributes
                0x0000000000000000       0x2a /tmp/ccPlV7Bl.ltrans0.ltrans.o
 .ARM.attributes
                0x000000000000002a       0x2c /home/opt/arm-toolchains/gcc-arm-none-eabi-8-2019-q3-update/bin/../lib/gcc/arm-none-eabi/8.3.1/../../../../arm-none-eabi/lib/thumb/v6-m/nofp/libstdc++_nano.a(del_ops.o)
 .ARM.attributes
                0x0000000000000056       0x2c /home/opt/arm-toolchains/gcc-arm-none-eabi-8-2019-q3-update/bin/../lib/gcc/arm-none-eabi/8.3.1/../../../../arm-none-eabi/lib/thumb/v6-m/nofp/libstdc++_nano.a(del_op.o)
 .ARM.attributes
                0x0000000000000082       0x2c /home/opt/arm-toolchains/gcc-arm-none-eabi-8-2019-q3-update/bin/../lib/gcc/arm-none-eabi/8.3.1/../../../../arm-none-eabi/lib/thumb/v6-m/nofp/libg_nano.a(lib_a-impure.o)
 .ARM.attributes
                0x00000000000000ae       0x2c /home/opt/arm-toolchains/gcc-arm-none-eabi-8-2019-q3-update/bin/../lib/gcc/arm-none-eabi/8.3.1/../../../../arm-none-eabi/lib/thumb/v6-m/nofp/libg_nano.a(lib_a-itoa.o)
 .ARM.attributes
                0x00000000000000da       0x2c /home/opt/arm-toolchains/gcc-arm-none-eabi-8-2019-q3-update/bin/../lib/gcc/arm-none-eabi/8.3.1/../../../../arm-none-eabi/lib/thumb/v6-m/nofp/libg_nano.a(lib_a-malloc.o)
 .ARM.attributes
                0x0000000000000106       0x2c /home/opt/arm-toolchains/gcc-arm-none-eabi-8-2019-q3-update/bin/../lib/gcc/arm-none-eabi/8.3.1/../../../../arm-none-eabi/lib/thumb/v6-m/nofp/libg_nano.a(lib_a-nano-freer.o)
 .ARM.attributes
                0x0000000000000132       0x2c /home/opt/arm-toolchains/gcc-arm-none-eabi-8-2019-q3-update/bin/../lib/gcc/arm-none-eabi/8.3.1/../../../../arm-none-eabi/lib/thumb/v6-m/nofp/libg_nano.a(lib_a-nano-mallocr.o)
 .ARM.attributes
                0x000000000000015e       0x1c /home/opt/arm-toolchains/gcc-arm-none-eabi-8-2019-q3-update/bin/../lib/gcc/arm-none-eabi/8.3.1/../../../../arm-none-eabi/lib/thumb/v6-m/nofp/libg_nano.a(lib_a-strlen.o)
 .ARM.attributes
                0x000000000000017a       0x2c /home/opt/arm-toolchains/gcc-arm-none-eabi-8-2019-q3-update/bin/../lib/gcc/arm-none-eabi/8.3.1/../../../../arm-none-eabi/lib/thumb/v6-m/nofp/libg_nano.a(lib_a-utoa.o)
 .ARM.attributes
                0x00000000000001a6       0x2c /home/opt/arm-toolchains/gcc-arm-none-eabi-8-2019-q3-update/bin/../lib/gcc/arm-none-eabi/8.3.1/../../../../arm-none-eabi/lib/thumb/v6-m/nofp/libg_nano.a(lib_a-memcpy-stub.o)
 .ARM.attributes
                0x00000000000001d2       0x2c /home/opt/arm-toolchains/gcc-arm-none-eabi-8-2019-q3-update/bin/../lib/gcc/arm-none-eabi/8.3.1/../../../../arm-none-eabi/lib/thumb/v6-m/nofp/libg_nano.a(lib_a-mlock.o)
 .ARM.attributes
                0x00000000000001fe       0x2c /home/opt/arm-toolchains/gcc-arm-none-eabi-8-2019-q3-update/bin/../lib/gcc/arm-none-eabi/8.3.1/../../../../arm-none-eabi/lib/thumb/v6-m/nofp/libg_nano.a(lib_a-lock.o)
 .ARM.attributes
                0x000000000000022a       0x2c /home/opt/arm-toolchains/gcc-arm-none-eabi-8-2019-q3-update/bin/../lib/gcc/arm-none-eabi/8.3.1/../../../../arm-none-eabi/lib/thumb/v6-m/nofp/libg_nano.a(lib_a-memset.o)
 .ARM.attributes
                0x0000000000000256       0x1e /home/opt/arm-toolchains/gcc-arm-none-eabi-8-2019-q3-update/bin/../lib/gcc/arm-none-eabi/8.3.1/thumb/v6-m/nofp/libgcc.a(_udivsi3.o)
 .ARM.attributes
                0x0000000000000274       0x1e /home/opt/arm-toolchains/gcc-arm-none-eabi-8-2019-q3-update/bin/../lib/gcc/arm-none-eabi/8.3.1/thumb/v6-m/nofp/libgcc.a(_dvmd_tls.o)

.debug
 *(.debug)

.line
 *(.line)

.debug_srcinfo
 *(.debug_srcinfo)

.debug_sfnames
 *(.debug_sfnames)

.debug_aranges  0x0000000000000000      0x928
 *(.debug_aranges)
 .debug_aranges
                0x0000000000000000      0x928 /tmp/ccPlV7Bl.ltrans0.ltrans.o

.debug_pubnames
 *(.debug_pubnames)

.debug_info     0x0000000000000000    0x24fd5
 *(.debug_info .gnu.linkonce.wi.*)
 .debug_info    0x0000000000000000    0x21e1e /tmp/ccScfPaNdebugobj
                0x0000000000000000                g_cxx.cpp.2765497b
                0x0000000000001057                g_exit.c.801bd576
                0x00000000000019fa                g_sbrk.c.8c5c7574
                0x000000000000238d                g_startup.c.b3cbb6ce
                0x00000000000025cc                g_syscalls.c.3ece47e2
                0x000000000000300f                assert.c.7365c628
                0x0000000000003a14                Trace.c.d4fcfe93
                0x0000000000003a35                trace_impl.c.9ff815f0
                0x0000000000003a56                g_initialize_hardware.c.be797707
                0x0000000000003af2                g_reset_hardware.c.d10696b9
                0x0000000000003c4a                exception_handlers.c.f378b47e
                0x000000000000469a                system_stm32f0xx.c.693c94a1
                0x0000000000004966                vectors_stm32f0xx.c.0ddc8e7a
                0x0000000000004a1c                Hardware.cpp.33889088
                0x0000000000005490                Krokowy.cpp.7145e9ee
                0x0000000000008a12                Menu.cpp.aa942c8f
                0x000000000000ca95                Praca.cpp.a7ec670c
                0x0000000000010028                View.cpp.0e33f782
                0x0000000000011608                g_write.c.00bec38f
                0x0000000000011629                main.cpp.fbabceef
                0x00000000000160c8                Fifo.cpp.cd103a85
                0x000000000001695e                FrameBuffer.cpp.8aa954d5
                0x0000000000018d17                NumberEditor.cpp.41a7d207
                0x000000000001a99a                NumberField.cpp.c7c43236
                0x000000000001bb67                QuickTask.cpp.0b7de6ce
                0x000000000001bff3                VEprom.cpp.d8bf1111
                0x000000000001c380                myUtils.c.e923ed30
                0x000000000001c602                FrameBufferAccess.cpp.0def465b
                0x000000000001dbd0                HD44780.cpp.94cf7b75
                0x0000000000021337                eeprom.c.b70126aa
                0x0000000000021686                stm32f0xx_flash.c.c1d47ba5
 .debug_info    0x0000000000021e1e     0x31b7 /tmp/ccPlV7Bl.ltrans0.ltrans.o

.debug_abbrev   0x0000000000000000     0x584a
 *(.debug_abbrev)
 .debug_abbrev  0x0000000000000000     0x56a9 /tmp/ccScfPaNdebugobj
 .debug_abbrev  0x00000000000056a9      0x1a1 /tmp/ccPlV7Bl.ltrans0.ltrans.o

.debug_line     0x0000000000000000     0xa5b8
 *(.debug_line)
 .debug_line    0x0000000000000000     0x6f22 /tmp/ccScfPaNdebugobj
 .debug_line    0x0000000000006f22     0x3696 /tmp/ccPlV7Bl.ltrans0.ltrans.o

.debug_frame    0x0000000000000000     0x270c
 *(.debug_frame)
 .debug_frame   0x0000000000000000     0x2440 /tmp/ccPlV7Bl.ltrans0.ltrans.o
 .debug_frame   0x0000000000002440       0x28 /home/opt/arm-toolchains/gcc-arm-none-eabi-8-2019-q3-update/bin/../lib/gcc/arm-none-eabi/8.3.1/../../../../arm-none-eabi/lib/thumb/v6-m/nofp/libstdc++_nano.a(del_ops.o)
 .debug_frame   0x0000000000002468       0x28 /home/opt/arm-toolchains/gcc-arm-none-eabi-8-2019-q3-update/bin/../lib/gcc/arm-none-eabi/8.3.1/../../../../arm-none-eabi/lib/thumb/v6-m/nofp/libstdc++_nano.a(del_op.o)
 .debug_frame   0x0000000000002490       0x40 /home/opt/arm-toolchains/gcc-arm-none-eabi-8-2019-q3-update/bin/../lib/gcc/arm-none-eabi/8.3.1/../../../../arm-none-eabi/lib/thumb/v6-m/nofp/libg_nano.a(lib_a-itoa.o)
 .debug_frame   0x00000000000024d0       0x40 /home/opt/arm-toolchains/gcc-arm-none-eabi-8-2019-q3-update/bin/../lib/gcc/arm-none-eabi/8.3.1/../../../../arm-none-eabi/lib/thumb/v6-m/nofp/libg_nano.a(lib_a-malloc.o)
 .debug_frame   0x0000000000002510       0x2c /home/opt/arm-toolchains/gcc-arm-none-eabi-8-2019-q3-update/bin/../lib/gcc/arm-none-eabi/8.3.1/../../../../arm-none-eabi/lib/thumb/v6-m/nofp/libg_nano.a(lib_a-nano-freer.o)
 .debug_frame   0x000000000000253c       0x30 /home/opt/arm-toolchains/gcc-arm-none-eabi-8-2019-q3-update/bin/../lib/gcc/arm-none-eabi/8.3.1/../../../../arm-none-eabi/lib/thumb/v6-m/nofp/libg_nano.a(lib_a-nano-mallocr.o)
 .debug_frame   0x000000000000256c       0x48 /home/opt/arm-toolchains/gcc-arm-none-eabi-8-2019-q3-update/bin/../lib/gcc/arm-none-eabi/8.3.1/../../../../arm-none-eabi/lib/thumb/v6-m/nofp/libg_nano.a(lib_a-utoa.o)
 .debug_frame   0x00000000000025b4       0x28 /home/opt/arm-toolchains/gcc-arm-none-eabi-8-2019-q3-update/bin/../lib/gcc/arm-none-eabi/8.3.1/../../../../arm-none-eabi/lib/thumb/v6-m/nofp/libg_nano.a(lib_a-memcpy-stub.o)
 .debug_frame   0x00000000000025dc       0x40 /home/opt/arm-toolchains/gcc-arm-none-eabi-8-2019-q3-update/bin/../lib/gcc/arm-none-eabi/8.3.1/../../../../arm-none-eabi/lib/thumb/v6-m/nofp/libg_nano.a(lib_a-mlock.o)
 .debug_frame   0x000000000000261c       0xb0 /home/opt/arm-toolchains/gcc-arm-none-eabi-8-2019-q3-update/bin/../lib/gcc/arm-none-eabi/8.3.1/../../../../arm-none-eabi/lib/thumb/v6-m/nofp/libg_nano.a(lib_a-lock.o)
 .debug_frame   0x00000000000026cc       0x20 /home/opt/arm-toolchains/gcc-arm-none-eabi-8-2019-q3-update/bin/../lib/gcc/arm-none-eabi/8.3.1/../../../../arm-none-eabi/lib/thumb/v6-m/nofp/libg_nano.a(lib_a-memset.o)
 .debug_frame   0x00000000000026ec       0x20 /home/opt/arm-toolchains/gcc-arm-none-eabi-8-2019-q3-update/bin/../lib/gcc/arm-none-eabi/8.3.1/thumb/v6-m/nofp/libgcc.a(_udivsi3.o)

.debug_str      0x0000000000000000    0x36d32
 *(.debug_str)
 .debug_str     0x0000000000000000    0x36bf2 /tmp/ccScfPaNdebugobj
                                     0x3439b6 (size before relaxing)
 .debug_str     0x0000000000036bf2      0x140 /tmp/ccPlV7Bl.ltrans0.ltrans.o
                                        0x172 (size before relaxing)

.debug_loc
 *(.debug_loc)

.debug_macinfo
 *(.debug_macinfo)

.debug_weaknames
 *(.debug_weaknames)

.debug_funcnames
 *(.debug_funcnames)

.debug_typenames
 *(.debug_typenames)

.debug_varnames
 *(.debug_varnames)
OUTPUT(gilot2019.elf elf32-littlearm)

.debug_macro    0x0000000000000000     0xf62f
 .debug_macro   0x0000000000000000     0x2e8b /tmp/ccScfPaNdebugobj
 .debug_macro   0x0000000000002e8b      0xb44 /tmp/ccScfPaNdebugobj
 .debug_macro   0x00000000000039cf      0x16f /tmp/ccScfPaNdebugobj
 .debug_macro   0x0000000000003b3e       0x10 /tmp/ccScfPaNdebugobj
 .debug_macro   0x0000000000003b4e      0x3ed /tmp/ccScfPaNdebugobj
 .debug_macro   0x0000000000003f3b       0x10 /tmp/ccScfPaNdebugobj
 .debug_macro   0x0000000000003f4b       0x18 /tmp/ccScfPaNdebugobj
 .debug_macro   0x0000000000003f63       0x22 /tmp/ccScfPaNdebugobj
 .debug_macro   0x0000000000003f85       0x58 /tmp/ccScfPaNdebugobj
 .debug_macro   0x0000000000003fdd       0x94 /tmp/ccScfPaNdebugobj
 .debug_macro   0x0000000000004071       0x35 /tmp/ccScfPaNdebugobj
 .debug_macro   0x00000000000040a6       0x34 /tmp/ccScfPaNdebugobj
 .debug_macro   0x00000000000040da       0x16 /tmp/ccScfPaNdebugobj
 .debug_macro   0x00000000000040f0      0x10e /tmp/ccScfPaNdebugobj
 .debug_macro   0x00000000000041fe       0x94 /tmp/ccScfPaNdebugobj
 .debug_macro   0x0000000000004292       0x16 /tmp/ccScfPaNdebugobj
 .debug_macro   0x00000000000042a8       0x43 /tmp/ccScfPaNdebugobj
 .debug_macro   0x00000000000042eb       0x57 /tmp/ccScfPaNdebugobj
 .debug_macro   0x0000000000004342       0x34 /tmp/ccScfPaNdebugobj
 .debug_macro   0x0000000000004376       0x10 /tmp/ccScfPaNdebugobj
 .debug_macro   0x0000000000004386       0x58 /tmp/ccScfPaNdebugobj
 .debug_macro   0x00000000000043de      0x182 /tmp/ccScfPaNdebugobj
 .debug_macro   0x0000000000004560      0x35c /tmp/ccScfPaNdebugobj
 .debug_macro   0x00000000000048bc       0x16 /tmp/ccScfPaNdebugobj
 .debug_macro   0x00000000000048d2       0x29 /tmp/ccScfPaNdebugobj
 .debug_macro   0x00000000000048fb       0x1c /tmp/ccScfPaNdebugobj
 .debug_macro   0x0000000000004917       0xde /tmp/ccScfPaNdebugobj
 .debug_macro   0x00000000000049f5       0x10 /tmp/ccScfPaNdebugobj
 .debug_macro   0x0000000000004a05       0x6a /tmp/ccScfPaNdebugobj
 .debug_macro   0x0000000000004a6f       0x1c /tmp/ccScfPaNdebugobj
 .debug_macro   0x0000000000004a8b       0x52 /tmp/ccScfPaNdebugobj
 .debug_macro   0x0000000000004add       0x40 /tmp/ccScfPaNdebugobj
 .debug_macro   0x0000000000004b1d       0x10 /tmp/ccScfPaNdebugobj
 .debug_macro   0x0000000000004b2d       0x40 /tmp/ccScfPaNdebugobj
 .debug_macro   0x0000000000004b6d       0xd5 /tmp/ccScfPaNdebugobj
 .debug_macro   0x0000000000004c42       0x1c /tmp/ccScfPaNdebugobj
 .debug_macro   0x0000000000004c5e       0x3d /tmp/ccScfPaNdebugobj
 .debug_macro   0x0000000000004c9b       0x16 /tmp/ccScfPaNdebugobj
 .debug_macro   0x0000000000004cb1       0x35 /tmp/ccScfPaNdebugobj
 .debug_macro   0x0000000000004ce6      0x51a /tmp/ccScfPaNdebugobj
 .debug_macro   0x0000000000005200      0xa72 /tmp/ccScfPaNdebugobj
 .debug_macro   0x0000000000005c72       0x34 /tmp/ccScfPaNdebugobj
 .debug_macro   0x0000000000005ca6      0x10e /tmp/ccScfPaNdebugobj
 .debug_macro   0x0000000000005db4       0x8d /tmp/ccScfPaNdebugobj
 .debug_macro   0x0000000000005e41       0x43 /tmp/ccScfPaNdebugobj
 .debug_macro   0x0000000000005e84      0x339 /tmp/ccScfPaNdebugobj
 .debug_macro   0x00000000000061bd       0x35 /tmp/ccScfPaNdebugobj
 .debug_macro   0x00000000000061f2      0x174 /tmp/ccScfPaNdebugobj
 .debug_macro   0x0000000000006366       0x10 /tmp/ccScfPaNdebugobj
 .debug_macro   0x0000000000006376      0x23b /tmp/ccScfPaNdebugobj
 .debug_macro   0x00000000000065b1      0x34e /tmp/ccScfPaNdebugobj
 .debug_macro   0x00000000000068ff       0x1c /tmp/ccScfPaNdebugobj
 .debug_macro   0x000000000000691b       0x10 /tmp/ccScfPaNdebugobj
 .debug_macro   0x000000000000692b       0x10 /tmp/ccScfPaNdebugobj
 .debug_macro   0x000000000000693b       0x10 /tmp/ccScfPaNdebugobj
 .debug_macro   0x000000000000694b       0x35 /tmp/ccScfPaNdebugobj
 .debug_macro   0x0000000000006980      0x122 /tmp/ccScfPaNdebugobj
 .debug_macro   0x0000000000006aa2       0x88 /tmp/ccScfPaNdebugobj
 .debug_macro   0x0000000000006b2a       0x7c /tmp/ccScfPaNdebugobj
 .debug_macro   0x0000000000006ba6       0x17 /tmp/ccScfPaNdebugobj
 .debug_macro   0x0000000000006bbd      0x118 /tmp/ccScfPaNdebugobj
 .debug_macro   0x0000000000006cd5      0x189 /tmp/ccScfPaNdebugobj
 .debug_macro   0x0000000000006e5e       0x16 /tmp/ccScfPaNdebugobj
 .debug_macro   0x0000000000006e74       0x1c /tmp/ccScfPaNdebugobj
 .debug_macro   0x0000000000006e90       0x7a /tmp/ccScfPaNdebugobj
 .debug_macro   0x0000000000006f0a       0x35 /tmp/ccScfPaNdebugobj
 .debug_macro   0x0000000000006f3f       0x26 /tmp/ccScfPaNdebugobj
 .debug_macro   0x0000000000006f65      0x30d /tmp/ccScfPaNdebugobj
 .debug_macro   0x0000000000007272     0x631c /tmp/ccScfPaNdebugobj
 .debug_macro   0x000000000000d58e       0x3b /tmp/ccScfPaNdebugobj
 .debug_macro   0x000000000000d5c9       0x22 /tmp/ccScfPaNdebugobj
 .debug_macro   0x000000000000d5eb       0x10 /tmp/ccScfPaNdebugobj
 .debug_macro   0x000000000000d5fb       0xcf /tmp/ccScfPaNdebugobj
 .debug_macro   0x000000000000d6ca       0x20 /tmp/ccScfPaNdebugobj
 .debug_macro   0x000000000000d6ea       0xbe /tmp/ccScfPaNdebugobj
 .debug_macro   0x000000000000d7a8       0x10 /tmp/ccScfPaNdebugobj
 .debug_macro   0x000000000000d7b8      0x30d /tmp/ccScfPaNdebugobj
 .debug_macro   0x000000000000dac5      0x103 /tmp/ccScfPaNdebugobj
 .debug_macro   0x000000000000dbc8       0x3a /tmp/ccScfPaNdebugobj
 .debug_macro   0x000000000000dc02       0x82 /tmp/ccScfPaNdebugobj
 .debug_macro   0x000000000000dc84      0x3e5 /tmp/ccScfPaNdebugobj
 .debug_macro   0x000000000000e069       0x46 /tmp/ccScfPaNdebugobj
 .debug_macro   0x000000000000e0af       0x1c /tmp/ccScfPaNdebugobj
 .debug_macro   0x000000000000e0cb       0x97 /tmp/ccScfPaNdebugobj
 .debug_macro   0x000000000000e162       0x10 /tmp/ccScfPaNdebugobj
 .debug_macro   0x000000000000e172       0x16 /tmp/ccScfPaNdebugobj
 .debug_macro   0x000000000000e188      0x137 /tmp/ccScfPaNdebugobj
 .debug_macro   0x000000000000e2bf       0x16 /tmp/ccScfPaNdebugobj
 .debug_macro   0x000000000000e2d5       0x16 /tmp/ccScfPaNdebugobj
 .debug_macro   0x000000000000e2eb      0x23d /tmp/ccScfPaNdebugobj
 .debug_macro   0x000000000000e528       0x64 /tmp/ccScfPaNdebugobj
 .debug_macro   0x000000000000e58c       0x16 /tmp/ccScfPaNdebugobj
 .debug_macro   0x000000000000e5a2       0x8e /tmp/ccScfPaNdebugobj
 .debug_macro   0x000000000000e630      0x10b /tmp/ccScfPaNdebugobj
 .debug_macro   0x000000000000e73b       0x1c /tmp/ccScfPaNdebugobj
 .debug_macro   0x000000000000e757       0x52 /tmp/ccScfPaNdebugobj
 .debug_macro   0x000000000000e7a9       0x9e /tmp/ccScfPaNdebugobj
 .debug_macro   0x000000000000e847       0xc5 /tmp/ccScfPaNdebugobj
 .debug_macro   0x000000000000e90c       0x16 /tmp/ccScfPaNdebugobj
 .debug_macro   0x000000000000e922      0x122 /tmp/ccScfPaNdebugobj
 .debug_macro   0x000000000000ea44      0x432 /tmp/ccScfPaNdebugobj
 .debug_macro   0x000000000000ee76      0x17b /tmp/ccScfPaNdebugobj
 .debug_macro   0x000000000000eff1      0x3e5 /tmp/ccScfPaNdebugobj
 .debug_macro   0x000000000000f3d6       0x22 /tmp/ccScfPaNdebugobj
 .debug_macro   0x000000000000f3f8      0x237 /tmp/ccScfPaNdebugobj

.debug_ranges   0x0000000000000000      0x930
 .debug_ranges  0x0000000000000000      0x930 /tmp/ccPlV7Bl.ltrans0.ltrans.o
