Archive member included to satisfy reference by file (symbol)

/home/opt/arm-toolchains/gcc-arm-none-eabi-8-2019-q3-update/bin/../lib/gcc/arm-none-eabi/8.3.1/../../../../arm-none-eabi/lib/thumb/v6-m/nofp/libstdc++_nano.a(del_ops.o)
                              ./src/Praca.o (symbol from plugin) (operator delete(void*, unsigned int))
/home/opt/arm-toolchains/gcc-arm-none-eabi-8-2019-q3-update/bin/../lib/gcc/arm-none-eabi/8.3.1/../../../../arm-none-eabi/lib/thumb/v6-m/nofp/libstdc++_nano.a(del_op.o)
                              /home/opt/arm-toolchains/gcc-arm-none-eabi-8-2019-q3-update/bin/../lib/gcc/arm-none-eabi/8.3.1/../../../../arm-none-eabi/lib/thumb/v6-m/nofp/libstdc++_nano.a(del_ops.o) (operator delete(void*))
/home/opt/arm-toolchains/gcc-arm-none-eabi-8-2019-q3-update/bin/../lib/gcc/arm-none-eabi/8.3.1/../../../../arm-none-eabi/lib/thumb/v6-m/nofp/libg_nano.a(lib_a-errno.o)
                              ./system/src/newlib/_sbrk.o (symbol from plugin) (__errno)
/home/opt/arm-toolchains/gcc-arm-none-eabi-8-2019-q3-update/bin/../lib/gcc/arm-none-eabi/8.3.1/../../../../arm-none-eabi/lib/thumb/v6-m/nofp/libg_nano.a(lib_a-impure.o)
                              /home/opt/arm-toolchains/gcc-arm-none-eabi-8-2019-q3-update/bin/../lib/gcc/arm-none-eabi/8.3.1/../../../../arm-none-eabi/lib/thumb/v6-m/nofp/libg_nano.a(lib_a-errno.o) (_impure_ptr)
/home/opt/arm-toolchains/gcc-arm-none-eabi-8-2019-q3-update/bin/../lib/gcc/arm-none-eabi/8.3.1/../../../../arm-none-eabi/lib/thumb/v6-m/nofp/libg_nano.a(lib_a-itoa.o)
                              ./src/main.o (symbol from plugin) (itoa)
/home/opt/arm-toolchains/gcc-arm-none-eabi-8-2019-q3-update/bin/../lib/gcc/arm-none-eabi/8.3.1/../../../../arm-none-eabi/lib/thumb/v6-m/nofp/libg_nano.a(lib_a-malloc.o)
                              /home/opt/arm-toolchains/gcc-arm-none-eabi-8-2019-q3-update/bin/../lib/gcc/arm-none-eabi/8.3.1/../../../../arm-none-eabi/lib/thumb/v6-m/nofp/libstdc++_nano.a(del_op.o) (free)
/home/opt/arm-toolchains/gcc-arm-none-eabi-8-2019-q3-update/bin/../lib/gcc/arm-none-eabi/8.3.1/../../../../arm-none-eabi/lib/thumb/v6-m/nofp/libg_nano.a(lib_a-nano-freer.o)
                              /home/opt/arm-toolchains/gcc-arm-none-eabi-8-2019-q3-update/bin/../lib/gcc/arm-none-eabi/8.3.1/../../../../arm-none-eabi/lib/thumb/v6-m/nofp/libg_nano.a(lib_a-malloc.o) (_free_r)
/home/opt/arm-toolchains/gcc-arm-none-eabi-8-2019-q3-update/bin/../lib/gcc/arm-none-eabi/8.3.1/../../../../arm-none-eabi/lib/thumb/v6-m/nofp/libg_nano.a(lib_a-nano-mallocr.o)
                              /home/opt/arm-toolchains/gcc-arm-none-eabi-8-2019-q3-update/bin/../lib/gcc/arm-none-eabi/8.3.1/../../../../arm-none-eabi/lib/thumb/v6-m/nofp/libg_nano.a(lib_a-malloc.o) (_malloc_r)
/home/opt/arm-toolchains/gcc-arm-none-eabi-8-2019-q3-update/bin/../lib/gcc/arm-none-eabi/8.3.1/../../../../arm-none-eabi/lib/thumb/v6-m/nofp/libg_nano.a(lib_a-sbrkr.o)
                              /home/opt/arm-toolchains/gcc-arm-none-eabi-8-2019-q3-update/bin/../lib/gcc/arm-none-eabi/8.3.1/../../../../arm-none-eabi/lib/thumb/v6-m/nofp/libg_nano.a(lib_a-nano-mallocr.o) (_sbrk_r)
/home/opt/arm-toolchains/gcc-arm-none-eabi-8-2019-q3-update/bin/../lib/gcc/arm-none-eabi/8.3.1/../../../../arm-none-eabi/lib/thumb/v6-m/nofp/libg_nano.a(lib_a-strlen.o)
                              ./src/Menu.o (symbol from plugin) (strlen)
/home/opt/arm-toolchains/gcc-arm-none-eabi-8-2019-q3-update/bin/../lib/gcc/arm-none-eabi/8.3.1/../../../../arm-none-eabi/lib/thumb/v6-m/nofp/libg_nano.a(lib_a-utoa.o)
                              /home/opt/arm-toolchains/gcc-arm-none-eabi-8-2019-q3-update/bin/../lib/gcc/arm-none-eabi/8.3.1/../../../../arm-none-eabi/lib/thumb/v6-m/nofp/libg_nano.a(lib_a-itoa.o) (__utoa)
/home/opt/arm-toolchains/gcc-arm-none-eabi-8-2019-q3-update/bin/../lib/gcc/arm-none-eabi/8.3.1/../../../../arm-none-eabi/lib/thumb/v6-m/nofp/libg_nano.a(lib_a-memcpy-stub.o)
                              /home/opt/arm-toolchains/gcc-arm-none-eabi-8-2019-q3-update/bin/../lib/gcc/arm-none-eabi/8.3.1/../../../../arm-none-eabi/lib/thumb/v6-m/nofp/libg_nano.a(lib_a-utoa.o) (memcpy)
/home/opt/arm-toolchains/gcc-arm-none-eabi-8-2019-q3-update/bin/../lib/gcc/arm-none-eabi/8.3.1/../../../../arm-none-eabi/lib/thumb/v6-m/nofp/libg_nano.a(lib_a-mlock.o)
                              /home/opt/arm-toolchains/gcc-arm-none-eabi-8-2019-q3-update/bin/../lib/gcc/arm-none-eabi/8.3.1/../../../../arm-none-eabi/lib/thumb/v6-m/nofp/libg_nano.a(lib_a-nano-freer.o) (__malloc_lock)
/home/opt/arm-toolchains/gcc-arm-none-eabi-8-2019-q3-update/bin/../lib/gcc/arm-none-eabi/8.3.1/../../../../arm-none-eabi/lib/thumb/v6-m/nofp/libg_nano.a(lib_a-lock.o)
                              /home/opt/arm-toolchains/gcc-arm-none-eabi-8-2019-q3-update/bin/../lib/gcc/arm-none-eabi/8.3.1/../../../../arm-none-eabi/lib/thumb/v6-m/nofp/libg_nano.a(lib_a-mlock.o) (__retarget_lock_acquire_recursive)
[...]
Memory Configuration

Name             Origin             Length             Attributes
RAM              0x0000000020000000 0x0000000000002000 xrw
CCMRAM           0x0000000000000000 0x0000000000000000 xrw
FLASH            0x0000000008000000 0x0000000000008000 xr
FLASHB1          0x0000000000000000 0x0000000000000000 xr
EXTMEMB0         0x0000000000000000 0x0000000000000000 xr
EXTMEMB1         0x0000000000000000 0x0000000000000000 xr
EXTMEMB2         0x0000000000000000 0x0000000000000000 xr
EXTMEMB3         0x0000000000000000 0x0000000000000000 xr
MEMORY_ARRAY     0x0000000000000000 0x0000000000000000 xrw
*default*        0x0000000000000000 0xffffffffffffffff

Linker script and memory map

LOAD /tmp/ccbQEu86debugobj
LOAD /tmp/cc6cCmGK.ltrans0.ltrans.o
LOAD /home/opt/arm-toolchains/gcc-arm-none-eabi-8-2019-q3-update/bin/../lib/gcc/arm-none-eabi/8.3.1/../../../../arm-none-eabi/lib/thumb/v6-m/nofp/libstdc++_nano.a
LOAD /home/opt/arm-toolchains/gcc-arm-none-eabi-8-2019-q3-update/bin/../lib/gcc/arm-none-eabi/8.3.1/../../../../arm-none-eabi/lib/thumb/v6-m/nofp/libm.a
START GROUP
LOAD /home/opt/arm-toolchains/gcc-arm-none-eabi-8-2019-q3-update/bin/../lib/gcc/arm-none-eabi/8.3.1/thumb/v6-m/nofp/libgcc.a
LOAD /home/opt/arm-toolchains/gcc-arm-none-eabi-8-2019-q3-update/bin/../lib/gcc/arm-none-eabi/8.3.1/../../../../arm-none-eabi/lib/thumb/v6-m/nofp/libg_nano.a
LOAD /home/opt/arm-toolchains/gcc-arm-none-eabi-8-2019-q3-update/bin/../lib/gcc/arm-none-eabi/8.3.1/../../../../arm-none-eabi/lib/thumb/v6-m/nofp/libc_nano.a
END GROUP
START GROUP
LOAD /home/opt/arm-toolchains/gcc-arm-none-eabi-8-2019-q3-update/bin/../lib/gcc/arm-none-eabi/8.3.1/thumb/v6-m/nofp/libgcc.a
LOAD /home/opt/arm-toolchains/gcc-arm-none-eabi-8-2019-q3-update/bin/../lib/gcc/arm-none-eabi/8.3.1/../../../../arm-none-eabi/lib/thumb/v6-m/nofp/libc_nano.a
END GROUP
                0x0000000020002000                __stack = (ORIGIN (RAM) + LENGTH (RAM))
                0x0000000020002000                _estack = __stack
                0x0000000000000400                __Main_Stack_Size = 0x400
                [!provide]                        PROVIDE (_Main_Stack_Size = __Main_Stack_Size)
                0x0000000020001c00                __Main_Stack_Limit = (__stack - __Main_Stack_Size)
                [!provide]                        PROVIDE (_Main_Stack_Limit = __Main_Stack_Limit)
                0x0000000000000100                _Minimum_Stack_Size = 0x100
                0x00000000200003d4                PROVIDE (_Heap_Begin = _end_noinit)
                0x0000000020001c00                PROVIDE (_Heap_Limit = (__stack - __Main_Stack_Size))

.isr_vector     0x0000000008000000      0x294
 FILL mask 0xff
                0x0000000008000000                __vectors_start = ABSOLUTE (.)
                0x0000000008000000                __vectors_start__ = ABSOLUTE (.)
 *(.isr_vector)
 .isr_vector    0x0000000008000000       0xc4 /tmp/cc6cCmGK.ltrans0.ltrans.o
                0x0000000008000000                g_pfnVectors
 *(.cfmconfig)
 *(.after_vectors .after_vectors.*)
 .after_vectors
                0x00000000080000c4      0x1d0 /tmp/cc6cCmGK.ltrans0.ltrans.o
                0x00000000080000c4                _start
                0x0000000008000268                HardFault_Handler_C

.inits          0x0000000008000294       0x30
                0x0000000008000294                __data_regions_array_start = .
                0x0000000008000294        0x4 LONG 0x8004f80 LOADADDR (.data)
                0x0000000008000298        0x4 LONG 0x20000000 ADDR (.data)
                0x000000000800029c        0x4 LONG 0x2000009c (ADDR (.data) + SIZEOF (.data))
                0x00000000080002a0        0x4 LONG 0x8004f80 LOADADDR (.data_CCMRAM)
                0x00000000080002a4        0x4 LONG 0x0 ADDR (.data_CCMRAM)
                0x00000000080002a8        0x4 LONG 0x0 (ADDR (.data_CCMRAM) + SIZEOF (.data_CCMRAM))
                0x00000000080002ac                __data_regions_array_end = .
                0x00000000080002ac                __bss_regions_array_start = .
                0x00000000080002ac        0x4 LONG 0x2000009c ADDR (.bss)
                0x00000000080002b0        0x4 LONG 0x200003d4 (ADDR (.bss) + SIZEOF (.bss))
                0x00000000080002b4        0x4 LONG 0x0 ADDR (.bss_CCMRAM)
                0x00000000080002b8        0x4 LONG 0x0 (ADDR (.bss_CCMRAM) + SIZEOF (.bss_CCMRAM))
                0x00000000080002bc                __bss_regions_array_end = .
 *(.init)
 *(.fini)
                0x00000000080002bc                . = ALIGN (0x4)
                0x00000000080002bc                PROVIDE (__preinit_array_start = .)
 *(.preinit_array_sysinit .preinit_array_sysinit.*)
 *(.preinit_array_platform .preinit_array_platform.*)
 *(.preinit_array .preinit_array.*)
                0x00000000080002bc                PROVIDE (__preinit_array_end = .)
                0x00000000080002bc                . = ALIGN (0x4)
                0x00000000080002bc                PROVIDE (__init_array_start = .)
 *(SORT_BY_NAME(.init_array.*))
 *(.init_array)
 .init_array    0x00000000080002bc        0x4 /tmp/cc6cCmGK.ltrans0.ltrans.o
                0x00000000080002c0                PROVIDE (__init_array_end = .)
                0x00000000080002c0                . = ALIGN (0x4)
                0x00000000080002c0                PROVIDE (__fini_array_start = .)
 *(SORT_BY_NAME(.fini_array.*))
 *(.fini_array)
 .fini_array    0x00000000080002c0        0x4 /tmp/cc6cCmGK.ltrans0.ltrans.o
                0x00000000080002c4                PROVIDE (__fini_array_end = .)

.flashtext
 *(.flashtext .flashtext.*)

.text           0x00000000080002c4     0x4cb9
 *(.text .text.*)
 .text.__cxa_pure_virtual
                0x00000000080002c4       0x14 /tmp/cc6cCmGK.ltrans0.ltrans.o
 .text._exit    0x00000000080002d8        0xa /tmp/cc6cCmGK.ltrans0.ltrans.o
 *fill*         0x00000000080002e2        0x2 
 .text.abort    0x00000000080002e4       0x14 /tmp/cc6cCmGK.ltrans0.ltrans.o
 .text.__initialize_args
                0x00000000080002f8       0x20 /tmp/cc6cCmGK.ltrans0.ltrans.o
 .text.__initialize_hardware_early
                0x0000000008000318        0xc /tmp/cc6cCmGK.ltrans0.ltrans.o
 .text.__initialize_hardware
                0x0000000008000324        0xc /tmp/cc6cCmGK.ltrans0.ltrans.o
 .text.SystemInit
                0x0000000008000330       0x8c /tmp/cc6cCmGK.ltrans0.ltrans.o
 .text.SystemCoreClockUpdate
                0x00000000080003bc       0xe0 /tmp/cc6cCmGK.ltrans0.ltrans.o
 .text.SetSysClock
                0x000000000800049c       0xdc /tmp/cc6cCmGK.ltrans0.ltrans.o
 .text.NVIC_SetPriority
                0x0000000008000578       0xe8 /tmp/cc6cCmGK.ltrans0.ltrans.o
 .text.SysTick_Config
                0x0000000008000660       0x48 /tmp/cc6cCmGK.ltrans0.ltrans.o
 .text._ZN8Hardware13errorDispatchENS_9ErrorCodeE
                0x00000000080006a8       0x20 /tmp/cc6cCmGK.ltrans0.ltrans.o
 .text._ZL13flash_latencym
                0x00000000080006c8       0x34 /tmp/cc6cCmGK.ltrans0.ltrans.o
 .text._ZL12pll_start_lbmm
                0x00000000080006fc       0xb0 /tmp/cc6cCmGK.ltrans0.ltrans.o
 .text._ZL7rccInitv
                0x00000000080007ac       0x2c /tmp/cc6cCmGK.ltrans0.ltrans.o
 .text._ZN8Hardware9NVIC_initEv
                0x00000000080007d8        0x8 /tmp/cc6cCmGK.ltrans0.ltrans.o
 .text._ZN8Hardware4initEv
                0x00000000080007e0       0x54 /tmp/cc6cCmGK.ltrans0.ltrans.o
 .text._ZN8Hardware9WDOG_InitEv
                0x0000000008000834        0x8 /tmp/cc6cCmGK.ltrans0.ltrans.o
 .text._ZN4Gpio7setMODEEP12GPIO_TypeDefhNS_8GpioModeE
                0x000000000800083c       0x4e /tmp/cc6cCmGK.ltrans0.ltrans.o
 .text._ZN4Gpio8setSpeedEP12GPIO_TypeDefhNS_9GpioSpeedE
                0x000000000800088a       0x50 /tmp/cc6cCmGK.ltrans0.ltrans.o
 .text._ZN4Gpio11setPullUpDnEP12GPIO_TypeDefhNS_8GpioPuPdE
                0x00000000080008da       0x4e /tmp/cc6cCmGK.ltrans0.ltrans.o
 .text._ZN4Gpio8setOTypeEP12GPIO_TypeDefhNS_9GpioOTypeE
                0x0000000008000928       0x56 /tmp/cc6cCmGK.ltrans0.ltrans.o
 .text._ZN4Gpio7getModeEP12GPIO_TypeDefh
                0x000000000800097e       0x30 /tmp/cc6cCmGK.ltrans0.ltrans.o
 .text._ZN4Gpio7getPullEP12GPIO_TypeDefh
                0x00000000080009ae       0x30 /tmp/cc6cCmGK.ltrans0.ltrans.o
 .text._ZN4Gpio8getSpeedEP12GPIO_TypeDefh
                0x00000000080009de       0x30 /tmp/cc6cCmGK.ltrans0.ltrans.o
 .text._ZN4Gpio8getOTypeEP12GPIO_TypeDefh
                0x0000000008000a0e       0x32 /tmp/cc6cCmGK.ltrans0.ltrans.o
 .text._ZN4Gpio11setOutputUpEP12GPIO_TypeDefh
                0x0000000008000a40       0x24 /tmp/cc6cCmGK.ltrans0.ltrans.o
 .text._ZN4Gpio13setOutputDownEP12GPIO_TypeDefh
                0x0000000008000a64       0x26 /tmp/cc6cCmGK.ltrans0.ltrans.o
 .text._ZN4Gpio9setOutputEP12GPIO_TypeDefhb
                0x0000000008000a8a       0x44 /tmp/cc6cCmGK.ltrans0.ltrans.o
 .text._ZN4Gpio9getOutputEP12GPIO_TypeDefh
                0x0000000008000ace       0x30 /tmp/cc6cCmGK.ltrans0.ltrans.o
 .text._ZN4Gpio14setupFromCloneEP12GPIO_TypeDefhS1_h
                0x0000000008000afe       0x9c /tmp/cc6cCmGK.ltrans0.ltrans.o
 .text._ZN4Gpio7setMODEENS_8GpioModeE
                0x0000000008000b9a       0x26 /tmp/cc6cCmGK.ltrans0.ltrans.o
 .text._ZN4Gpio8setSpeedENS_9GpioSpeedE
                0x0000000008000bc0       0x26 /tmp/cc6cCmGK.ltrans0.ltrans.o
 .text._ZN4Gpio11setPullUpDnENS_8GpioPuPdE
                0x0000000008000be6       0x26 /tmp/cc6cCmGK.ltrans0.ltrans.o
 .text._ZN4Gpio8setOTypeENS_9GpioOTypeE
                0x0000000008000c0c       0x26 /tmp/cc6cCmGK.ltrans0.ltrans.o
 .text._ZN4Gpio11setOutputUpEv
                0x0000000008000c32       0x1e /tmp/cc6cCmGK.ltrans0.ltrans.o
 .text._ZN4Gpio13setOutputDownEv
                0x0000000008000c50       0x1e /tmp/cc6cCmGK.ltrans0.ltrans.o
 .text._ZN4Gpio9setOutputENS_5LevelE
                0x0000000008000c6e       0x2e /tmp/cc6cCmGK.ltrans0.ltrans.o
 .text._ZN4Gpio9getOutputEv
                0x0000000008000c9c       0x2a /tmp/cc6cCmGK.ltrans0.ltrans.o
 .text._ZN4Gpio5setupENS_8GpioModeENS_9GpioOTypeENS_8GpioPuPdENS_9GpioSpeedE
                0x0000000008000cc6       0x60 /tmp/cc6cCmGK.ltrans0.ltrans.o
 .text._ZN4Gpio14setupFromCloneEPS_
                0x0000000008000d26       0x24 /tmp/cc6cCmGK.ltrans0.ltrans.o
 .text._ZN7Krokowy6setDirENS_9DIRECTIONE
                0x0000000008000d4a       0x2e /tmp/cc6cCmGK.ltrans0.ltrans.o
 .text._ZN7Krokowy6enableEb
                0x0000000008000d78       0x44 /tmp/cc6cCmGK.ltrans0.ltrans.o
 .text._ZN7Krokowy11getInstanceEv
                0x0000000008000dbc       0x14 /tmp/cc6cCmGK.ltrans0.ltrans.o
 .text._Z16krokPollCallbackv
                0x0000000008000dd0       0x14 /tmp/cc6cCmGK.ltrans0.ltrans.o
 .text._ZN7Krokowy4pollEv
                0x0000000008000de4       0xec /tmp/cc6cCmGK.ltrans0.ltrans.o
 .text._ZN7Krokowy2goEm
                0x0000000008000ed0       0x50 /tmp/cc6cCmGK.ltrans0.ltrans.o
 .text._ZN7Krokowy4stopEv
                0x0000000008000f20       0x28 /tmp/cc6cCmGK.ltrans0.ltrans.o
 .text._ZN7Krokowy9isStoppedEv
                0x0000000008000f48       0x2e /tmp/cc6cCmGK.ltrans0.ltrans.o
 .text._ZN7Krokowy5setupEv
                0x0000000008000f76       0xbc /tmp/cc6cCmGK.ltrans0.ltrans.o
 .text._ZN7Krokowy11setStepModeENS_8StepModeE
                0x0000000008001032       0x8e /tmp/cc6cCmGK.ltrans0.ltrans.o
 .text._Z41__static_initialization_and_destruction_0ii.lto_priv.0
                0x00000000080010c0       0x38 /tmp/cc6cCmGK.ltrans0.ltrans.o
 .text._GLOBAL__sub_I__ZN7Krokowy11getInstanceEv
                0x00000000080010f8       0x18 /tmp/cc6cCmGK.ltrans0.ltrans.o
 .text._ZN6VEprom8readWordENS_9VirtAdresE
                0x0000000008001110       0x32 /tmp/cc6cCmGK.ltrans0.ltrans.o
 .text._ZN4Fifo7isEmptyEv
                0x0000000008001142       0x20 /tmp/cc6cCmGK.ltrans0.ltrans.o
 .text._ZN4Fifo10isNotEmptyEv
                0x0000000008001162       0x22 /tmp/cc6cCmGK.ltrans0.ltrans.o
 .text._ZN8Keyboard13getFromBufferEv
                0x0000000008001184       0x44 /tmp/cc6cCmGK.ltrans0.ltrans.o
 .text._ZN8Keyboard6getKeyEv
                0x00000000080011c8       0x1a /tmp/cc6cCmGK.ltrans0.ltrans.o
 *fill*         0x00000000080011e2        0x2 
 .text._ZN8Keyboard8keyToIntENS_3KeyE
                0x00000000080011e4       0x5c /tmp/cc6cCmGK.ltrans0.ltrans.o
 .text.getProgMainVersion
                0x0000000008001240        0xc /tmp/cc6cCmGK.ltrans0.ltrans.o
 .text.getProgSubVersion
                0x000000000800124c        0xc /tmp/cc6cCmGK.ltrans0.ltrans.o
 .text._ZNK3HMI11NumberField8getValueEv
                0x0000000008001258       0x14 /tmp/cc6cCmGK.ltrans0.ltrans.o
 .text._ZN3HMI11NumberField8setValueEm
                0x000000000800126c       0x16 /tmp/cc6cCmGK.ltrans0.ltrans.o
 .text._ZN3HMI12NumberEditor8setDigitEh
                0x0000000008001282       0x76 /tmp/cc6cCmGK.ltrans0.ltrans.o
 .text._ZN3HMI12NumberEditor20getUsedCharsQuantityEv
                0x00000000080012f8       0x32 /tmp/cc6cCmGK.ltrans0.ltrans.o
 .text._ZN3HMI12NumberEditor11setCursorAtEh
                0x000000000800132a       0x42 /tmp/cc6cCmGK.ltrans0.ltrans.o
 .text._ZN3HMI12NumberEditor12getFieldSizeEv
                0x000000000800136c       0x20 /tmp/cc6cCmGK.ltrans0.ltrans.o
 .text._ZN3HMI12NumberEditor10countCharsEc
                0x000000000800138c       0x30 /tmp/cc6cCmGK.ltrans0.ltrans.o
 .text._ZN3HMI12NumberEditor10countCharsEcPKc
                0x00000000080013bc       0x4a /tmp/cc6cCmGK.ltrans0.ltrans.o
 .text._ZN3HMI12NumberEditor10getPower10Eh
                0x0000000008001406       0x3c /tmp/cc6cCmGK.ltrans0.ltrans.o
 .text._ZN11FrameBuffer19checkCursorPositionEv
                0x0000000008001442       0x42 /tmp/cc6cCmGK.ltrans0.ltrans.o
 .text._ZN11FrameBuffer11cursorRightEv
                0x0000000008001484       0x3e /tmp/cc6cCmGK.ltrans0.ltrans.o
 .text._ZN11FrameBuffer6gotoXYEmm
                0x00000000080014c2       0x5e /tmp/cc6cCmGK.ltrans0.ltrans.o
 .text._ZN11FrameBuffer5printEc
                0x0000000008001520       0x40 /tmp/cc6cCmGK.ltrans0.ltrans.o
 .text._ZN11FrameBuffer5printEPKc
                0x0000000008001560       0x30 /tmp/cc6cCmGK.ltrans0.ltrans.o
 .text._ZN11FrameBuffer5printEPN3HMI12NumberEditorE
                0x0000000008001590       0xa6 /tmp/cc6cCmGK.ltrans0.ltrans.o
 .text._ZN11FrameBuffer7printXYEmmPKc
                0x0000000008001636       0x2c /tmp/cc6cCmGK.ltrans0.ltrans.o
 .text._ZN11FrameBuffer11clearScreenEv
                0x0000000008001662       0x3c /tmp/cc6cCmGK.ltrans0.ltrans.o
 .text._ZN11FrameBuffer23printNumbersWithPatternEPKcm
                0x000000000800169e       0x56 /tmp/cc6cCmGK.ltrans0.ltrans.o
 .text._ZNK7Krokowy13getLengthToGoEv
                0x00000000080016f4       0x20 /tmp/cc6cCmGK.ltrans0.ltrans.o
 .text._ZN5Knife5startEv
                0x0000000008001714       0x26 /tmp/cc6cCmGK.ltrans0.ltrans.o
 .text._ZN5Knife9isStoppedEv
                0x000000000800173a       0x1a /tmp/cc6cCmGK.ltrans0.ltrans.o
 .text._ZN5Praca9isStartupEv
                0x0000000008001754       0x24 /tmp/cc6cCmGK.ltrans0.ltrans.o
 .text._ZNK5Praca12getCountToGoEv
                0x0000000008001778       0x14 /tmp/cc6cCmGK.ltrans0.ltrans.o
 .text._ZN5Praca12cycleWasDoneEv
                0x000000000800178c       0x20 /tmp/cc6cCmGK.ltrans0.ltrans.o
 .text._ZN4Menu9goToEkranENS_5EKRANE
                0x00000000080017ac       0x48 /tmp/cc6cCmGK.ltrans0.ltrans.o
 .text._ZN4Menu4pollEv
                0x00000000080017f4      0x338 /tmp/cc6cCmGK.ltrans0.ltrans.o
 .text._ZN4Menu9showEkranEv
                0x0000000008001b2c      0x248 /tmp/cc6cCmGK.ltrans0.ltrans.o
 .text._ZN4Menu4initEP11FrameBuffer
                0x0000000008001d74       0x88 /tmp/cc6cCmGK.ltrans0.ltrans.o
 .text._ZN5PracaC2Ev
                0x0000000008001dfc       0x3c /tmp/cc6cCmGK.ltrans0.ltrans.o
 .text._ZN5PracaD2Ev
                0x0000000008001e38       0x1c /tmp/cc6cCmGK.ltrans0.ltrans.o
 .text._ZN5PracaD0Ev
                0x0000000008001e54       0x24 /tmp/cc6cCmGK.ltrans0.ltrans.o
 .text._ZN8Keyboard16getUnbufferedKeyEv
                0x0000000008001e78       0x14 /tmp/cc6cCmGK.ltrans0.ltrans.o
 .text._ZN11FrameBuffer12setBackLightEb
                0x0000000008001e8c       0x1c /tmp/cc6cCmGK.ltrans0.ltrans.o
 .text._ZN5Knife4stopEv
                0x0000000008001ea8       0x20 /tmp/cc6cCmGK.ltrans0.ltrans.o
 .text._ZN5Praca11getInstanceEv
                0x0000000008001ec8       0x10 /tmp/cc6cCmGK.ltrans0.ltrans.o
 .text._Z9pollPracav
                0x0000000008001ed8       0x14 /tmp/cc6cCmGK.ltrans0.ltrans.o
 .text._ZN5Praca5setupEv
                0x0000000008001eec       0x1a /tmp/cc6cCmGK.ltrans0.ltrans.o
 *fill*         0x0000000008001f06        0x2 
 .text._ZN5Praca14startWorkCycleEv
                0x0000000008001f08       0x38 /tmp/cc6cCmGK.ltrans0.ltrans.o
 .text._ZN5Praca8stopWorkEv
                0x0000000008001f40       0x3c /tmp/cc6cCmGK.ltrans0.ltrans.o
 .text._ZN5Praca9isAllDoneEv
                0x0000000008001f7c       0x26 /tmp/cc6cCmGK.ltrans0.ltrans.o
 *fill*         0x0000000008001fa2        0x2 
 .text._ZN5Praca4pollEv
                0x0000000008001fa4       0x80 /tmp/cc6cCmGK.ltrans0.ltrans.o
 .text._Z41__static_initialization_and_destruction_0ii.lto_priv.1
                0x0000000008002024       0x58 /tmp/cc6cCmGK.ltrans0.ltrans.o
 .text._GLOBAL__sub_I_praca
                0x000000000800207c       0x18 /tmp/cc6cCmGK.ltrans0.ltrans.o
 .text._GLOBAL__sub_D_praca
                0x0000000008002094       0x18 /tmp/cc6cCmGK.ltrans0.ltrans.o
 .text._ZN9QuickTask4holdEb
                0x00000000080020ac       0x20 /tmp/cc6cCmGK.ltrans0.ltrans.o
 .text._ZN4Gpio8getInputEP12GPIO_TypeDefh
                0x00000000080020cc       0x30 /tmp/cc6cCmGK.ltrans0.ltrans.o
 .text._ZN4Gpio8getInputEv
                0x00000000080020fc       0x2a /tmp/cc6cCmGK.ltrans0.ltrans.o
 .text._ZN4GpioC2EP12GPIO_TypeDefh
                0x0000000008002126       0x36 /tmp/cc6cCmGK.ltrans0.ltrans.o
 .text._ZN8Keyboard11addToBufferENS_3KeyE
                0x000000000800215c       0x32 /tmp/cc6cCmGK.ltrans0.ltrans.o
 .text._ZN8Keyboard12setColumnLowEh
                0x000000000800218e       0x70 /tmp/cc6cCmGK.ltrans0.ltrans.o
 .text._ZN8Keyboard13getRowPressedEv
                0x00000000080021fe       0x7a /tmp/cc6cCmGK.ltrans0.ltrans.o
 .text._ZN8Keyboard8getKeyAtEhh
                0x0000000008002278       0xaa /tmp/cc6cCmGK.ltrans0.ltrans.o
 .text._ZN8Keyboard13getPressedKeyEv
                0x0000000008002322       0x80 /tmp/cc6cCmGK.ltrans0.ltrans.o
 .text._ZN8KeyboardC2EP4GpioS1_S1_S1_S1_S1_S1_
                0x00000000080023a2       0x8a /tmp/cc6cCmGK.ltrans0.ltrans.o
 .text._ZN8Keyboard5setupEv
                0x000000000800242c       0x82 /tmp/cc6cCmGK.ltrans0.ltrans.o
 .text._ZN8Keyboard4pollEv
                0x00000000080024ae       0x48 /tmp/cc6cCmGK.ltrans0.ltrans.o
 *fill*         0x00000000080024f6        0x2 
 .text._ZN3HMI11NumberFieldC2El
                0x00000000080024f8       0x30 /tmp/cc6cCmGK.ltrans0.ltrans.o
 .text._ZN3HMI11NumberFieldD2Ev
                0x0000000008002528       0x1c /tmp/cc6cCmGK.ltrans0.ltrans.o
 .text._ZN3HMI11NumberFieldD0Ev
                0x0000000008002544       0x24 /tmp/cc6cCmGK.ltrans0.ltrans.o
 .text._ZN3HMI11NumberField10printValueEPc
                0x0000000008002568       0x1e /tmp/cc6cCmGK.ltrans0.ltrans.o
 .text._ZN3HMI11NumberField10printValueElPc
                0x0000000008002586       0x1c /tmp/cc6cCmGK.ltrans0.ltrans.o
 *fill*         0x00000000080025a2        0x2 
 .text._ZN3HMI12NumberEditorC2EPKcl
                0x00000000080025a4       0x48 /tmp/cc6cCmGK.ltrans0.ltrans.o
 .text._ZN3HMI12NumberEditorD2Ev
                0x00000000080025ec       0x24 /tmp/cc6cCmGK.ltrans0.ltrans.o
 .text._ZN3HMI12NumberEditorD0Ev
                0x0000000008002610       0x24 /tmp/cc6cCmGK.ltrans0.ltrans.o
 .text._ZN3HMI12NumberEditor10setPatternEPKc
                0x0000000008002634       0x16 /tmp/cc6cCmGK.ltrans0.ltrans.o
 .text._ZN11FrameBuffer12forceRefreshEv
                0x000000000800264a       0x1a /tmp/cc6cCmGK.ltrans0.ltrans.o
 .text._ZN11FrameBuffer10homeScreenEv
                0x0000000008002664       0x28 /tmp/cc6cCmGK.ltrans0.ltrans.o
 .text._ZN6Pinout5setupEv
                0x000000000800268c       0x28 /tmp/cc6cCmGK.ltrans0.ltrans.o
 .text._ZN7KrokowyC2EP4GpioS1_S1_S1_S1_S1_
                0x00000000080026b4       0x54 /tmp/cc6cCmGK.ltrans0.ltrans.o
 .text._ZN5Knife4isUpEv
                0x0000000008002708       0x22 /tmp/cc6cCmGK.ltrans0.ltrans.o
 *fill*         0x000000000800272a        0x2 
 .text._ZN5KnifeC2EP4GpioS1_m
                0x000000000800272c       0x48 /tmp/cc6cCmGK.ltrans0.ltrans.o
 .text._ZN5KnifeD2Ev
                0x0000000008002774       0x1c /tmp/cc6cCmGK.ltrans0.ltrans.o
 .text._ZN5KnifeD0Ev
                0x0000000008002790       0x24 /tmp/cc6cCmGK.ltrans0.ltrans.o
 .text._ZN5Knife5setupEv
                0x00000000080027b4       0x32 /tmp/cc6cCmGK.ltrans0.ltrans.o
 .text._ZN5Knife4pollEv
                0x00000000080027e6       0xb4 /tmp/cc6cCmGK.ltrans0.ltrans.o
 *fill*         0x000000000800289a        0x2 
 .text._ZN6PinoutC2Ev
                0x000000000800289c      0x1c8 /tmp/cc6cCmGK.ltrans0.ltrans.o
 .text._Z8keysPollv
                0x0000000008002a64       0x18 /tmp/cc6cCmGK.ltrans0.ltrans.o
 .text._ZN4MenuC2Ev
                0x0000000008002a7c       0x6c /tmp/cc6cCmGK.ltrans0.ltrans.o
 .text._ZN4MenuD2Ev
                0x0000000008002ae8       0x42 /tmp/cc6cCmGK.ltrans0.ltrans.o
 *fill*         0x0000000008002b2a        0x2 
 .text._Z8menuPollv
                0x0000000008002b2c       0x24 /tmp/cc6cCmGK.ltrans0.ltrans.o
 .text.main     0x0000000008002b50       0xd8 /tmp/cc6cCmGK.ltrans0.ltrans.o
 .text._Z41__static_initialization_and_destruction_0ii.lto_priv.2
                0x0000000008002c28      0x1e0 /tmp/cc6cCmGK.ltrans0.ltrans.o
 .text._GLOBAL__sub_I_pinout
                0x0000000008002e08       0x18 /tmp/cc6cCmGK.ltrans0.ltrans.o
 .text._GLOBAL__sub_D_pinout
                0x0000000008002e20       0x18 /tmp/cc6cCmGK.ltrans0.ltrans.o
 .text._ZN4FifoC2EPhm
                0x0000000008002e38       0x2e /tmp/cc6cCmGK.ltrans0.ltrans.o
 .text._ZN4Fifo3putEh
                0x0000000008002e66       0x6e /tmp/cc6cCmGK.ltrans0.ltrans.o
 .text._ZN4Fifo3getEv
                0x0000000008002ed4       0x5a /tmp/cc6cCmGK.ltrans0.ltrans.o
 .text._ZN11FrameBuffer14setRefreshNeedEv
                0x0000000008002f2e       0x14 /tmp/cc6cCmGK.ltrans0.ltrans.o
 .text._ZN11FrameBuffer15isRefreshNeededEv
                0x0000000008002f42       0x16 /tmp/cc6cCmGK.ltrans0.ltrans.o
 .text._ZNK11FrameBuffer9getBufferEv
                0x0000000008002f58       0x14 /tmp/cc6cCmGK.ltrans0.ltrans.o
 .text._ZN11FrameBufferD2Ev
                0x0000000008002f6c       0x1c /tmp/cc6cCmGK.ltrans0.ltrans.o
 .text._ZNK3HMI11NumberField16charsNumberCountEv
                0x0000000008002f88       0x1c /tmp/cc6cCmGK.ltrans0.ltrans.o
 .text._ZN3HMI11NumberField16charsNumberCountEl
                0x0000000008002fa4      0x144 /tmp/cc6cCmGK.ltrans0.ltrans.o
 .text._ZN3HMI11NumberField4fillEPccm
                0x00000000080030e8       0x3a /tmp/cc6cCmGK.ltrans0.ltrans.o
 *fill*         0x0000000008003122        0x2 
 .text._ZN3HMI12NumberEditor8toStringEv
                0x0000000008003124       0x28 /tmp/cc6cCmGK.ltrans0.ltrans.o
 .text._ZN3HMI12NumberEditor15truncateToCharsEh
                0x000000000800314c       0x88 /tmp/cc6cCmGK.ltrans0.ltrans.o
 .text._ZN3HMI12NumberEditor16normalizeToCharsEh
                0x00000000080031d4       0x90 /tmp/cc6cCmGK.ltrans0.ltrans.o
 .text._ZN3HMI12NumberEditor8toStringEmPc
                0x0000000008003264       0x3e /tmp/cc6cCmGK.ltrans0.ltrans.o
 *fill*         0x00000000080032a2        0x2 
 .text._ZN3HMI12NumberEditor5printEPc
                0x00000000080032a4       0xd8 /tmp/cc6cCmGK.ltrans0.ltrans.o
 .text._ZN9QuickTask4tickEm
                0x000000000800337c       0x6c /tmp/cc6cCmGK.ltrans0.ltrans.o
 .text._ZN9QuickTask4pollEv
                0x00000000080033e8       0x6c /tmp/cc6cCmGK.ltrans0.ltrans.o
 .text._ZN9QuickTaskC2ENS_6QTTypeEPFvvEm
                0x0000000008003454       0x9c /tmp/cc6cCmGK.ltrans0.ltrans.o
 .text.SysTick_Handler
                0x00000000080034f0        0xe /tmp/cc6cCmGK.ltrans0.ltrans.o
 .text._ZN6VEprom15isWritePossibleEv
                0x00000000080034fe        0xc /tmp/cc6cCmGK.ltrans0.ltrans.o
 *fill*         0x000000000800350a        0x2 
 .text._ZN6VEprom4initEv
                0x000000000800350c       0xac /tmp/cc6cCmGK.ltrans0.ltrans.o
 .text._ZN6VEprom9writeWordENS_9VirtAdresEt
                0x00000000080035b8       0xac /tmp/cc6cCmGK.ltrans0.ltrans.o
 .text._ZN6VEprom8readWordENS_9VirtAdresEPt
                0x0000000008003664       0x44 /tmp/cc6cCmGK.ltrans0.ltrans.o
 .text.itoaWithPattern
                0x00000000080036a8       0xd2 /tmp/cc6cCmGK.ltrans0.ltrans.o
 .text.my_strcpy
                0x000000000800377a       0x5a /tmp/cc6cCmGK.ltrans0.ltrans.o
 .text.numberWithPattern
                0x00000000080037d4       0x2e /tmp/cc6cCmGK.ltrans0.ltrans.o
 .text._ZN4Gpio9setOutputEb
                0x0000000008003802       0x26 /tmp/cc6cCmGK.ltrans0.ltrans.o
 .text._ZN11FrameBufferC2EmmPh
                0x0000000008003828       0x64 /tmp/cc6cCmGK.ltrans0.ltrans.o
 .text._ZN17FrameBufferAccessC2EmmPh
                0x000000000800388c       0x30 /tmp/cc6cCmGK.ltrans0.ltrans.o
 .text._ZN17FrameBufferAccessD2Ev
                0x00000000080038bc       0x24 /tmp/cc6cCmGK.ltrans0.ltrans.o
 .text._ZN17FrameBufferAccessD0Ev
                0x00000000080038e0       0x24 /tmp/cc6cCmGK.ltrans0.ltrans.o
 .text._ZNK17FrameBufferAccess9getBufferEv
                0x0000000008003904       0x1a /tmp/cc6cCmGK.ltrans0.ltrans.o
 .text._ZN17FrameBufferAccess15isRefreshNeededEv
                0x000000000800391e       0x1a /tmp/cc6cCmGK.ltrans0.ltrans.o
 .text._ZN17FrameBufferAccess18refreshAcknowledgeEv
                0x0000000008003938       0x14 /tmp/cc6cCmGK.ltrans0.ltrans.o
 .text._ZN17FrameBufferAccess13isBackLightOnEv
                0x000000000800394c       0x14 /tmp/cc6cCmGK.ltrans0.ltrans.o
 .text._ZN7HD4478015prepareDataByteEh
                0x0000000008003960       0x5c /tmp/cc6cCmGK.ltrans0.ltrans.o
 .text._ZN7HD4478021prepareCommandToWriteENS_10LcdCommandE
                0x00000000080039bc       0x3a /tmp/cc6cCmGK.ltrans0.ltrans.o
 .text._ZN7HD4478018prepareCharToWriteEc
                0x00000000080039f6       0x3a /tmp/cc6cCmGK.ltrans0.ltrans.o
 .text._ZN7HD44780C2Ev
                0x0000000008003a30       0x48 /tmp/cc6cCmGK.ltrans0.ltrans.o
 .text._ZN7HD4478012setBackLightEb
                0x0000000008003a78       0x24 /tmp/cc6cCmGK.ltrans0.ltrans.o
 .text._ZN7HD4478013getDDRamAdresEhh
                0x0000000008003a9c       0x6a /tmp/cc6cCmGK.ltrans0.ltrans.o
 *fill*         0x0000000008003b06        0x2 
 .text._ZN9QuickTask10getCounterEv
                0x0000000008003b08       0x14 /tmp/cc6cCmGK.ltrans0.ltrans.o
 .text._ZN9QuickTask23delayMsWithStoppedTasksEm
                0x0000000008003b1c       0x2e /tmp/cc6cCmGK.ltrans0.ltrans.o
 .text._ZN8Hardware12delayMsDirtyEm
                0x0000000008003b4a       0x16 /tmp/cc6cCmGK.ltrans0.ltrans.o
 .text._ZN7HD4478011getInstanceEv
                0x0000000008003b60       0x10 /tmp/cc6cCmGK.ltrans0.ltrans.o
 .text._Z12pollCallbackv
                0x0000000008003b70       0x14 /tmp/cc6cCmGK.ltrans0.ltrans.o
 .text._ZN7HD4478014getFrameBufferEv
                0x0000000008003b84       0x18 /tmp/cc6cCmGK.ltrans0.ltrans.o
 .text._ZN7HD4478012delayMsDirtyEm
                0x0000000008003b9c       0x18 /tmp/cc6cCmGK.ltrans0.ltrans.o
 .text._ZN7HD447805setupEP4GpioS1_S1_PNS_9GpioPack8ES1_
                0x0000000008003bb4       0x3e /tmp/cc6cCmGK.ltrans0.ltrans.o
 .text._ZN7HD447809localInitEv
                0x0000000008003bf2      0x122 /tmp/cc6cCmGK.ltrans0.ltrans.o
 .text._ZN7HD4478016sendCommandDirtyEhm
                0x0000000008003d14       0x58 /tmp/cc6cCmGK.ltrans0.ltrans.o
 .text._ZN7HD447804pollEv
                0x0000000008003d6c      0x168 /tmp/cc6cCmGK.ltrans0.ltrans.o
 .text._Z41__static_initialization_and_destruction_0ii.lto_priv.3
                0x0000000008003ed4       0x80 /tmp/cc6cCmGK.ltrans0.ltrans.o
 .text._GLOBAL__sub_I_instance
                0x0000000008003f54       0x18 /tmp/cc6cCmGK.ltrans0.ltrans.o
 .text._GLOBAL__sub_D_instance
                0x0000000008003f6c       0x18 /tmp/cc6cCmGK.ltrans0.ltrans.o
 .text.EE_Init  0x0000000008003f84      0x3c8 /tmp/cc6cCmGK.ltrans0.ltrans.o
 .text.EE_ReadVariable
                0x000000000800434c       0xc4 /tmp/cc6cCmGK.ltrans0.ltrans.o
 .text.EE_WriteVariable
                0x0000000008004410       0x5c /tmp/cc6cCmGK.ltrans0.ltrans.o
 .text.EE_Format
                0x000000000800446c       0x68 /tmp/cc6cCmGK.ltrans0.ltrans.o
 .text.EE_FindValidPage
                0x00000000080044d4       0xac /tmp/cc6cCmGK.ltrans0.ltrans.o
 .text.EE_VerifyPageFullWriteVariable
                0x0000000008004580       0xdc /tmp/cc6cCmGK.ltrans0.ltrans.o
 .text.EE_PageTransfer
                0x000000000800465c      0x1b8 /tmp/cc6cCmGK.ltrans0.ltrans.o
 .text.FLASH_Unlock
                0x0000000008004814       0x2c /tmp/cc6cCmGK.ltrans0.ltrans.o
 .text.FLASH_Lock
                0x0000000008004840       0x18 /tmp/cc6cCmGK.ltrans0.ltrans.o
 .text.FLASH_ErasePage
                0x0000000008004858       0x78 /tmp/cc6cCmGK.ltrans0.ltrans.o
 .text.FLASH_ProgramHalfWord
                0x00000000080048d0       0x74 /tmp/cc6cCmGK.ltrans0.ltrans.o
 .text.FLASH_GetStatus
                0x0000000008004944       0x5c /tmp/cc6cCmGK.ltrans0.ltrans.o
 .text.FLASH_WaitForLastOperation
                0x00000000080049a0       0x5a /tmp/cc6cCmGK.ltrans0.ltrans.o
 .text._GLOBAL__D_65535_1__cxx.o.6068
                0x00000000080049fa       0x14 /tmp/cc6cCmGK.ltrans0.ltrans.o
 .text._GLOBAL__I_65535_0__cxx.o.6063
                0x0000000008004a0e       0x18 /tmp/cc6cCmGK.ltrans0.ltrans.o
 .text._ZdlPvj  0x0000000008004a26        0x8 /home/opt/arm-toolchains/gcc-arm-none-eabi-8-2019-q3-update/bin/../lib/gcc/arm-none-eabi/8.3.1/../../../../arm-none-eabi/lib/thumb/v6-m/nofp/libstdc++_nano.a(del_ops.o)
                0x0000000008004a26                operator delete(void*, unsigned int)
 .text._ZdlPv   0x0000000008004a2e        0x8 /home/opt/arm-toolchains/gcc-arm-none-eabi-8-2019-q3-update/bin/../lib/gcc/arm-none-eabi/8.3.1/../../../../arm-none-eabi/lib/thumb/v6-m/nofp/libstdc++_nano.a(del_op.o)
                0x0000000008004a2e                operator delete(void*)
 .text.__itoa   0x0000000008004a36       0x30 /home/opt/arm-toolchains/gcc-arm-none-eabi-8-2019-q3-update/bin/../lib/gcc/arm-none-eabi/8.3.1/../../../../arm-none-eabi/lib/thumb/v6-m/nofp/libg_nano.a(lib_a-itoa.o)
                0x0000000008004a36                __itoa
 .text.itoa     0x0000000008004a66        0x8 /home/opt/arm-toolchains/gcc-arm-none-eabi-8-2019-q3-update/bin/../lib/gcc/arm-none-eabi/8.3.1/../../../../arm-none-eabi/lib/thumb/v6-m/nofp/libg_nano.a(lib_a-itoa.o)
                0x0000000008004a66                itoa
 *fill*         0x0000000008004a6e        0x2 
 .text.free     0x0000000008004a70       0x14 /home/opt/arm-toolchains/gcc-arm-none-eabi-8-2019-q3-update/bin/../lib/gcc/arm-none-eabi/8.3.1/../../../../arm-none-eabi/lib/thumb/v6-m/nofp/libg_nano.a(lib_a-malloc.o)
                0x0000000008004a70                free
 .text._free_r  0x0000000008004a84       0x94 /home/opt/arm-toolchains/gcc-arm-none-eabi-8-2019-q3-update/bin/../lib/gcc/arm-none-eabi/8.3.1/../../../../arm-none-eabi/lib/thumb/v6-m/nofp/libg_nano.a(lib_a-nano-freer.o)
                0x0000000008004a84                _free_r
 .text          0x0000000008004b18        0xe /home/opt/arm-toolchains/gcc-arm-none-eabi-8-2019-q3-update/bin/../lib/gcc/arm-none-eabi/8.3.1/../../../../arm-none-eabi/lib/thumb/v6-m/nofp/libg_nano.a(lib_a-strlen.o)
                0x0000000008004b18                strlen
 *fill*         0x0000000008004b26        0x2 
 .text.__utoa   0x0000000008004b28       0x6c /home/opt/arm-toolchains/gcc-arm-none-eabi-8-2019-q3-update/bin/../lib/gcc/arm-none-eabi/8.3.1/../../../../arm-none-eabi/lib/thumb/v6-m/nofp/libg_nano.a(lib_a-utoa.o)
                0x0000000008004b28                __utoa
 .text.memcpy   0x0000000008004b94       0x12 /home/opt/arm-toolchains/gcc-arm-none-eabi-8-2019-q3-update/bin/../lib/gcc/arm-none-eabi/8.3.1/../../../../arm-none-eabi/lib/thumb/v6-m/nofp/libg_nano.a(lib_a-memcpy-stub.o)
                0x0000000008004b94                memcpy
 *fill*         0x0000000008004ba6        0x2 
 .text.__malloc_lock
                0x0000000008004ba8       0x10 /home/opt/arm-toolchains/gcc-arm-none-eabi-8-2019-q3-update/bin/../lib/gcc/arm-none-eabi/8.3.1/../../../../arm-none-eabi/lib/thumb/v6-m/nofp/libg_nano.a(lib_a-mlock.o)
                0x0000000008004ba8                __malloc_lock
 .text.__malloc_unlock
                0x0000000008004bb8       0x10 /home/opt/arm-toolchains/gcc-arm-none-eabi-8-2019-q3-update/bin/../lib/gcc/arm-none-eabi/8.3.1/../../../../arm-none-eabi/lib/thumb/v6-m/nofp/libg_nano.a(lib_a-mlock.o)
                0x0000000008004bb8                __malloc_unlock
 .text.__retarget_lock_acquire_recursive
                0x0000000008004bc8        0x2 /home/opt/arm-toolchains/gcc-arm-none-eabi-8-2019-q3-update/bin/../lib/gcc/arm-none-eabi/8.3.1/../../../../arm-none-eabi/lib/thumb/v6-m/nofp/libg_nano.a(lib_a-lock.o)
                0x0000000008004bc8                __retarget_lock_acquire_recursive
 .text.__retarget_lock_release_recursive
                0x0000000008004bca        0x2 /home/opt/arm-toolchains/gcc-arm-none-eabi-8-2019-q3-update/bin/../lib/gcc/arm-none-eabi/8.3.1/../../../../arm-none-eabi/lib/thumb/v6-m/nofp/libg_nano.a(lib_a-lock.o)
                0x0000000008004bca                __retarget_lock_release_recursive
 .text.memset   0x0000000008004bcc       0x10 /home/opt/arm-toolchains/gcc-arm-none-eabi-8-2019-q3-update/bin/../lib/gcc/arm-none-eabi/8.3.1/../../../../arm-none-eabi/lib/thumb/v6-m/nofp/libg_nano.a(lib_a-memset.o)
                0x0000000008004bcc                memset
 .text          0x0000000008004bdc      0x114 /home/opt/arm-toolchains/gcc-arm-none-eabi-8-2019-q3-update/bin/../lib/gcc/arm-none-eabi/8.3.1/thumb/v6-m/nofp/libgcc.a(_udivsi3.o)
                0x0000000008004bdc                __udivsi3
                0x0000000008004bdc                __aeabi_uidiv
                0x0000000008004ce8                __aeabi_uidivmod
 .text          0x0000000008004cf0        0x4 /home/opt/arm-toolchains/gcc-arm-none-eabi-8-2019-q3-update/bin/../lib/gcc/arm-none-eabi/8.3.1/thumb/v6-m/nofp/libgcc.a(_dvmd_tls.o)
                0x0000000008004cf0                __aeabi_ldiv0
                0x0000000008004cf0                __aeabi_idiv0
 *(.rodata .rodata.* .constdata .constdata.*)
 .rodata._ZZ18__cxa_pure_virtualE8__func__
                0x0000000008004cf4       0x13 /tmp/cc6cCmGK.ltrans0.ltrans.o
 *fill*         0x0000000008004d07        0x1 
 .rodata.abort.str1.4
                0x0000000008004d08       0x14 /tmp/cc6cCmGK.ltrans0.ltrans.o
 .rodata.__assert_func.str1.4
                0x0000000008004d1c       0x3f /tmp/cc6cCmGK.ltrans0.ltrans.o
                                         0x43 (size before relaxing)
 *fill*         0x0000000008004d5b        0x1 
 .rodata._ZN8Keyboard8keyToIntENS_3KeyE
                0x0000000008004d5c       0x34 /tmp/cc6cCmGK.ltrans0.ltrans.o
 .rodata._ZN4Menu4pollEv
                0x0000000008004d90       0x20 /tmp/cc6cCmGK.ltrans0.ltrans.o
 .rodata._ZN4Menu9showEkranEv.str1.4
                0x0000000008004db0       0x8d /tmp/cc6cCmGK.ltrans0.ltrans.o
 *fill*         0x0000000008004e3d        0x3 
 .rodata._ZN4Menu9showEkranEv
                0x0000000008004e40       0x20 /tmp/cc6cCmGK.ltrans0.ltrans.o
 .rodata._ZTV5Praca
                0x0000000008004e60       0x10 /tmp/cc6cCmGK.ltrans0.ltrans.o
 .rodata._ZN4MenuC2Ev.str1.4
                0x0000000008004e70       0x4d /tmp/cc6cCmGK.ltrans0.ltrans.o
 *fill*         0x0000000008004ebd        0x3 
 .rodata.main.str1.4
                0x0000000008004ec0        0xc /tmp/cc6cCmGK.ltrans0.ltrans.o
                                          0xb (size before relaxing)
 .rodata._ZTV5Knife
                0x0000000008004ecc       0x10 /tmp/cc6cCmGK.ltrans0.ltrans.o
 .rodata._ZTVN3HMI12NumberEditorE
                0x0000000008004edc       0x1c /tmp/cc6cCmGK.ltrans0.ltrans.o
 .rodata._ZTVN3HMI11NumberFieldE
                0x0000000008004ef8       0x1c /tmp/cc6cCmGK.ltrans0.ltrans.o
 .rodata._ZTV11FrameBuffer
                0x0000000008004f14       0x20 /tmp/cc6cCmGK.ltrans0.ltrans.o
 .rodata._ZTV17FrameBufferAccess
                0x0000000008004f34       0x24 /tmp/cc6cCmGK.ltrans0.ltrans.o
 .rodata.__utoa.str1.1
                0x0000000008004f58       0x25 /home/opt/arm-toolchains/gcc-arm-none-eabi-8-2019-q3-update/bin/../lib/gcc/arm-none-eabi/8.3.1/../../../../arm-none-eabi/lib/thumb/v6-m/nofp/libg_nano.a(lib_a-utoa.o)
 *(vtable)
 *(.eh_frame*)
 *(.glue_7)
 .glue_7        0x0000000008004f7d        0x0 linker stubs
 *(.glue_7t)
 .glue_7t       0x0000000008004f7d        0x0 linker stubs

.vfp11_veneer   0x0000000008004f80        0x0
 .vfp11_veneer  0x0000000008004f80        0x0 linker stubs

.v4_bx          0x0000000008004f80        0x0
 .v4_bx         0x0000000008004f80        0x0 linker stubs

.iplt           0x0000000008004f80        0x0
 .iplt          0x0000000008004f80        0x0 /home/opt/arm-toolchains/gcc-arm-none-eabi-8-2019-q3-update/bin/../lib/gcc/arm-none-eabi/8.3.1/../../../../arm-none-eabi/lib/thumb/v6-m/nofp/libstdc++_nano.a(del_ops.o)

.rel.dyn        0x0000000008004f80        0x0
 .rel.iplt      0x0000000008004f80        0x0 /home/opt/arm-toolchains/gcc-arm-none-eabi-8-2019-q3-update/bin/../lib/gcc/arm-none-eabi/8.3.1/../../../../arm-none-eabi/lib/thumb/v6-m/nofp/libstdc++_nano.a(del_ops.o)

.ARM.extab
 *(.ARM.extab* .gnu.linkonce.armextab.*)
                0x0000000008004f80                . = ALIGN (0x4)
                0x0000000008004f80                __exidx_start = .

.ARM.exidx
 *(.ARM.exidx* .gnu.linkonce.armexidx.*)
                0x0000000008004f80                __exidx_end = .
                0x0000000008004f80                . = ALIGN (0x4)
                0x0000000008004f80                _etext = .
                0x0000000008004f80                __etext = .

.data_CCMRAM    0x0000000000000000        0x0 load address 0x0000000008004f80
 FILL mask 0xff
 *(.data.CCMRAM .data.CCMRAM.*)
                0x0000000000000000                . = ALIGN (0x4)
                0x0000000008004f80                _sidata = LOADADDR (.data)

.data           0x0000000020000000       0x9c load address 0x0000000008004f80
 FILL mask 0xff
                0x0000000020000000                _sdata = .
                0x0000000020000000                __data_start__ = .
 *(.data_begin .data_begin.*)
 .data_begin    0x0000000020000000        0x4 /tmp/cc6cCmGK.ltrans0.ltrans.o
 *(.data .data.*)
 .data.argv.4375
                0x0000000020000004        0x8 /tmp/cc6cCmGK.ltrans0.ltrans.o
 .data.SystemCoreClock
                0x000000002000000c        0x4 /tmp/cc6cCmGK.ltrans0.ltrans.o
 .data.AHBPrescTable
                0x0000000020000010       0x10 /tmp/cc6cCmGK.ltrans0.ltrans.o
 .data.pins     0x0000000020000020        0x4 /tmp/cc6cCmGK.ltrans0.ltrans.o
 .data.keys     0x0000000020000024        0x4 /tmp/cc6cCmGK.ltrans0.ltrans.o
 .data.krokowy  0x0000000020000028        0x4 /tmp/cc6cCmGK.ltrans0.ltrans.o
 .data.knife    0x000000002000002c        0x4 /tmp/cc6cCmGK.ltrans0.ltrans.o
 .data._ZN9QuickTask6holdedE
                0x0000000020000030        0x1 /tmp/cc6cCmGK.ltrans0.ltrans.o
 *fill*         0x0000000020000031        0x3 ff
 .data._impure_ptr
                0x0000000020000034        0x4 /home/opt/arm-toolchains/gcc-arm-none-eabi-8-2019-q3-update/bin/../lib/gcc/arm-none-eabi/8.3.1/../../../../arm-none-eabi/lib/thumb/v6-m/nofp/libg_nano.a(lib_a-impure.o)
                0x0000000020000034                _impure_ptr
 .data.impure_data
                0x0000000020000038       0x60 /home/opt/arm-toolchains/gcc-arm-none-eabi-8-2019-q3-update/bin/../lib/gcc/arm-none-eabi/8.3.1/../../../../arm-none-eabi/lib/thumb/v6-m/nofp/libg_nano.a(lib_a-impure.o)
 *(.data_end .data_end.*)
 .data_end      0x0000000020000098        0x4 /tmp/cc6cCmGK.ltrans0.ltrans.o
                0x000000002000009c                . = ALIGN (0x4)
                0x000000002000009c                _edata = .
                0x000000002000009c                __data_end__ = .

.igot.plt       0x000000002000009c        0x0 load address 0x000000000800501c
 .igot.plt      0x000000002000009c        0x0 /home/opt/arm-toolchains/gcc-arm-none-eabi-8-2019-q3-update/bin/../lib/gcc/arm-none-eabi/8.3.1/../../../../arm-none-eabi/lib/thumb/v6-m/nofp/libstdc++_nano.a(del_ops.o)

.bss_CCMRAM     0x0000000000000000        0x0
 *(.bss.CCMRAM .bss.CCMRAM.*)

.bss            0x000000002000009c      0x338
                0x000000002000009c                __bss_start__ = .
                0x000000002000009c                _sbss = .
 *(.bss_begin .bss_begin.*)
 .bss_begin     0x000000002000009c        0x4 /tmp/cc6cCmGK.ltrans0.ltrans.o
 *(.bss .bss.*)
 .bss.name.4374
                0x00000000200000a0        0x1 /tmp/cc6cCmGK.ltrans0.ltrans.o
 *fill*         0x00000000200000a1        0x3 
 .bss.krokowyTask
                0x00000000200000a4       0x14 /tmp/cc6cCmGK.ltrans0.ltrans.o
 .bss.praca     0x00000000200000b8       0x18 /tmp/cc6cCmGK.ltrans0.ltrans.o
 .bss.taskPraca
                0x00000000200000d0       0x14 /tmp/cc6cCmGK.ltrans0.ltrans.o
 .bss.pinout    0x00000000200000e4       0xd8 /tmp/cc6cCmGK.ltrans0.ltrans.o
 .bss.keyboard  0x00000000200001bc       0x34 /tmp/cc6cCmGK.ltrans0.ltrans.o
 .bss.hd44780   0x00000000200001f0        0x4 /tmp/cc6cCmGK.ltrans0.ltrans.o
 .bss.lcd       0x00000000200001f4        0x4 /tmp/cc6cCmGK.ltrans0.ltrans.o
 .bss.krok      0x00000000200001f8       0x28 /tmp/cc6cCmGK.ltrans0.ltrans.o
 .bss.noz       0x0000000020000220       0x18 /tmp/cc6cCmGK.ltrans0.ltrans.o
 .bss.gpioP8    0x0000000020000238       0x20 /tmp/cc6cCmGK.ltrans0.ltrans.o
 .bss.keybTask  0x0000000020000258       0x14 /tmp/cc6cCmGK.ltrans0.ltrans.o
 .bss.menu      0x000000002000026c       0x58 /tmp/cc6cCmGK.ltrans0.ltrans.o
 .bss.menuTask  0x00000000200002c4       0x14 /tmp/cc6cCmGK.ltrans0.ltrans.o
 .bss._ZN3HMI12NumberEditor12staticBufferE
                0x00000000200002d8        0xc /tmp/cc6cCmGK.ltrans0.ltrans.o
 .bss.taskbase  0x00000000200002e4        0x4 /tmp/cc6cCmGK.ltrans0.ltrans.o
 .bss._ZN9QuickTask12milisCounterE
                0x00000000200002e8        0x4 /tmp/cc6cCmGK.ltrans0.ltrans.o
 .bss.VirtAddVarTab
                0x00000000200002ec       0x14 /tmp/cc6cCmGK.ltrans0.ltrans.o
 .bss.Vars      0x0000000020000300       0x14 /tmp/cc6cCmGK.ltrans0.ltrans.o
 .bss.instance  0x0000000020000314       0x20 /tmp/cc6cCmGK.ltrans0.ltrans.o
 .bss.hd44780Task
                0x0000000020000334       0x14 /tmp/cc6cCmGK.ltrans0.ltrans.o
 .bss.dataTab1  0x0000000020000348       0x21 /tmp/cc6cCmGK.ltrans0.ltrans.o
 *fill*         0x0000000020000369        0x3 
 .bss.frame_bufferAccess
                0x000000002000036c       0x1c /tmp/cc6cCmGK.ltrans0.ltrans.o
 .bss.dataTab2  0x0000000020000388       0x21 /tmp/cc6cCmGK.ltrans0.ltrans.o
 *fill*         0x00000000200003a9        0x3 
 .bss.dataFifo  0x00000000200003ac       0x10 /tmp/cc6cCmGK.ltrans0.ltrans.o
 .bss.DataVar   0x00000000200003bc        0x2 /tmp/cc6cCmGK.ltrans0.ltrans.o
 *fill*         0x00000000200003be        0x2 
 .bss.__malloc_free_list
                0x00000000200003c0        0x4 /home/opt/arm-toolchains/gcc-arm-none-eabi-8-2019-q3-update/bin/../lib/gcc/arm-none-eabi/8.3.1/../../../../arm-none-eabi/lib/thumb/v6-m/nofp/libg_nano.a(lib_a-nano-mallocr.o)
                0x00000000200003c0                __malloc_free_list
 *(COMMON)
 COMMON         0x00000000200003c4        0x9 /home/opt/arm-toolchains/gcc-arm-none-eabi-8-2019-q3-update/bin/../lib/gcc/arm-none-eabi/8.3.1/../../../../arm-none-eabi/lib/thumb/v6-m/nofp/libg_nano.a(lib_a-lock.o)
                0x00000000200003c4                __lock___atexit_recursive_mutex
                0x00000000200003c5                __lock___arc4random_mutex
                0x00000000200003c6                __lock___env_recursive_mutex
                0x00000000200003c7                __lock___sinit_recursive_mutex
                0x00000000200003c8                __lock___malloc_recursive_mutex
                0x00000000200003c9                __lock___at_quick_exit_mutex
                0x00000000200003ca                __lock___dd_hash_mutex
                0x00000000200003cb                __lock___tz_mutex
                0x00000000200003cc                __lock___sfp_recursive_mutex
 *(.bss_end .bss_end.*)
 *fill*         0x00000000200003cd        0x3 
 .bss_end       0x00000000200003d0        0x4 /tmp/cc6cCmGK.ltrans0.ltrans.o
                0x00000000200003d4                . = ALIGN (0x4)
                0x00000000200003d4                __bss_end__ = .
                0x00000000200003d4                _ebss = .

.noinit_CCMRAM
 *(.noinit.CCMRAM .noinit.CCMRAM.*)

.noinit         0x00000000200003d4        0x0
                0x00000000200003d4                _noinit = .
 *(.noinit .noinit.*)
                0x00000000200003d4                . = ALIGN (0x4)
                0x00000000200003d4                _end_noinit = .
                [!provide]                        PROVIDE (end = _end_noinit)
                [!provide]                        PROVIDE (_end = _end_noinit)
                [!provide]                        PROVIDE (__end = _end_noinit)
                [!provide]                        PROVIDE (__end__ = _end_noinit)

._check_stack   0x00000000200003d4      0x100
                0x00000000200004d4                . = (. + _Minimum_Stack_Size)
 *fill*         0x00000000200003d4      0x100 

.b1text
 *(.b1text)
 *(.b1rodata)
 *(.b1rodata.*)

.eb0text
 *(.eb0text)
 *(.eb0rodata)
 *(.eb0rodata.*)

.eb1text
 *(.eb1text)
 *(.eb1rodata)
 *(.eb1rodata.*)

.eb2text
 *(.eb2text)
 *(.eb2rodata)
 *(.eb2rodata.*)

.eb3text
 *(.eb3text)
 *(.eb3rodata)
 *(.eb3rodata.*)

.stab
 *(.stab)

.stabstr
 *(.stabstr)

.stab.excl
 *(.stab.excl)

.stab.exclstr
 *(.stab.exclstr)

.stab.index
 *(.stab.index)

.stab.indexstr
 *(.stab.indexstr)

.comment        0x0000000000000000       0x76
 *(.comment)
 .comment       0x0000000000000000       0x76 /tmp/cc6cCmGK.ltrans0.ltrans.o
                                         0x77 (size before relaxing)

.ARM.attributes
                0x0000000000000000       0x2a
 .ARM.attributes
                0x0000000000000000       0x2a /tmp/cc6cCmGK.ltrans0.ltrans.o
 .ARM.attributes
                0x000000000000002a       0x2c /home/opt/arm-toolchains/gcc-arm-none-eabi-8-2019-q3-update/bin/../lib/gcc/arm-none-eabi/8.3.1/../../../../arm-none-eabi/lib/thumb/v6-m/nofp/libstdc++_nano.a(del_ops.o)
 .ARM.attributes
                0x0000000000000056       0x2c /home/opt/arm-toolchains/gcc-arm-none-eabi-8-2019-q3-update/bin/../lib/gcc/arm-none-eabi/8.3.1/../../../../arm-none-eabi/lib/thumb/v6-m/nofp/libstdc++_nano.a(del_op.o)
 .ARM.attributes
                0x0000000000000082       0x2c /home/opt/arm-toolchains/gcc-arm-none-eabi-8-2019-q3-update/bin/../lib/gcc/arm-none-eabi/8.3.1/../../../../arm-none-eabi/lib/thumb/v6-m/nofp/libg_nano.a(lib_a-impure.o)
 .ARM.attributes
                0x00000000000000ae       0x2c /home/opt/arm-toolchains/gcc-arm-none-eabi-8-2019-q3-update/bin/../lib/gcc/arm-none-eabi/8.3.1/../../../../arm-none-eabi/lib/thumb/v6-m/nofp/libg_nano.a(lib_a-itoa.o)
 .ARM.attributes
                0x00000000000000da       0x2c /home/opt/arm-toolchains/gcc-arm-none-eabi-8-2019-q3-update/bin/../lib/gcc/arm-none-eabi/8.3.1/../../../../arm-none-eabi/lib/thumb/v6-m/nofp/libg_nano.a(lib_a-malloc.o)
 .ARM.attributes
                0x0000000000000106       0x2c /home/opt/arm-toolchains/gcc-arm-none-eabi-8-2019-q3-update/bin/../lib/gcc/arm-none-eabi/8.3.1/../../../../arm-none-eabi/lib/thumb/v6-m/nofp/libg_nano.a(lib_a-nano-freer.o)
 .ARM.attributes
                0x0000000000000132       0x2c /home/opt/arm-toolchains/gcc-arm-none-eabi-8-2019-q3-update/bin/../lib/gcc/arm-none-eabi/8.3.1/../../../../arm-none-eabi/lib/thumb/v6-m/nofp/libg_nano.a(lib_a-nano-mallocr.o)
 .ARM.attributes
                0x000000000000015e       0x1c /home/opt/arm-toolchains/gcc-arm-none-eabi-8-2019-q3-update/bin/../lib/gcc/arm-none-eabi/8.3.1/../../../../arm-none-eabi/lib/thumb/v6-m/nofp/libg_nano.a(lib_a-strlen.o)
 .ARM.attributes
                0x000000000000017a       0x2c /home/opt/arm-toolchains/gcc-arm-none-eabi-8-2019-q3-update/bin/../lib/gcc/arm-none-eabi/8.3.1/../../../../arm-none-eabi/lib/thumb/v6-m/nofp/libg_nano.a(lib_a-utoa.o)
 .ARM.attributes
                0x00000000000001a6       0x2c /home/opt/arm-toolchains/gcc-arm-none-eabi-8-2019-q3-update/bin/../lib/gcc/arm-none-eabi/8.3.1/../../../../arm-none-eabi/lib/thumb/v6-m/nofp/libg_nano.a(lib_a-memcpy-stub.o)
 .ARM.attributes
                0x00000000000001d2       0x2c /home/opt/arm-toolchains/gcc-arm-none-eabi-8-2019-q3-update/bin/../lib/gcc/arm-none-eabi/8.3.1/../../../../arm-none-eabi/lib/thumb/v6-m/nofp/libg_nano.a(lib_a-mlock.o)
 .ARM.attributes
                0x00000000000001fe       0x2c /home/opt/arm-toolchains/gcc-arm-none-eabi-8-2019-q3-update/bin/../lib/gcc/arm-none-eabi/8.3.1/../../../../arm-none-eabi/lib/thumb/v6-m/nofp/libg_nano.a(lib_a-lock.o)
 .ARM.attributes
                0x000000000000022a       0x2c /home/opt/arm-toolchains/gcc-arm-none-eabi-8-2019-q3-update/bin/../lib/gcc/arm-none-eabi/8.3.1/../../../../arm-none-eabi/lib/thumb/v6-m/nofp/libg_nano.a(lib_a-memset.o)
 .ARM.attributes
                0x0000000000000256       0x1e /home/opt/arm-toolchains/gcc-arm-none-eabi-8-2019-q3-update/bin/../lib/gcc/arm-none-eabi/8.3.1/thumb/v6-m/nofp/libgcc.a(_udivsi3.o)
 .ARM.attributes
                0x0000000000000274       0x1e /home/opt/arm-toolchains/gcc-arm-none-eabi-8-2019-q3-update/bin/../lib/gcc/arm-none-eabi/8.3.1/thumb/v6-m/nofp/libgcc.a(_dvmd_tls.o)

.debug
 *(.debug)

.line
 *(.line)

.debug_srcinfo
 *(.debug_srcinfo)

.debug_sfnames
 *(.debug_sfnames)

.debug_aranges  0x0000000000000000      0x908
 *(.debug_aranges)
 .debug_aranges
                0x0000000000000000      0x908 /tmp/cc6cCmGK.ltrans0.ltrans.o

.debug_pubnames
 *(.debug_pubnames)

.debug_info     0x0000000000000000    0x24e43
 *(.debug_info .gnu.linkonce.wi.*)
 .debug_info    0x0000000000000000    0x21cd8 /tmp/ccbQEu86debugobj
                0x0000000000000000                g_cxx.cpp.2765497b
                0x0000000000001057                g_exit.c.801bd576
                0x00000000000019fa                g_sbrk.c.8c5c7574
                0x000000000000238d                g_startup.c.b3cbb6ce
                0x00000000000025cc                g_syscalls.c.3ece47e2
                0x000000000000300f                assert.c.7365c628
                0x0000000000003a14                Trace.c.d4fcfe93
                0x0000000000003a35                trace_impl.c.9ff815f0
                0x0000000000003a56                g_initialize_hardware.c.be797707
                0x0000000000003af2                g_reset_hardware.c.d10696b9
                0x0000000000003c4a                exception_handlers.c.f378b47e
                0x000000000000469a                system_stm32f0xx.c.693c94a1
                0x0000000000004966                vectors_stm32f0xx.c.0ddc8e7a
                0x0000000000004a1c                Hardware.cpp.33889088
                0x0000000000005490                Knife.cpp.062374dd
                0x0000000000005517                Krokowy.cpp.b3394c33
                0x0000000000008948                Menu.cpp.66459258
                0x000000000000c924                Praca.cpp.91bc6f99
                0x000000000000feb6                View.cpp.0e33f782
                0x0000000000011496                g_write.c.00bec38f
                0x00000000000114b7                main.cpp.d0d4c809
                0x0000000000015efc                Fifo.cpp.cd103a85
                0x0000000000016792                FrameBuffer.cpp.0000e5ca
                0x0000000000018b8e                NumberEditor.cpp.b3d65719
                0x000000000001a854                NumberField.cpp.c7c43236
                0x000000000001ba21                QuickTask.cpp.0b7de6ce
                0x000000000001bead                VEprom.cpp.d8bf1111
                0x000000000001c23a                myUtils.c.e923ed30
                0x000000000001c4bc                FrameBufferAccess.cpp.0def465b
                0x000000000001da8a                HD44780.cpp.94cf7b75
                0x00000000000211f1                eeprom.c.b70126aa
                0x0000000000021540                stm32f0xx_flash.c.c1d47ba5
 .debug_info    0x0000000000021cd8     0x316b /tmp/cc6cCmGK.ltrans0.ltrans.o

.debug_abbrev   0x0000000000000000     0x58a0
 *(.debug_abbrev)
 .debug_abbrev  0x0000000000000000     0x56ff /tmp/ccbQEu86debugobj
 .debug_abbrev  0x00000000000056ff      0x1a1 /tmp/cc6cCmGK.ltrans0.ltrans.o

.debug_line     0x0000000000000000     0xa81c
 *(.debug_line)
 .debug_line    0x0000000000000000     0x721f /tmp/ccbQEu86debugobj
 .debug_line    0x000000000000721f     0x35fd /tmp/cc6cCmGK.ltrans0.ltrans.o

.debug_frame    0x0000000000000000     0x2690
 *(.debug_frame)
 .debug_frame   0x0000000000000000     0x23c4 /tmp/cc6cCmGK.ltrans0.ltrans.o
 .debug_frame   0x00000000000023c4       0x28 /home/opt/arm-toolchains/gcc-arm-none-eabi-8-2019-q3-update/bin/../lib/gcc/arm-none-eabi/8.3.1/../../../../arm-none-eabi/lib/thumb/v6-m/nofp/libstdc++_nano.a(del_ops.o)
 .debug_frame   0x00000000000023ec       0x28 /home/opt/arm-toolchains/gcc-arm-none-eabi-8-2019-q3-update/bin/../lib/gcc/arm-none-eabi/8.3.1/../../../../arm-none-eabi/lib/thumb/v6-m/nofp/libstdc++_nano.a(del_op.o)
 .debug_frame   0x0000000000002414       0x40 /home/opt/arm-toolchains/gcc-arm-none-eabi-8-2019-q3-update/bin/../lib/gcc/arm-none-eabi/8.3.1/../../../../arm-none-eabi/lib/thumb/v6-m/nofp/libg_nano.a(lib_a-itoa.o)
 .debug_frame   0x0000000000002454       0x40 /home/opt/arm-toolchains/gcc-arm-none-eabi-8-2019-q3-update/bin/../lib/gcc/arm-none-eabi/8.3.1/../../../../arm-none-eabi/lib/thumb/v6-m/nofp/libg_nano.a(lib_a-malloc.o)
 .debug_frame   0x0000000000002494       0x2c /home/opt/arm-toolchains/gcc-arm-none-eabi-8-2019-q3-update/bin/../lib/gcc/arm-none-eabi/8.3.1/../../../../arm-none-eabi/lib/thumb/v6-m/nofp/libg_nano.a(lib_a-nano-freer.o)
 .debug_frame   0x00000000000024c0       0x30 /home/opt/arm-toolchains/gcc-arm-none-eabi-8-2019-q3-update/bin/../lib/gcc/arm-none-eabi/8.3.1/../../../../arm-none-eabi/lib/thumb/v6-m/nofp/libg_nano.a(lib_a-nano-mallocr.o)
 .debug_frame   0x00000000000024f0       0x48 /home/opt/arm-toolchains/gcc-arm-none-eabi-8-2019-q3-update/bin/../lib/gcc/arm-none-eabi/8.3.1/../../../../arm-none-eabi/lib/thumb/v6-m/nofp/libg_nano.a(lib_a-utoa.o)
 .debug_frame   0x0000000000002538       0x28 /home/opt/arm-toolchains/gcc-arm-none-eabi-8-2019-q3-update/bin/../lib/gcc/arm-none-eabi/8.3.1/../../../../arm-none-eabi/lib/thumb/v6-m/nofp/libg_nano.a(lib_a-memcpy-stub.o)
 .debug_frame   0x0000000000002560       0x40 /home/opt/arm-toolchains/gcc-arm-none-eabi-8-2019-q3-update/bin/../lib/gcc/arm-none-eabi/8.3.1/../../../../arm-none-eabi/lib/thumb/v6-m/nofp/libg_nano.a(lib_a-mlock.o)
 .debug_frame   0x00000000000025a0       0xb0 /home/opt/arm-toolchains/gcc-arm-none-eabi-8-2019-q3-update/bin/../lib/gcc/arm-none-eabi/8.3.1/../../../../arm-none-eabi/lib/thumb/v6-m/nofp/libg_nano.a(lib_a-lock.o)
 .debug_frame   0x0000000000002650       0x20 /home/opt/arm-toolchains/gcc-arm-none-eabi-8-2019-q3-update/bin/../lib/gcc/arm-none-eabi/8.3.1/../../../../arm-none-eabi/lib/thumb/v6-m/nofp/libg_nano.a(lib_a-memset.o)
 .debug_frame   0x0000000000002670       0x20 /home/opt/arm-toolchains/gcc-arm-none-eabi-8-2019-q3-update/bin/../lib/gcc/arm-none-eabi/8.3.1/thumb/v6-m/nofp/libgcc.a(_udivsi3.o)

.debug_str      0x0000000000000000    0x36cef
 *(.debug_str)
 .debug_str     0x0000000000000000    0x36baf /tmp/ccbQEu86debugobj
                                     0x36c629 (size before relaxing)
 .debug_str     0x0000000000036baf      0x140 /tmp/cc6cCmGK.ltrans0.ltrans.o
                                        0x172 (size before relaxing)

.debug_loc
 *(.debug_loc)

.debug_macinfo
 *(.debug_macinfo)

.debug_weaknames
 *(.debug_weaknames)

.debug_funcnames
 *(.debug_funcnames)

.debug_typenames
 *(.debug_typenames)

.debug_varnames
 *(.debug_varnames)
OUTPUT(gilot2019.elf elf32-littlearm)

.debug_macro    0x0000000000000000     0xf736
 .debug_macro   0x0000000000000000     0x2f92 /tmp/ccbQEu86debugobj
 .debug_macro   0x0000000000002f92      0xb44 /tmp/ccbQEu86debugobj
 .debug_macro   0x0000000000003ad6      0x16f /tmp/ccbQEu86debugobj
 .debug_macro   0x0000000000003c45       0x10 /tmp/ccbQEu86debugobj
 .debug_macro   0x0000000000003c55      0x3ed /tmp/ccbQEu86debugobj
 .debug_macro   0x0000000000004042       0x10 /tmp/ccbQEu86debugobj
 .debug_macro   0x0000000000004052       0x18 /tmp/ccbQEu86debugobj
 .debug_macro   0x000000000000406a       0x22 /tmp/ccbQEu86debugobj
 .debug_macro   0x000000000000408c       0x58 /tmp/ccbQEu86debugobj
 .debug_macro   0x00000000000040e4       0x94 /tmp/ccbQEu86debugobj
 .debug_macro   0x0000000000004178       0x35 /tmp/ccbQEu86debugobj
 .debug_macro   0x00000000000041ad       0x34 /tmp/ccbQEu86debugobj
 .debug_macro   0x00000000000041e1       0x16 /tmp/ccbQEu86debugobj
 .debug_macro   0x00000000000041f7      0x10e /tmp/ccbQEu86debugobj
 .debug_macro   0x0000000000004305       0x94 /tmp/ccbQEu86debugobj
 .debug_macro   0x0000000000004399       0x16 /tmp/ccbQEu86debugobj
 .debug_macro   0x00000000000043af       0x43 /tmp/ccbQEu86debugobj
 .debug_macro   0x00000000000043f2       0x57 /tmp/ccbQEu86debugobj
 .debug_macro   0x0000000000004449       0x34 /tmp/ccbQEu86debugobj
 .debug_macro   0x000000000000447d       0x10 /tmp/ccbQEu86debugobj
 .debug_macro   0x000000000000448d       0x58 /tmp/ccbQEu86debugobj
 .debug_macro   0x00000000000044e5      0x182 /tmp/ccbQEu86debugobj
 .debug_macro   0x0000000000004667      0x35c /tmp/ccbQEu86debugobj
 .debug_macro   0x00000000000049c3       0x16 /tmp/ccbQEu86debugobj
 .debug_macro   0x00000000000049d9       0x29 /tmp/ccbQEu86debugobj
 .debug_macro   0x0000000000004a02       0x1c /tmp/ccbQEu86debugobj
 .debug_macro   0x0000000000004a1e       0xde /tmp/ccbQEu86debugobj
 .debug_macro   0x0000000000004afc       0x10 /tmp/ccbQEu86debugobj
 .debug_macro   0x0000000000004b0c       0x6a /tmp/ccbQEu86debugobj
 .debug_macro   0x0000000000004b76       0x1c /tmp/ccbQEu86debugobj
 .debug_macro   0x0000000000004b92       0x52 /tmp/ccbQEu86debugobj
 .debug_macro   0x0000000000004be4       0x40 /tmp/ccbQEu86debugobj
 .debug_macro   0x0000000000004c24       0x10 /tmp/ccbQEu86debugobj
 .debug_macro   0x0000000000004c34       0x40 /tmp/ccbQEu86debugobj
 .debug_macro   0x0000000000004c74       0xd5 /tmp/ccbQEu86debugobj
 .debug_macro   0x0000000000004d49       0x1c /tmp/ccbQEu86debugobj
 .debug_macro   0x0000000000004d65       0x3d /tmp/ccbQEu86debugobj
 .debug_macro   0x0000000000004da2       0x16 /tmp/ccbQEu86debugobj
 .debug_macro   0x0000000000004db8       0x35 /tmp/ccbQEu86debugobj
 .debug_macro   0x0000000000004ded      0x51a /tmp/ccbQEu86debugobj
 .debug_macro   0x0000000000005307      0xa72 /tmp/ccbQEu86debugobj
 .debug_macro   0x0000000000005d79       0x34 /tmp/ccbQEu86debugobj
 .debug_macro   0x0000000000005dad      0x10e /tmp/ccbQEu86debugobj
 .debug_macro   0x0000000000005ebb       0x8d /tmp/ccbQEu86debugobj
 .debug_macro   0x0000000000005f48       0x43 /tmp/ccbQEu86debugobj
 .debug_macro   0x0000000000005f8b      0x339 /tmp/ccbQEu86debugobj
 .debug_macro   0x00000000000062c4       0x35 /tmp/ccbQEu86debugobj
 .debug_macro   0x00000000000062f9      0x174 /tmp/ccbQEu86debugobj
 .debug_macro   0x000000000000646d       0x10 /tmp/ccbQEu86debugobj
 .debug_macro   0x000000000000647d      0x23b /tmp/ccbQEu86debugobj
 .debug_macro   0x00000000000066b8      0x34e /tmp/ccbQEu86debugobj
 .debug_macro   0x0000000000006a06       0x1c /tmp/ccbQEu86debugobj
 .debug_macro   0x0000000000006a22       0x10 /tmp/ccbQEu86debugobj
 .debug_macro   0x0000000000006a32       0x10 /tmp/ccbQEu86debugobj
 .debug_macro   0x0000000000006a42       0x10 /tmp/ccbQEu86debugobj
 .debug_macro   0x0000000000006a52       0x35 /tmp/ccbQEu86debugobj
 .debug_macro   0x0000000000006a87      0x122 /tmp/ccbQEu86debugobj
 .debug_macro   0x0000000000006ba9       0x88 /tmp/ccbQEu86debugobj
 .debug_macro   0x0000000000006c31       0x7c /tmp/ccbQEu86debugobj
 .debug_macro   0x0000000000006cad       0x17 /tmp/ccbQEu86debugobj
 .debug_macro   0x0000000000006cc4      0x118 /tmp/ccbQEu86debugobj
 .debug_macro   0x0000000000006ddc      0x189 /tmp/ccbQEu86debugobj
 .debug_macro   0x0000000000006f65       0x16 /tmp/ccbQEu86debugobj
 .debug_macro   0x0000000000006f7b       0x1c /tmp/ccbQEu86debugobj
 .debug_macro   0x0000000000006f97       0x7a /tmp/ccbQEu86debugobj
 .debug_macro   0x0000000000007011       0x35 /tmp/ccbQEu86debugobj
 .debug_macro   0x0000000000007046       0x26 /tmp/ccbQEu86debugobj
 .debug_macro   0x000000000000706c      0x30d /tmp/ccbQEu86debugobj
 .debug_macro   0x0000000000007379     0x631c /tmp/ccbQEu86debugobj
 .debug_macro   0x000000000000d695       0x3b /tmp/ccbQEu86debugobj
 .debug_macro   0x000000000000d6d0       0x22 /tmp/ccbQEu86debugobj
 .debug_macro   0x000000000000d6f2       0x10 /tmp/ccbQEu86debugobj
 .debug_macro   0x000000000000d702       0xcf /tmp/ccbQEu86debugobj
 .debug_macro   0x000000000000d7d1       0x20 /tmp/ccbQEu86debugobj
 .debug_macro   0x000000000000d7f1       0xbe /tmp/ccbQEu86debugobj
 .debug_macro   0x000000000000d8af       0x10 /tmp/ccbQEu86debugobj
 .debug_macro   0x000000000000d8bf      0x30d /tmp/ccbQEu86debugobj
 .debug_macro   0x000000000000dbcc      0x103 /tmp/ccbQEu86debugobj
 .debug_macro   0x000000000000dccf       0x3a /tmp/ccbQEu86debugobj
 .debug_macro   0x000000000000dd09       0x82 /tmp/ccbQEu86debugobj
 .debug_macro   0x000000000000dd8b      0x3e5 /tmp/ccbQEu86debugobj
 .debug_macro   0x000000000000e170       0x46 /tmp/ccbQEu86debugobj
 .debug_macro   0x000000000000e1b6       0x1c /tmp/ccbQEu86debugobj
 .debug_macro   0x000000000000e1d2       0x97 /tmp/ccbQEu86debugobj
 .debug_macro   0x000000000000e269       0x10 /tmp/ccbQEu86debugobj
 .debug_macro   0x000000000000e279       0x16 /tmp/ccbQEu86debugobj
 .debug_macro   0x000000000000e28f      0x137 /tmp/ccbQEu86debugobj
 .debug_macro   0x000000000000e3c6       0x16 /tmp/ccbQEu86debugobj
 .debug_macro   0x000000000000e3dc       0x16 /tmp/ccbQEu86debugobj
 .debug_macro   0x000000000000e3f2      0x23d /tmp/ccbQEu86debugobj
 .debug_macro   0x000000000000e62f       0x64 /tmp/ccbQEu86debugobj
 .debug_macro   0x000000000000e693       0x16 /tmp/ccbQEu86debugobj
 .debug_macro   0x000000000000e6a9       0x8e /tmp/ccbQEu86debugobj
 .debug_macro   0x000000000000e737      0x10b /tmp/ccbQEu86debugobj
 .debug_macro   0x000000000000e842       0x1c /tmp/ccbQEu86debugobj
 .debug_macro   0x000000000000e85e       0x52 /tmp/ccbQEu86debugobj
 .debug_macro   0x000000000000e8b0       0x9e /tmp/ccbQEu86debugobj
 .debug_macro   0x000000000000e94e       0xc5 /tmp/ccbQEu86debugobj
 .debug_macro   0x000000000000ea13       0x16 /tmp/ccbQEu86debugobj
 .debug_macro   0x000000000000ea29      0x122 /tmp/ccbQEu86debugobj
 .debug_macro   0x000000000000eb4b      0x432 /tmp/ccbQEu86debugobj
 .debug_macro   0x000000000000ef7d      0x17b /tmp/ccbQEu86debugobj
 .debug_macro   0x000000000000f0f8      0x3e5 /tmp/ccbQEu86debugobj
 .debug_macro   0x000000000000f4dd       0x22 /tmp/ccbQEu86debugobj
 .debug_macro   0x000000000000f4ff      0x237 /tmp/ccbQEu86debugobj

.debug_ranges   0x0000000000000000      0x910
 .debug_ranges  0x0000000000000000      0x910 /tmp/cc6cCmGK.ltrans0.ltrans.o
